Archive member included to satisfy reference by file (symbol)

/opt/intelFPGA/18.1/nios2eds/bin/gnu/H-x86_64-pc-linux-gnu/bin/../lib/gcc/nios2-elf/5.3.0/../../../../../H-x86_64-pc-linux-gnu/nios2-elf/lib/libc.a(lib_a-printf.o)
                              obj/default/src/interrupts_measurment.o (printf)
/opt/intelFPGA/18.1/nios2eds/bin/gnu/H-x86_64-pc-linux-gnu/bin/../lib/gcc/nios2-elf/5.3.0/../../../../../H-x86_64-pc-linux-gnu/nios2-elf/lib/libc.a(lib_a-puts.o)
                              obj/default/src/main.o (puts)
/opt/intelFPGA/18.1/nios2eds/bin/gnu/H-x86_64-pc-linux-gnu/bin/../lib/gcc/nios2-elf/5.3.0/../../../../../H-x86_64-pc-linux-gnu/nios2-elf/lib/libc.a(lib_a-strlen.o)
                              /opt/intelFPGA/18.1/nios2eds/bin/gnu/H-x86_64-pc-linux-gnu/bin/../lib/gcc/nios2-elf/5.3.0/../../../../../H-x86_64-pc-linux-gnu/nios2-elf/lib/libc.a(lib_a-puts.o) (strlen)
/opt/intelFPGA/18.1/nios2eds/bin/gnu/H-x86_64-pc-linux-gnu/bin/../lib/gcc/nios2-elf/5.3.0/../../../../../H-x86_64-pc-linux-gnu/nios2-elf/lib/libc.a(lib_a-vfprintf.o)
                              /opt/intelFPGA/18.1/nios2eds/bin/gnu/H-x86_64-pc-linux-gnu/bin/../lib/gcc/nios2-elf/5.3.0/../../../../../H-x86_64-pc-linux-gnu/nios2-elf/lib/libc.a(lib_a-printf.o) (___vfprintf_internal_r)
/opt/intelFPGA/18.1/nios2eds/bin/gnu/H-x86_64-pc-linux-gnu/bin/../lib/gcc/nios2-elf/5.3.0/../../../../../H-x86_64-pc-linux-gnu/nios2-elf/lib/libc.a(lib_a-wsetup.o)
                              /opt/intelFPGA/18.1/nios2eds/bin/gnu/H-x86_64-pc-linux-gnu/bin/../lib/gcc/nios2-elf/5.3.0/../../../../../H-x86_64-pc-linux-gnu/nios2-elf/lib/libc.a(lib_a-vfprintf.o) (__swsetup_r)
/opt/intelFPGA/18.1/nios2eds/bin/gnu/H-x86_64-pc-linux-gnu/bin/../lib/gcc/nios2-elf/5.3.0/../../../../../H-x86_64-pc-linux-gnu/nios2-elf/lib/libc.a(lib_a-dtoa.o)
                              /opt/intelFPGA/18.1/nios2eds/bin/gnu/H-x86_64-pc-linux-gnu/bin/../lib/gcc/nios2-elf/5.3.0/../../../../../H-x86_64-pc-linux-gnu/nios2-elf/lib/libc.a(lib_a-vfprintf.o) (_dtoa_r)
/opt/intelFPGA/18.1/nios2eds/bin/gnu/H-x86_64-pc-linux-gnu/bin/../lib/gcc/nios2-elf/5.3.0/../../../../../H-x86_64-pc-linux-gnu/nios2-elf/lib/libc.a(lib_a-fflush.o)
                              /opt/intelFPGA/18.1/nios2eds/bin/gnu/H-x86_64-pc-linux-gnu/bin/../lib/gcc/nios2-elf/5.3.0/../../../../../H-x86_64-pc-linux-gnu/nios2-elf/lib/libc.a(lib_a-vfprintf.o) (_fflush_r)
/opt/intelFPGA/18.1/nios2eds/bin/gnu/H-x86_64-pc-linux-gnu/bin/../lib/gcc/nios2-elf/5.3.0/../../../../../H-x86_64-pc-linux-gnu/nios2-elf/lib/libc.a(lib_a-findfp.o)
                              /opt/intelFPGA/18.1/nios2eds/bin/gnu/H-x86_64-pc-linux-gnu/bin/../lib/gcc/nios2-elf/5.3.0/../../../../../H-x86_64-pc-linux-gnu/nios2-elf/lib/libc.a(lib_a-puts.o) (__sinit)
/opt/intelFPGA/18.1/nios2eds/bin/gnu/H-x86_64-pc-linux-gnu/bin/../lib/gcc/nios2-elf/5.3.0/../../../../../H-x86_64-pc-linux-gnu/nios2-elf/lib/libc.a(lib_a-freer.o)
                              /opt/intelFPGA/18.1/nios2eds/bin/gnu/H-x86_64-pc-linux-gnu/bin/../lib/gcc/nios2-elf/5.3.0/../../../../../H-x86_64-pc-linux-gnu/nios2-elf/lib/libc.a(lib_a-wsetup.o) (_free_r)
/opt/intelFPGA/18.1/nios2eds/bin/gnu/H-x86_64-pc-linux-gnu/bin/../lib/gcc/nios2-elf/5.3.0/../../../../../H-x86_64-pc-linux-gnu/nios2-elf/lib/libc.a(lib_a-fvwrite.o)
                              /opt/intelFPGA/18.1/nios2eds/bin/gnu/H-x86_64-pc-linux-gnu/bin/../lib/gcc/nios2-elf/5.3.0/../../../../../H-x86_64-pc-linux-gnu/nios2-elf/lib/libc.a(lib_a-puts.o) (__sfvwrite_r)
/opt/intelFPGA/18.1/nios2eds/bin/gnu/H-x86_64-pc-linux-gnu/bin/../lib/gcc/nios2-elf/5.3.0/../../../../../H-x86_64-pc-linux-gnu/nios2-elf/lib/libc.a(lib_a-fwalk.o)
                              /opt/intelFPGA/18.1/nios2eds/bin/gnu/H-x86_64-pc-linux-gnu/bin/../lib/gcc/nios2-elf/5.3.0/../../../../../H-x86_64-pc-linux-gnu/nios2-elf/lib/libc.a(lib_a-findfp.o) (_fwalk)
/opt/intelFPGA/18.1/nios2eds/bin/gnu/H-x86_64-pc-linux-gnu/bin/../lib/gcc/nios2-elf/5.3.0/../../../../../H-x86_64-pc-linux-gnu/nios2-elf/lib/libc.a(lib_a-impure.o)
                              /opt/intelFPGA/18.1/nios2eds/bin/gnu/H-x86_64-pc-linux-gnu/bin/../lib/gcc/nios2-elf/5.3.0/../../../../../H-x86_64-pc-linux-gnu/nios2-elf/lib/libc.a(lib_a-fflush.o) (_global_impure_ptr)
/opt/intelFPGA/18.1/nios2eds/bin/gnu/H-x86_64-pc-linux-gnu/bin/../lib/gcc/nios2-elf/5.3.0/../../../../../H-x86_64-pc-linux-gnu/nios2-elf/lib/libc.a(lib_a-locale.o)
                              /opt/intelFPGA/18.1/nios2eds/bin/gnu/H-x86_64-pc-linux-gnu/bin/../lib/gcc/nios2-elf/5.3.0/../../../../../H-x86_64-pc-linux-gnu/nios2-elf/lib/libc.a(lib_a-vfprintf.o) (_localeconv_r)
/opt/intelFPGA/18.1/nios2eds/bin/gnu/H-x86_64-pc-linux-gnu/bin/../lib/gcc/nios2-elf/5.3.0/../../../../../H-x86_64-pc-linux-gnu/nios2-elf/lib/libc.a(lib_a-makebuf.o)
                              /opt/intelFPGA/18.1/nios2eds/bin/gnu/H-x86_64-pc-linux-gnu/bin/../lib/gcc/nios2-elf/5.3.0/../../../../../H-x86_64-pc-linux-gnu/nios2-elf/lib/libc.a(lib_a-wsetup.o) (__smakebuf_r)
[...]
Memory Configuration

Name             Origin             Length             Attributes
reset            0x0000000004000000 0x0000000000000020
sdram_controller_0 0x0000000004000020 0x0000000003ffffe0
*default*        0x0000000000000000 0xffffffffffffffff

Linker script and memory map

LOAD /home/vm/CyclonV_RTES_dev/counter_parallel_port/sw/nios/DE1_SoC_nios_sw_bsp//obj/HAL/src/crt0.o
LOAD obj/default/src/counter.o
LOAD obj/default/src/interrupts_measurment.o
LOAD obj/default/src/leds_service.o
LOAD obj/default/src/main.o
LOAD obj/default/src/parallel_port_test.o
LOAD /opt/intelFPGA/18.1/nios2eds/bin/gnu/H-x86_64-pc-linux-gnu/bin/../lib/gcc/nios2-elf/5.3.0/../../../../../H-x86_64-pc-linux-gnu/nios2-elf/lib/libstdc++.a
LOAD /opt/intelFPGA/18.1/nios2eds/bin/gnu/H-x86_64-pc-linux-gnu/bin/../lib/gcc/nios2-elf/5.3.0/../../../../../H-x86_64-pc-linux-gnu/nios2-elf/lib/libm.a
LOAD /opt/intelFPGA/18.1/nios2eds/bin/gnu/H-x86_64-pc-linux-gnu/bin/../lib/gcc/nios2-elf/5.3.0/libgcc.a
START GROUP
LOAD /opt/intelFPGA/18.1/nios2eds/bin/gnu/H-x86_64-pc-linux-gnu/bin/../lib/gcc/nios2-elf/5.3.0/../../../../../H-x86_64-pc-linux-gnu/nios2-elf/lib/libc.a
LOAD /opt/intelFPGA/18.1/nios2eds/bin/gnu/H-x86_64-pc-linux-gnu/bin/../lib/gcc/nios2-elf/5.3.0/libgcc.a
LOAD /home/vm/CyclonV_RTES_dev/counter_parallel_port/sw/nios/DE1_SoC_nios_sw_bsp//libhal_bsp.a
LOAD /opt/intelFPGA/18.1/nios2eds/bin/gnu/H-x86_64-pc-linux-gnu/bin/../lib/gcc/nios2-elf/5.3.0/../../../../../H-x86_64-pc-linux-gnu/nios2-elf/lib/libm.a
END GROUP
LOAD /opt/intelFPGA/18.1/nios2eds/bin/gnu/H-x86_64-pc-linux-gnu/bin/../lib/gcc/nios2-elf/5.3.0/libgcc.a
                0x0000000004000000                __alt_mem_sdram_controller_0 = 0x4000000

.entry          0x0000000004000000       0x20
 *(.entry)
 .entry         0x0000000004000000       0x20 /home/vm/CyclonV_RTES_dev/counter_parallel_port/sw/nios/DE1_SoC_nios_sw_bsp//obj/HAL/src/crt0.o
                0x0000000004000000                __reset

.exceptions     0x0000000004000020      0x224
                0x0000000004000020                PROVIDE (__ram_exceptions_start, ABSOLUTE (.))
                0x0000000004000020                . = ALIGN (0x20)
 *(.irq)
 *(.exceptions.entry.label)
 .exceptions.entry.label
                0x0000000004000020        0x0 /home/vm/CyclonV_RTES_dev/counter_parallel_port/sw/nios/DE1_SoC_nios_sw_bsp//libhal_bsp.a(alt_irq_entry.o)
                0x0000000004000020                alt_irq_entry
 .exceptions.entry.label
                0x0000000004000020        0x0 /home/vm/CyclonV_RTES_dev/counter_parallel_port/sw/nios/DE1_SoC_nios_sw_bsp//libhal_bsp.a(alt_exception_entry.o)
                0x0000000004000020                alt_exception
 *(.exceptions.entry.user)
 *(.exceptions.entry.ecc_fatal)
 *(.exceptions.entry)
 .exceptions.entry
                0x0000000004000020       0x54 /home/vm/CyclonV_RTES_dev/counter_parallel_port/sw/nios/DE1_SoC_nios_sw_bsp//libhal_bsp.a(alt_exception_entry.o)
 *(.exceptions.irqtest.user)
 *(.exceptions.irqtest)
 .exceptions.irqtest
                0x0000000004000074       0x10 /home/vm/CyclonV_RTES_dev/counter_parallel_port/sw/nios/DE1_SoC_nios_sw_bsp//libhal_bsp.a(alt_irq_entry.o)
 *(.exceptions.irqhandler.user)
 *(.exceptions.irqhandler)
 .exceptions.irqhandler
                0x0000000004000084        0x4 /home/vm/CyclonV_RTES_dev/counter_parallel_port/sw/nios/DE1_SoC_nios_sw_bsp//libhal_bsp.a(alt_irq_entry.o)
 *(.exceptions.irqreturn.user)
 *(.exceptions.irqreturn)
 .exceptions.irqreturn
                0x0000000004000088        0x4 /home/vm/CyclonV_RTES_dev/counter_parallel_port/sw/nios/DE1_SoC_nios_sw_bsp//libhal_bsp.a(alt_irq_entry.o)
 *(.exceptions.notirq.label)
 .exceptions.notirq.label
                0x000000000400008c        0x0 /home/vm/CyclonV_RTES_dev/counter_parallel_port/sw/nios/DE1_SoC_nios_sw_bsp//libhal_bsp.a(alt_irq_entry.o)
 *(.exceptions.notirq.user)
 *(.exceptions.notirq)
 .exceptions.notirq
                0x000000000400008c        0x8 /home/vm/CyclonV_RTES_dev/counter_parallel_port/sw/nios/DE1_SoC_nios_sw_bsp//libhal_bsp.a(alt_exception_entry.o)
 *(.exceptions.soft.user)
 *(.exceptions.soft)
 *(.exceptions.unknown.user)
 *(.exceptions.unknown)
 .exceptions.unknown
                0x0000000004000094       0x14 /home/vm/CyclonV_RTES_dev/counter_parallel_port/sw/nios/DE1_SoC_nios_sw_bsp//libhal_bsp.a(alt_exception_entry.o)
 *(.exceptions.exit.label)
 .exceptions.exit.label
                0x00000000040000a8        0x0 /home/vm/CyclonV_RTES_dev/counter_parallel_port/sw/nios/DE1_SoC_nios_sw_bsp//libhal_bsp.a(alt_irq_entry.o)
 .exceptions.exit.label
                0x00000000040000a8        0x0 /home/vm/CyclonV_RTES_dev/counter_parallel_port/sw/nios/DE1_SoC_nios_sw_bsp//libhal_bsp.a(alt_exception_entry.o)
 *(.exceptions.exit.user)
 *(.exceptions.exit)
 .exceptions.exit
                0x00000000040000a8       0x54 /home/vm/CyclonV_RTES_dev/counter_parallel_port/sw/nios/DE1_SoC_nios_sw_bsp//libhal_bsp.a(alt_exception_entry.o)
 *(.exceptions)
 .exceptions    0x00000000040000fc       0xd4 /home/vm/CyclonV_RTES_dev/counter_parallel_port/sw/nios/DE1_SoC_nios_sw_bsp//libhal_bsp.a(alt_irq_handler.o)
                0x00000000040000fc                alt_irq_handler
 .exceptions    0x00000000040001d0       0x74 /home/vm/CyclonV_RTES_dev/counter_parallel_port/sw/nios/DE1_SoC_nios_sw_bsp//libhal_bsp.a(alt_instruction_exception_entry.o)
                0x00000000040001d0                alt_instruction_exception_entry
                0x0000000004000244                PROVIDE (__ram_exceptions_end, ABSOLUTE (.))
                0x0000000004000020                PROVIDE (__flash_exceptions_start, LOADADDR (.exceptions))

.text           0x0000000004000244     0xfd38
                [!provide]                        PROVIDE (stext, ABSOLUTE (.))
 *(.interp)
 *(.hash)
 *(.dynsym)
 *(.dynstr)
 *(.gnu.version)
 *(.gnu.version_d)
 *(.gnu.version_r)
 *(.rel.init)
 *(.rela.init)
 *(.rel.text .rel.text.* .rel.gnu.linkonce.t.*)
 *(.rela.text .rela.text.* .rela.gnu.linkonce.t.*)
 *(.rel.fini)
 *(.rela.fini)
 *(.rel.rodata .rel.rodata.* .rel.gnu.linkonce.r.*)
 *(.rela.rodata .rela.rodata.* .rela.gnu.linkonce.r.*)
 *(.rel.data .rel.data.* .rel.gnu.linkonce.d.*)
 *(.rela.data .rela.data.* .rela.gnu.linkonce.d.*)
 *(.rel.tdata .rel.tdata.* .rel.gnu.linkonce.td.*)
 *(.rela.tdata .rela.tdata.* .rela.gnu.linkonce.td.*)
 *(.rel.tbss .rel.tbss.* .rel.gnu.linkonce.tb.*)
 *(.rela.tbss .rela.tbss.* .rela.gnu.linkonce.tb.*)
 *(.rel.ctors)
 *(.rela.ctors)
 *(.rel.dtors)
 *(.rela.dtors)
 *(.rel.got)
 *(.rela.got)
 *(.rel.sdata .rel.sdata.* .rel.gnu.linkonce.s.*)
 *(.rela.sdata .rela.sdata.* .rela.gnu.linkonce.s.*)
 *(.rel.sbss .rel.sbss.* .rel.gnu.linkonce.sb.*)
 *(.rela.sbss .rela.sbss.* .rela.gnu.linkonce.sb.*)
 *(.rel.sdata2 .rel.sdata2.* .rel.gnu.linkonce.s2.*)
 *(.rela.sdata2 .rela.sdata2.* .rela.gnu.linkonce.s2.*)
 *(.rel.sbss2 .rel.sbss2.* .rel.gnu.linkonce.sb2.*)
 *(.rela.sbss2 .rela.sbss2.* .rela.gnu.linkonce.sb2.*)
 *(.rel.bss .rel.bss.* .rel.gnu.linkonce.b.*)
 *(.rela.bss .rela.bss.* .rela.gnu.linkonce.b.*)
 *(.rel.plt)
 *(.rela.plt)
 *(.rel.dyn)
 *(.init)
 *(.plt)
 *(.text .stub .text.* .gnu.linkonce.t.*)
 .text          0x0000000004000244       0x4c /home/vm/CyclonV_RTES_dev/counter_parallel_port/sw/nios/DE1_SoC_nios_sw_bsp//obj/HAL/src/crt0.o
                0x0000000004000244                _start
 .text          0x0000000004000290      0x120 obj/default/src/counter.o
                0x0000000004000290                test_counter
 .text          0x00000000040003b0      0x520 obj/default/src/interrupts_measurment.o
                0x00000000040004f4                setup_response_timer
                0x000000000400059c                setup_recovery_timer
                0x0000000004000650                measure_response_time
                0x00000000040006b0                measure_recovery_time
                0x0000000004000738                measure_response_time_par_port
 .text          0x00000000040008d0       0x94 obj/default/src/leds_service.o
                0x00000000040008d0                setup_leds
                0x0000000004000900                handle_leds
 .text          0x0000000004000964       0x38 obj/default/src/main.o
                0x0000000004000964                main
 .text          0x000000000400099c      0x140 obj/default/src/parallel_port_test.o
                0x000000000400099c                test_parallel_port
 .text          0x0000000004000adc        0x0 /opt/intelFPGA/18.1/nios2eds/bin/gnu/H-x86_64-pc-linux-gnu/bin/../lib/gcc/nios2-elf/5.3.0/../../../../../H-x86_64-pc-linux-gnu/nios2-elf/lib/libc.a(lib_a-printf.o)
 .text._printf_r
                0x0000000004000adc       0x30 /opt/intelFPGA/18.1/nios2eds/bin/gnu/H-x86_64-pc-linux-gnu/bin/../lib/gcc/nios2-elf/5.3.0/../../../../../H-x86_64-pc-linux-gnu/nios2-elf/lib/libc.a(lib_a-printf.o)
                0x0000000004000adc                _printf_r
 .text.printf   0x0000000004000b0c       0x3c /opt/intelFPGA/18.1/nios2eds/bin/gnu/H-x86_64-pc-linux-gnu/bin/../lib/gcc/nios2-elf/5.3.0/../../../../../H-x86_64-pc-linux-gnu/nios2-elf/lib/libc.a(lib_a-printf.o)
                0x0000000004000b0c                printf
 .text          0x0000000004000b48        0x0 /opt/intelFPGA/18.1/nios2eds/bin/gnu/H-x86_64-pc-linux-gnu/bin/../lib/gcc/nios2-elf/5.3.0/../../../../../H-x86_64-pc-linux-gnu/nios2-elf/lib/libc.a(lib_a-puts.o)
 .text._puts_r  0x0000000004000b48       0xc0 /opt/intelFPGA/18.1/nios2eds/bin/gnu/H-x86_64-pc-linux-gnu/bin/../lib/gcc/nios2-elf/5.3.0/../../../../../H-x86_64-pc-linux-gnu/nios2-elf/lib/libc.a(lib_a-puts.o)
                0x0000000004000b48                _puts_r
 .text.puts     0x0000000004000c08       0x14 /opt/intelFPGA/18.1/nios2eds/bin/gnu/H-x86_64-pc-linux-gnu/bin/../lib/gcc/nios2-elf/5.3.0/../../../../../H-x86_64-pc-linux-gnu/nios2-elf/lib/libc.a(lib_a-puts.o)
                0x0000000004000c08                puts
 .text          0x0000000004000c1c        0x0 /opt/intelFPGA/18.1/nios2eds/bin/gnu/H-x86_64-pc-linux-gnu/bin/../lib/gcc/nios2-elf/5.3.0/../../../../../H-x86_64-pc-linux-gnu/nios2-elf/lib/libc.a(lib_a-strlen.o)
 .text.strlen   0x0000000004000c1c       0x98 /opt/intelFPGA/18.1/nios2eds/bin/gnu/H-x86_64-pc-linux-gnu/bin/../lib/gcc/nios2-elf/5.3.0/../../../../../H-x86_64-pc-linux-gnu/nios2-elf/lib/libc.a(lib_a-strlen.o)
                0x0000000004000c1c                strlen
 .text          0x0000000004000cb4        0x0 /opt/intelFPGA/18.1/nios2eds/bin/gnu/H-x86_64-pc-linux-gnu/bin/../lib/gcc/nios2-elf/5.3.0/../../../../../H-x86_64-pc-linux-gnu/nios2-elf/lib/libc.a(lib_a-vfprintf.o)
 .text.___vfprintf_internal_r
                0x0000000004000cb4     0x21f8 /opt/intelFPGA/18.1/nios2eds/bin/gnu/H-x86_64-pc-linux-gnu/bin/../lib/gcc/nios2-elf/5.3.0/../../../../../H-x86_64-pc-linux-gnu/nios2-elf/lib/libc.a(lib_a-vfprintf.o)
                0x0000000004000cb4                ___vfprintf_internal_r
 .text.__vfprintf_internal
                0x0000000004002eac       0x1c /opt/intelFPGA/18.1/nios2eds/bin/gnu/H-x86_64-pc-linux-gnu/bin/../lib/gcc/nios2-elf/5.3.0/../../../../../H-x86_64-pc-linux-gnu/nios2-elf/lib/libc.a(lib_a-vfprintf.o)
                0x0000000004002eac                __vfprintf_internal
 .text.__sbprintf
                0x0000000004002ec8       0xbc /opt/intelFPGA/18.1/nios2eds/bin/gnu/H-x86_64-pc-linux-gnu/bin/../lib/gcc/nios2-elf/5.3.0/../../../../../H-x86_64-pc-linux-gnu/nios2-elf/lib/libc.a(lib_a-vfprintf.o)
 .text          0x0000000004002f84        0x0 /opt/intelFPGA/18.1/nios2eds/bin/gnu/H-x86_64-pc-linux-gnu/bin/../lib/gcc/nios2-elf/5.3.0/../../../../../H-x86_64-pc-linux-gnu/nios2-elf/lib/libc.a(lib_a-wsetup.o)
 .text.__swsetup_r
                0x0000000004002f84      0x154 /opt/intelFPGA/18.1/nios2eds/bin/gnu/H-x86_64-pc-linux-gnu/bin/../lib/gcc/nios2-elf/5.3.0/../../../../../H-x86_64-pc-linux-gnu/nios2-elf/lib/libc.a(lib_a-wsetup.o)
                0x0000000004002f84                __swsetup_r
 .text          0x00000000040030d8        0x0 /opt/intelFPGA/18.1/nios2eds/bin/gnu/H-x86_64-pc-linux-gnu/bin/../lib/gcc/nios2-elf/5.3.0/../../../../../H-x86_64-pc-linux-gnu/nios2-elf/lib/libc.a(lib_a-dtoa.o)
 .text.quorem   0x00000000040030d8      0x200 /opt/intelFPGA/18.1/nios2eds/bin/gnu/H-x86_64-pc-linux-gnu/bin/../lib/gcc/nios2-elf/5.3.0/../../../../../H-x86_64-pc-linux-gnu/nios2-elf/lib/libc.a(lib_a-dtoa.o)
 .text._dtoa_r  0x00000000040032d8     0x1688 /opt/intelFPGA/18.1/nios2eds/bin/gnu/H-x86_64-pc-linux-gnu/bin/../lib/gcc/nios2-elf/5.3.0/../../../../../H-x86_64-pc-linux-gnu/nios2-elf/lib/libc.a(lib_a-dtoa.o)
                0x00000000040032d8                _dtoa_r
 .text          0x0000000004004960        0x0 /opt/intelFPGA/18.1/nios2eds/bin/gnu/H-x86_64-pc-linux-gnu/bin/../lib/gcc/nios2-elf/5.3.0/../../../../../H-x86_64-pc-linux-gnu/nios2-elf/lib/libc.a(lib_a-fflush.o)
 .text.__sflush_r
                0x0000000004004960      0x21c /opt/intelFPGA/18.1/nios2eds/bin/gnu/H-x86_64-pc-linux-gnu/bin/../lib/gcc/nios2-elf/5.3.0/../../../../../H-x86_64-pc-linux-gnu/nios2-elf/lib/libc.a(lib_a-fflush.o)
                0x0000000004004960                __sflush_r
 .text._fflush_r
                0x0000000004004b7c       0x5c /opt/intelFPGA/18.1/nios2eds/bin/gnu/H-x86_64-pc-linux-gnu/bin/../lib/gcc/nios2-elf/5.3.0/../../../../../H-x86_64-pc-linux-gnu/nios2-elf/lib/libc.a(lib_a-fflush.o)
                0x0000000004004b7c                _fflush_r
 .text.fflush   0x0000000004004bd8       0x30 /opt/intelFPGA/18.1/nios2eds/bin/gnu/H-x86_64-pc-linux-gnu/bin/../lib/gcc/nios2-elf/5.3.0/../../../../../H-x86_64-pc-linux-gnu/nios2-elf/lib/libc.a(lib_a-fflush.o)
                0x0000000004004bd8                fflush
 .text          0x0000000004004c08        0x0 /opt/intelFPGA/18.1/nios2eds/bin/gnu/H-x86_64-pc-linux-gnu/bin/../lib/gcc/nios2-elf/5.3.0/../../../../../H-x86_64-pc-linux-gnu/nios2-elf/lib/libc.a(lib_a-findfp.o)
 .text.__fp_unlock
                0x0000000004004c08        0x8 /opt/intelFPGA/18.1/nios2eds/bin/gnu/H-x86_64-pc-linux-gnu/bin/../lib/gcc/nios2-elf/5.3.0/../../../../../H-x86_64-pc-linux-gnu/nios2-elf/lib/libc.a(lib_a-findfp.o)
 .text._cleanup_r
                0x0000000004004c10        0xc /opt/intelFPGA/18.1/nios2eds/bin/gnu/H-x86_64-pc-linux-gnu/bin/../lib/gcc/nios2-elf/5.3.0/../../../../../H-x86_64-pc-linux-gnu/nios2-elf/lib/libc.a(lib_a-findfp.o)
                0x0000000004004c10                _cleanup_r
 .text.__sinit.part.1
                0x0000000004004c1c      0x19c /opt/intelFPGA/18.1/nios2eds/bin/gnu/H-x86_64-pc-linux-gnu/bin/../lib/gcc/nios2-elf/5.3.0/../../../../../H-x86_64-pc-linux-gnu/nios2-elf/lib/libc.a(lib_a-findfp.o)
 .text.__fp_lock
                0x0000000004004db8        0x8 /opt/intelFPGA/18.1/nios2eds/bin/gnu/H-x86_64-pc-linux-gnu/bin/../lib/gcc/nios2-elf/5.3.0/../../../../../H-x86_64-pc-linux-gnu/nios2-elf/lib/libc.a(lib_a-findfp.o)
 .text.__sfmoreglue
                0x0000000004004dc0       0x68 /opt/intelFPGA/18.1/nios2eds/bin/gnu/H-x86_64-pc-linux-gnu/bin/../lib/gcc/nios2-elf/5.3.0/../../../../../H-x86_64-pc-linux-gnu/nios2-elf/lib/libc.a(lib_a-findfp.o)
                0x0000000004004dc0                __sfmoreglue
 .text.__sfp    0x0000000004004e28      0x118 /opt/intelFPGA/18.1/nios2eds/bin/gnu/H-x86_64-pc-linux-gnu/bin/../lib/gcc/nios2-elf/5.3.0/../../../../../H-x86_64-pc-linux-gnu/nios2-elf/lib/libc.a(lib_a-findfp.o)
                0x0000000004004e28                __sfp
 .text._cleanup
                0x0000000004004f40       0x18 /opt/intelFPGA/18.1/nios2eds/bin/gnu/H-x86_64-pc-linux-gnu/bin/../lib/gcc/nios2-elf/5.3.0/../../../../../H-x86_64-pc-linux-gnu/nios2-elf/lib/libc.a(lib_a-findfp.o)
                0x0000000004004f40                _cleanup
 .text.__sinit  0x0000000004004f58       0x10 /opt/intelFPGA/18.1/nios2eds/bin/gnu/H-x86_64-pc-linux-gnu/bin/../lib/gcc/nios2-elf/5.3.0/../../../../../H-x86_64-pc-linux-gnu/nios2-elf/lib/libc.a(lib_a-findfp.o)
                0x0000000004004f58                __sinit
 .text.__sfp_lock_acquire
                0x0000000004004f68        0x4 /opt/intelFPGA/18.1/nios2eds/bin/gnu/H-x86_64-pc-linux-gnu/bin/../lib/gcc/nios2-elf/5.3.0/../../../../../H-x86_64-pc-linux-gnu/nios2-elf/lib/libc.a(lib_a-findfp.o)
                0x0000000004004f68                __sfp_lock_acquire
 .text.__sfp_lock_release
                0x0000000004004f6c        0x4 /opt/intelFPGA/18.1/nios2eds/bin/gnu/H-x86_64-pc-linux-gnu/bin/../lib/gcc/nios2-elf/5.3.0/../../../../../H-x86_64-pc-linux-gnu/nios2-elf/lib/libc.a(lib_a-findfp.o)
                0x0000000004004f6c                __sfp_lock_release
 .text.__sinit_lock_acquire
                0x0000000004004f70        0x4 /opt/intelFPGA/18.1/nios2eds/bin/gnu/H-x86_64-pc-linux-gnu/bin/../lib/gcc/nios2-elf/5.3.0/../../../../../H-x86_64-pc-linux-gnu/nios2-elf/lib/libc.a(lib_a-findfp.o)
                0x0000000004004f70                __sinit_lock_acquire
 .text.__sinit_lock_release
                0x0000000004004f74        0x4 /opt/intelFPGA/18.1/nios2eds/bin/gnu/H-x86_64-pc-linux-gnu/bin/../lib/gcc/nios2-elf/5.3.0/../../../../../H-x86_64-pc-linux-gnu/nios2-elf/lib/libc.a(lib_a-findfp.o)
                0x0000000004004f74                __sinit_lock_release
 .text.__fp_lock_all
                0x0000000004004f78       0x18 /opt/intelFPGA/18.1/nios2eds/bin/gnu/H-x86_64-pc-linux-gnu/bin/../lib/gcc/nios2-elf/5.3.0/../../../../../H-x86_64-pc-linux-gnu/nios2-elf/lib/libc.a(lib_a-findfp.o)
                0x0000000004004f78                __fp_lock_all
 .text.__fp_unlock_all
                0x0000000004004f90       0x18 /opt/intelFPGA/18.1/nios2eds/bin/gnu/H-x86_64-pc-linux-gnu/bin/../lib/gcc/nios2-elf/5.3.0/../../../../../H-x86_64-pc-linux-gnu/nios2-elf/lib/libc.a(lib_a-findfp.o)
                0x0000000004004f90                __fp_unlock_all
 .text          0x0000000004004fa8        0x0 /opt/intelFPGA/18.1/nios2eds/bin/gnu/H-x86_64-pc-linux-gnu/bin/../lib/gcc/nios2-elf/5.3.0/../../../../../H-x86_64-pc-linux-gnu/nios2-elf/lib/libc.a(lib_a-freer.o)
 .text._malloc_trim_r
                0x0000000004004fa8      0x124 /opt/intelFPGA/18.1/nios2eds/bin/gnu/H-x86_64-pc-linux-gnu/bin/../lib/gcc/nios2-elf/5.3.0/../../../../../H-x86_64-pc-linux-gnu/nios2-elf/lib/libc.a(lib_a-freer.o)
                0x0000000004004fa8                _malloc_trim_r
 .text._free_r  0x00000000040050cc      0x310 /opt/intelFPGA/18.1/nios2eds/bin/gnu/H-x86_64-pc-linux-gnu/bin/../lib/gcc/nios2-elf/5.3.0/../../../../../H-x86_64-pc-linux-gnu/nios2-elf/lib/libc.a(lib_a-freer.o)
                0x00000000040050cc                _free_r
 .text          0x00000000040053dc        0x0 /opt/intelFPGA/18.1/nios2eds/bin/gnu/H-x86_64-pc-linux-gnu/bin/../lib/gcc/nios2-elf/5.3.0/../../../../../H-x86_64-pc-linux-gnu/nios2-elf/lib/libc.a(lib_a-fvwrite.o)
 .text.__sfvwrite_r
                0x00000000040053dc      0x4bc /opt/intelFPGA/18.1/nios2eds/bin/gnu/H-x86_64-pc-linux-gnu/bin/../lib/gcc/nios2-elf/5.3.0/../../../../../H-x86_64-pc-linux-gnu/nios2-elf/lib/libc.a(lib_a-fvwrite.o)
                0x00000000040053dc                __sfvwrite_r
 .text          0x0000000004005898        0x0 /opt/intelFPGA/18.1/nios2eds/bin/gnu/H-x86_64-pc-linux-gnu/bin/../lib/gcc/nios2-elf/5.3.0/../../../../../H-x86_64-pc-linux-gnu/nios2-elf/lib/libc.a(lib_a-fwalk.o)
 .text._fwalk   0x0000000004005898       0xc4 /opt/intelFPGA/18.1/nios2eds/bin/gnu/H-x86_64-pc-linux-gnu/bin/../lib/gcc/nios2-elf/5.3.0/../../../../../H-x86_64-pc-linux-gnu/nios2-elf/lib/libc.a(lib_a-fwalk.o)
                0x0000000004005898                _fwalk
 .text._fwalk_reent
                0x000000000400595c       0xc4 /opt/intelFPGA/18.1/nios2eds/bin/gnu/H-x86_64-pc-linux-gnu/bin/../lib/gcc/nios2-elf/5.3.0/../../../../../H-x86_64-pc-linux-gnu/nios2-elf/lib/libc.a(lib_a-fwalk.o)
                0x000000000400595c                _fwalk_reent
 .text          0x0000000004005a20        0x0 /opt/intelFPGA/18.1/nios2eds/bin/gnu/H-x86_64-pc-linux-gnu/bin/../lib/gcc/nios2-elf/5.3.0/../../../../../H-x86_64-pc-linux-gnu/nios2-elf/lib/libc.a(lib_a-impure.o)
 .text          0x0000000004005a20        0x0 /opt/intelFPGA/18.1/nios2eds/bin/gnu/H-x86_64-pc-linux-gnu/bin/../lib/gcc/nios2-elf/5.3.0/../../../../../H-x86_64-pc-linux-gnu/nios2-elf/lib/libc.a(lib_a-locale.o)
 .text._setlocale_r
                0x0000000004005a20       0x7c /opt/intelFPGA/18.1/nios2eds/bin/gnu/H-x86_64-pc-linux-gnu/bin/../lib/gcc/nios2-elf/5.3.0/../../../../../H-x86_64-pc-linux-gnu/nios2-elf/lib/libc.a(lib_a-locale.o)
                0x0000000004005a20                _setlocale_r
 .text.__locale_charset
                0x0000000004005a9c        0xc /opt/intelFPGA/18.1/nios2eds/bin/gnu/H-x86_64-pc-linux-gnu/bin/../lib/gcc/nios2-elf/5.3.0/../../../../../H-x86_64-pc-linux-gnu/nios2-elf/lib/libc.a(lib_a-locale.o)
                0x0000000004005a9c                __locale_charset
 .text.__locale_mb_cur_max
                0x0000000004005aa8       0x10 /opt/intelFPGA/18.1/nios2eds/bin/gnu/H-x86_64-pc-linux-gnu/bin/../lib/gcc/nios2-elf/5.3.0/../../../../../H-x86_64-pc-linux-gnu/nios2-elf/lib/libc.a(lib_a-locale.o)
                0x0000000004005aa8                __locale_mb_cur_max
 .text.__locale_msgcharset
                0x0000000004005ab8        0xc /opt/intelFPGA/18.1/nios2eds/bin/gnu/H-x86_64-pc-linux-gnu/bin/../lib/gcc/nios2-elf/5.3.0/../../../../../H-x86_64-pc-linux-gnu/nios2-elf/lib/libc.a(lib_a-locale.o)
                0x0000000004005ab8                __locale_msgcharset
 .text.__locale_cjk_lang
                0x0000000004005ac4        0x8 /opt/intelFPGA/18.1/nios2eds/bin/gnu/H-x86_64-pc-linux-gnu/bin/../lib/gcc/nios2-elf/5.3.0/../../../../../H-x86_64-pc-linux-gnu/nios2-elf/lib/libc.a(lib_a-locale.o)
                0x0000000004005ac4                __locale_cjk_lang
 .text._localeconv_r
                0x0000000004005acc        0xc /opt/intelFPGA/18.1/nios2eds/bin/gnu/H-x86_64-pc-linux-gnu/bin/../lib/gcc/nios2-elf/5.3.0/../../../../../H-x86_64-pc-linux-gnu/nios2-elf/lib/libc.a(lib_a-locale.o)
                0x0000000004005acc                _localeconv_r
 .text.setlocale
                0x0000000004005ad8       0x18 /opt/intelFPGA/18.1/nios2eds/bin/gnu/H-x86_64-pc-linux-gnu/bin/../lib/gcc/nios2-elf/5.3.0/../../../../../H-x86_64-pc-linux-gnu/nios2-elf/lib/libc.a(lib_a-locale.o)
                0x0000000004005ad8                setlocale
 .text.localeconv
                0x0000000004005af0        0xc /opt/intelFPGA/18.1/nios2eds/bin/gnu/H-x86_64-pc-linux-gnu/bin/../lib/gcc/nios2-elf/5.3.0/../../../../../H-x86_64-pc-linux-gnu/nios2-elf/lib/libc.a(lib_a-locale.o)
                0x0000000004005af0                localeconv
 .text          0x0000000004005afc        0x0 /opt/intelFPGA/18.1/nios2eds/bin/gnu/H-x86_64-pc-linux-gnu/bin/../lib/gcc/nios2-elf/5.3.0/../../../../../H-x86_64-pc-linux-gnu/nios2-elf/lib/libc.a(lib_a-makebuf.o)
 .text.__smakebuf_r
                0x0000000004005afc      0x1bc /opt/intelFPGA/18.1/nios2eds/bin/gnu/H-x86_64-pc-linux-gnu/bin/../lib/gcc/nios2-elf/5.3.0/../../../../../H-x86_64-pc-linux-gnu/nios2-elf/lib/libc.a(lib_a-makebuf.o)
                0x0000000004005afc                __smakebuf_r
 .text          0x0000000004005cb8        0x0 /opt/intelFPGA/18.1/nios2eds/bin/gnu/H-x86_64-pc-linux-gnu/bin/../lib/gcc/nios2-elf/5.3.0/../../../../../H-x86_64-pc-linux-gnu/nios2-elf/lib/libc.a(lib_a-mallocr.o)
 .text._malloc_r
                0x0000000004005cb8      0x80c /opt/intelFPGA/18.1/nios2eds/bin/gnu/H-x86_64-pc-linux-gnu/bin/../lib/gcc/nios2-elf/5.3.0/../../../../../H-x86_64-pc-linux-gnu/nios2-elf/lib/libc.a(lib_a-mallocr.o)
                0x0000000004005cb8                _malloc_r
 .text          0x00000000040064c4        0x0 /opt/intelFPGA/18.1/nios2eds/bin/gnu/H-x86_64-pc-linux-gnu/bin/../lib/gcc/nios2-elf/5.3.0/../../../../../H-x86_64-pc-linux-gnu/nios2-elf/lib/libc.a(lib_a-memchr.o)
 .text.memchr   0x00000000040064c4       0xe4 /opt/intelFPGA/18.1/nios2eds/bin/gnu/H-x86_64-pc-linux-gnu/bin/../lib/gcc/nios2-elf/5.3.0/../../../../../H-x86_64-pc-linux-gnu/nios2-elf/lib/libc.a(lib_a-memchr.o)
                0x00000000040064c4                memchr
 .text          0x00000000040065a8        0x0 /opt/intelFPGA/18.1/nios2eds/bin/gnu/H-x86_64-pc-linux-gnu/bin/../lib/gcc/nios2-elf/5.3.0/../../../../../H-x86_64-pc-linux-gnu/nios2-elf/lib/libc.a(lib_a-memcpy.o)
 .text.memcpy   0x00000000040065a8      0x148 /opt/intelFPGA/18.1/nios2eds/bin/gnu/H-x86_64-pc-linux-gnu/bin/../lib/gcc/nios2-elf/5.3.0/../../../../../H-x86_64-pc-linux-gnu/nios2-elf/lib/libc.a(lib_a-memcpy.o)
                0x00000000040065a8                memcpy
 .text          0x00000000040066f0        0x0 /opt/intelFPGA/18.1/nios2eds/bin/gnu/H-x86_64-pc-linux-gnu/bin/../lib/gcc/nios2-elf/5.3.0/../../../../../H-x86_64-pc-linux-gnu/nios2-elf/lib/libc.a(lib_a-memmove.o)
 .text.memmove  0x00000000040066f0      0x15c /opt/intelFPGA/18.1/nios2eds/bin/gnu/H-x86_64-pc-linux-gnu/bin/../lib/gcc/nios2-elf/5.3.0/../../../../../H-x86_64-pc-linux-gnu/nios2-elf/lib/libc.a(lib_a-memmove.o)
                0x00000000040066f0                memmove
 .text          0x000000000400684c        0x0 /opt/intelFPGA/18.1/nios2eds/bin/gnu/H-x86_64-pc-linux-gnu/bin/../lib/gcc/nios2-elf/5.3.0/../../../../../H-x86_64-pc-linux-gnu/nios2-elf/lib/libc.a(lib_a-memset.o)
 .text.memset   0x000000000400684c      0x128 /opt/intelFPGA/18.1/nios2eds/bin/gnu/H-x86_64-pc-linux-gnu/bin/../lib/gcc/nios2-elf/5.3.0/../../../../../H-x86_64-pc-linux-gnu/nios2-elf/lib/libc.a(lib_a-memset.o)
                0x000000000400684c                memset
 .text          0x0000000004006974        0x0 /opt/intelFPGA/18.1/nios2eds/bin/gnu/H-x86_64-pc-linux-gnu/bin/../lib/gcc/nios2-elf/5.3.0/../../../../../H-x86_64-pc-linux-gnu/nios2-elf/lib/libc.a(lib_a-mprec.o)
 .text._Balloc  0x0000000004006974       0xa8 /opt/intelFPGA/18.1/nios2eds/bin/gnu/H-x86_64-pc-linux-gnu/bin/../lib/gcc/nios2-elf/5.3.0/../../../../../H-x86_64-pc-linux-gnu/nios2-elf/lib/libc.a(lib_a-mprec.o)
                0x0000000004006974                _Balloc
 .text._Bfree   0x0000000004006a1c       0x28 /opt/intelFPGA/18.1/nios2eds/bin/gnu/H-x86_64-pc-linux-gnu/bin/../lib/gcc/nios2-elf/5.3.0/../../../../../H-x86_64-pc-linux-gnu/nios2-elf/lib/libc.a(lib_a-mprec.o)
                0x0000000004006a1c                _Bfree
 .text.__multadd
                0x0000000004006a44      0x120 /opt/intelFPGA/18.1/nios2eds/bin/gnu/H-x86_64-pc-linux-gnu/bin/../lib/gcc/nios2-elf/5.3.0/../../../../../H-x86_64-pc-linux-gnu/nios2-elf/lib/libc.a(lib_a-mprec.o)
                0x0000000004006a44                __multadd
 .text.__s2b    0x0000000004006b64      0x104 /opt/intelFPGA/18.1/nios2eds/bin/gnu/H-x86_64-pc-linux-gnu/bin/../lib/gcc/nios2-elf/5.3.0/../../../../../H-x86_64-pc-linux-gnu/nios2-elf/lib/libc.a(lib_a-mprec.o)
                0x0000000004006b64                __s2b
 .text.__hi0bits
                0x0000000004006c68       0x68 /opt/intelFPGA/18.1/nios2eds/bin/gnu/H-x86_64-pc-linux-gnu/bin/../lib/gcc/nios2-elf/5.3.0/../../../../../H-x86_64-pc-linux-gnu/nios2-elf/lib/libc.a(lib_a-mprec.o)
                0x0000000004006c68                __hi0bits
 .text.__lo0bits
                0x0000000004006cd0       0xb0 /opt/intelFPGA/18.1/nios2eds/bin/gnu/H-x86_64-pc-linux-gnu/bin/../lib/gcc/nios2-elf/5.3.0/../../../../../H-x86_64-pc-linux-gnu/nios2-elf/lib/libc.a(lib_a-mprec.o)
                0x0000000004006cd0                __lo0bits
 .text.__i2b    0x0000000004006d80       0x3c /opt/intelFPGA/18.1/nios2eds/bin/gnu/H-x86_64-pc-linux-gnu/bin/../lib/gcc/nios2-elf/5.3.0/../../../../../H-x86_64-pc-linux-gnu/nios2-elf/lib/libc.a(lib_a-mprec.o)
                0x0000000004006d80                __i2b
 .text.__multiply
                0x0000000004006dbc      0x1f8 /opt/intelFPGA/18.1/nios2eds/bin/gnu/H-x86_64-pc-linux-gnu/bin/../lib/gcc/nios2-elf/5.3.0/../../../../../H-x86_64-pc-linux-gnu/nios2-elf/lib/libc.a(lib_a-mprec.o)
                0x0000000004006dbc                __multiply
 .text.__pow5mult
                0x0000000004006fb4      0x140 /opt/intelFPGA/18.1/nios2eds/bin/gnu/H-x86_64-pc-linux-gnu/bin/../lib/gcc/nios2-elf/5.3.0/../../../../../H-x86_64-pc-linux-gnu/nios2-elf/lib/libc.a(lib_a-mprec.o)
                0x0000000004006fb4                __pow5mult
 .text.__lshift
                0x00000000040070f4      0x148 /opt/intelFPGA/18.1/nios2eds/bin/gnu/H-x86_64-pc-linux-gnu/bin/../lib/gcc/nios2-elf/5.3.0/../../../../../H-x86_64-pc-linux-gnu/nios2-elf/lib/libc.a(lib_a-mprec.o)
                0x00000000040070f4                __lshift
 .text.__mcmp   0x000000000400723c       0x60 /opt/intelFPGA/18.1/nios2eds/bin/gnu/H-x86_64-pc-linux-gnu/bin/../lib/gcc/nios2-elf/5.3.0/../../../../../H-x86_64-pc-linux-gnu/nios2-elf/lib/libc.a(lib_a-mprec.o)
                0x000000000400723c                __mcmp
 .text.__mdiff  0x000000000400729c      0x1fc /opt/intelFPGA/18.1/nios2eds/bin/gnu/H-x86_64-pc-linux-gnu/bin/../lib/gcc/nios2-elf/5.3.0/../../../../../H-x86_64-pc-linux-gnu/nios2-elf/lib/libc.a(lib_a-mprec.o)
                0x000000000400729c                __mdiff
 .text.__ulp    0x0000000004007498       0x64 /opt/intelFPGA/18.1/nios2eds/bin/gnu/H-x86_64-pc-linux-gnu/bin/../lib/gcc/nios2-elf/5.3.0/../../../../../H-x86_64-pc-linux-gnu/nios2-elf/lib/libc.a(lib_a-mprec.o)
                0x0000000004007498                __ulp
 .text.__b2d    0x00000000040074fc      0x10c /opt/intelFPGA/18.1/nios2eds/bin/gnu/H-x86_64-pc-linux-gnu/bin/../lib/gcc/nios2-elf/5.3.0/../../../../../H-x86_64-pc-linux-gnu/nios2-elf/lib/libc.a(lib_a-mprec.o)
                0x00000000040074fc                __b2d
 .text.__d2b    0x0000000004007608      0x14c /opt/intelFPGA/18.1/nios2eds/bin/gnu/H-x86_64-pc-linux-gnu/bin/../lib/gcc/nios2-elf/5.3.0/../../../../../H-x86_64-pc-linux-gnu/nios2-elf/lib/libc.a(lib_a-mprec.o)
                0x0000000004007608                __d2b
 .text.__ratio  0x0000000004007754       0xa4 /opt/intelFPGA/18.1/nios2eds/bin/gnu/H-x86_64-pc-linux-gnu/bin/../lib/gcc/nios2-elf/5.3.0/../../../../../H-x86_64-pc-linux-gnu/nios2-elf/lib/libc.a(lib_a-mprec.o)
                0x0000000004007754                __ratio
 .text._mprec_log10
                0x00000000040077f8       0x74 /opt/intelFPGA/18.1/nios2eds/bin/gnu/H-x86_64-pc-linux-gnu/bin/../lib/gcc/nios2-elf/5.3.0/../../../../../H-x86_64-pc-linux-gnu/nios2-elf/lib/libc.a(lib_a-mprec.o)
                0x00000000040077f8                _mprec_log10
 .text.__copybits
                0x000000000400786c       0x78 /opt/intelFPGA/18.1/nios2eds/bin/gnu/H-x86_64-pc-linux-gnu/bin/../lib/gcc/nios2-elf/5.3.0/../../../../../H-x86_64-pc-linux-gnu/nios2-elf/lib/libc.a(lib_a-mprec.o)
                0x000000000400786c                __copybits
 .text.__any_on
                0x00000000040078e4       0x8c /opt/intelFPGA/18.1/nios2eds/bin/gnu/H-x86_64-pc-linux-gnu/bin/../lib/gcc/nios2-elf/5.3.0/../../../../../H-x86_64-pc-linux-gnu/nios2-elf/lib/libc.a(lib_a-mprec.o)
                0x00000000040078e4                __any_on
 .text          0x0000000004007970        0x0 /opt/intelFPGA/18.1/nios2eds/bin/gnu/H-x86_64-pc-linux-gnu/bin/../lib/gcc/nios2-elf/5.3.0/../../../../../H-x86_64-pc-linux-gnu/nios2-elf/lib/libc.a(lib_a-reallocr.o)
 .text._realloc_r
                0x0000000004007970      0x564 /opt/intelFPGA/18.1/nios2eds/bin/gnu/H-x86_64-pc-linux-gnu/bin/../lib/gcc/nios2-elf/5.3.0/../../../../../H-x86_64-pc-linux-gnu/nios2-elf/lib/libc.a(lib_a-reallocr.o)
                0x0000000004007970                _realloc_r
 .text          0x0000000004007ed4        0x0 /opt/intelFPGA/18.1/nios2eds/bin/gnu/H-x86_64-pc-linux-gnu/bin/../lib/gcc/nios2-elf/5.3.0/../../../../../H-x86_64-pc-linux-gnu/nios2-elf/lib/libc.a(lib_a-s_fpclassify.o)
 .text.__fpclassifyd
                0x0000000004007ed4       0x74 /opt/intelFPGA/18.1/nios2eds/bin/gnu/H-x86_64-pc-linux-gnu/bin/../lib/gcc/nios2-elf/5.3.0/../../../../../H-x86_64-pc-linux-gnu/nios2-elf/lib/libc.a(lib_a-s_fpclassify.o)
                0x0000000004007ed4                __fpclassifyd
 .text          0x0000000004007f48        0x0 /opt/intelFPGA/18.1/nios2eds/bin/gnu/H-x86_64-pc-linux-gnu/bin/../lib/gcc/nios2-elf/5.3.0/../../../../../H-x86_64-pc-linux-gnu/nios2-elf/lib/libc.a(lib_a-sbrkr.o)
 .text._sbrk_r  0x0000000004007f48       0x54 /opt/intelFPGA/18.1/nios2eds/bin/gnu/H-x86_64-pc-linux-gnu/bin/../lib/gcc/nios2-elf/5.3.0/../../../../../H-x86_64-pc-linux-gnu/nios2-elf/lib/libc.a(lib_a-sbrkr.o)
                0x0000000004007f48                _sbrk_r
 .text          0x0000000004007f9c        0x0 /opt/intelFPGA/18.1/nios2eds/bin/gnu/H-x86_64-pc-linux-gnu/bin/../lib/gcc/nios2-elf/5.3.0/../../../../../H-x86_64-pc-linux-gnu/nios2-elf/lib/libc.a(lib_a-stdio.o)
 .text.__sread  0x0000000004007f9c       0x54 /opt/intelFPGA/18.1/nios2eds/bin/gnu/H-x86_64-pc-linux-gnu/bin/../lib/gcc/nios2-elf/5.3.0/../../../../../H-x86_64-pc-linux-gnu/nios2-elf/lib/libc.a(lib_a-stdio.o)
                0x0000000004007f9c                __sread
 .text.__seofread
                0x0000000004007ff0        0x8 /opt/intelFPGA/18.1/nios2eds/bin/gnu/H-x86_64-pc-linux-gnu/bin/../lib/gcc/nios2-elf/5.3.0/../../../../../H-x86_64-pc-linux-gnu/nios2-elf/lib/libc.a(lib_a-stdio.o)
                0x0000000004007ff0                __seofread
 .text.__swrite
                0x0000000004007ff8       0x7c /opt/intelFPGA/18.1/nios2eds/bin/gnu/H-x86_64-pc-linux-gnu/bin/../lib/gcc/nios2-elf/5.3.0/../../../../../H-x86_64-pc-linux-gnu/nios2-elf/lib/libc.a(lib_a-stdio.o)
                0x0000000004007ff8                __swrite
 .text.__sseek  0x0000000004008074       0x5c /opt/intelFPGA/18.1/nios2eds/bin/gnu/H-x86_64-pc-linux-gnu/bin/../lib/gcc/nios2-elf/5.3.0/../../../../../H-x86_64-pc-linux-gnu/nios2-elf/lib/libc.a(lib_a-stdio.o)
                0x0000000004008074                __sseek
 .text.__sclose
                0x00000000040080d0        0x8 /opt/intelFPGA/18.1/nios2eds/bin/gnu/H-x86_64-pc-linux-gnu/bin/../lib/gcc/nios2-elf/5.3.0/../../../../../H-x86_64-pc-linux-gnu/nios2-elf/lib/libc.a(lib_a-stdio.o)
                0x00000000040080d0                __sclose
 .text          0x00000000040080d8        0x0 /opt/intelFPGA/18.1/nios2eds/bin/gnu/H-x86_64-pc-linux-gnu/bin/../lib/gcc/nios2-elf/5.3.0/../../../../../H-x86_64-pc-linux-gnu/nios2-elf/lib/libc.a(lib_a-strcmp.o)
 .text.strcmp   0x00000000040080d8       0xdc /opt/intelFPGA/18.1/nios2eds/bin/gnu/H-x86_64-pc-linux-gnu/bin/../lib/gcc/nios2-elf/5.3.0/../../../../../H-x86_64-pc-linux-gnu/nios2-elf/lib/libc.a(lib_a-strcmp.o)
                0x00000000040080d8                strcmp
 .text          0x00000000040081b4        0x0 /opt/intelFPGA/18.1/nios2eds/bin/gnu/H-x86_64-pc-linux-gnu/bin/../lib/gcc/nios2-elf/5.3.0/../../../../../H-x86_64-pc-linux-gnu/nios2-elf/lib/libc.a(lib_a-vfiprintf.o)
 .text.__sprint_r.part.0
                0x00000000040081b4       0xfc /opt/intelFPGA/18.1/nios2eds/bin/gnu/H-x86_64-pc-linux-gnu/bin/../lib/gcc/nios2-elf/5.3.0/../../../../../H-x86_64-pc-linux-gnu/nios2-elf/lib/libc.a(lib_a-vfiprintf.o)
 .text.__sprint_r
                0x00000000040082b0       0x18 /opt/intelFPGA/18.1/nios2eds/bin/gnu/H-x86_64-pc-linux-gnu/bin/../lib/gcc/nios2-elf/5.3.0/../../../../../H-x86_64-pc-linux-gnu/nios2-elf/lib/libc.a(lib_a-vfiprintf.o)
                0x00000000040082b0                __sprint_r
 .text.___vfiprintf_internal_r
                0x00000000040082c8     0x145c /opt/intelFPGA/18.1/nios2eds/bin/gnu/H-x86_64-pc-linux-gnu/bin/../lib/gcc/nios2-elf/5.3.0/../../../../../H-x86_64-pc-linux-gnu/nios2-elf/lib/libc.a(lib_a-vfiprintf.o)
                0x00000000040082c8                ___vfiprintf_internal_r
 .text.__vfiprintf_internal
                0x0000000004009724       0x1c /opt/intelFPGA/18.1/nios2eds/bin/gnu/H-x86_64-pc-linux-gnu/bin/../lib/gcc/nios2-elf/5.3.0/../../../../../H-x86_64-pc-linux-gnu/nios2-elf/lib/libc.a(lib_a-vfiprintf.o)
                0x0000000004009724                __vfiprintf_internal
 .text.__sbprintf
                0x0000000004009740       0xbc /opt/intelFPGA/18.1/nios2eds/bin/gnu/H-x86_64-pc-linux-gnu/bin/../lib/gcc/nios2-elf/5.3.0/../../../../../H-x86_64-pc-linux-gnu/nios2-elf/lib/libc.a(lib_a-vfiprintf.o)
 .text          0x00000000040097fc        0x0 /opt/intelFPGA/18.1/nios2eds/bin/gnu/H-x86_64-pc-linux-gnu/bin/../lib/gcc/nios2-elf/5.3.0/../../../../../H-x86_64-pc-linux-gnu/nios2-elf/lib/libc.a(lib_a-writer.o)
 .text._write_r
                0x00000000040097fc       0x60 /opt/intelFPGA/18.1/nios2eds/bin/gnu/H-x86_64-pc-linux-gnu/bin/../lib/gcc/nios2-elf/5.3.0/../../../../../H-x86_64-pc-linux-gnu/nios2-elf/lib/libc.a(lib_a-writer.o)
                0x00000000040097fc                _write_r
 .text          0x000000000400985c        0x0 /opt/intelFPGA/18.1/nios2eds/bin/gnu/H-x86_64-pc-linux-gnu/bin/../lib/gcc/nios2-elf/5.3.0/../../../../../H-x86_64-pc-linux-gnu/nios2-elf/lib/libc.a(closer.o)
 .text._close_r
                0x000000000400985c       0x54 /opt/intelFPGA/18.1/nios2eds/bin/gnu/H-x86_64-pc-linux-gnu/bin/../lib/gcc/nios2-elf/5.3.0/../../../../../H-x86_64-pc-linux-gnu/nios2-elf/lib/libc.a(closer.o)
                0x000000000400985c                _close_r
 .text          0x00000000040098b0        0x0 /opt/intelFPGA/18.1/nios2eds/bin/gnu/H-x86_64-pc-linux-gnu/bin/../lib/gcc/nios2-elf/5.3.0/../../../../../H-x86_64-pc-linux-gnu/nios2-elf/lib/libc.a(lib_a-callocr.o)
 .text._calloc_r
                0x00000000040098b0       0xc4 /opt/intelFPGA/18.1/nios2eds/bin/gnu/H-x86_64-pc-linux-gnu/bin/../lib/gcc/nios2-elf/5.3.0/../../../../../H-x86_64-pc-linux-gnu/nios2-elf/lib/libc.a(lib_a-callocr.o)
                0x00000000040098b0                _calloc_r
 .text          0x0000000004009974        0x0 /opt/intelFPGA/18.1/nios2eds/bin/gnu/H-x86_64-pc-linux-gnu/bin/../lib/gcc/nios2-elf/5.3.0/../../../../../H-x86_64-pc-linux-gnu/nios2-elf/lib/libc.a(lib_a-fclose.o)
 .text._fclose_r
                0x0000000004009974       0xf0 /opt/intelFPGA/18.1/nios2eds/bin/gnu/H-x86_64-pc-linux-gnu/bin/../lib/gcc/nios2-elf/5.3.0/../../../../../H-x86_64-pc-linux-gnu/nios2-elf/lib/libc.a(lib_a-fclose.o)
                0x0000000004009974                _fclose_r
 .text.fclose   0x0000000004009a64       0x14 /opt/intelFPGA/18.1/nios2eds/bin/gnu/H-x86_64-pc-linux-gnu/bin/../lib/gcc/nios2-elf/5.3.0/../../../../../H-x86_64-pc-linux-gnu/nios2-elf/lib/libc.a(lib_a-fclose.o)
                0x0000000004009a64                fclose
 .text          0x0000000004009a78        0x0 /opt/intelFPGA/18.1/nios2eds/bin/gnu/H-x86_64-pc-linux-gnu/bin/../lib/gcc/nios2-elf/5.3.0/../../../../../H-x86_64-pc-linux-gnu/nios2-elf/lib/libc.a(lib_a-fputwc.o)
 .text.__fputwc
                0x0000000004009a78      0x164 /opt/intelFPGA/18.1/nios2eds/bin/gnu/H-x86_64-pc-linux-gnu/bin/../lib/gcc/nios2-elf/5.3.0/../../../../../H-x86_64-pc-linux-gnu/nios2-elf/lib/libc.a(lib_a-fputwc.o)
                0x0000000004009a78                __fputwc
 .text._fputwc_r
                0x0000000004009bdc       0x24 /opt/intelFPGA/18.1/nios2eds/bin/gnu/H-x86_64-pc-linux-gnu/bin/../lib/gcc/nios2-elf/5.3.0/../../../../../H-x86_64-pc-linux-gnu/nios2-elf/lib/libc.a(lib_a-fputwc.o)
                0x0000000004009bdc                _fputwc_r
 .text.fputwc   0x0000000004009c00       0x80 /opt/intelFPGA/18.1/nios2eds/bin/gnu/H-x86_64-pc-linux-gnu/bin/../lib/gcc/nios2-elf/5.3.0/../../../../../H-x86_64-pc-linux-gnu/nios2-elf/lib/libc.a(lib_a-fputwc.o)
                0x0000000004009c00                fputwc
 .text          0x0000000004009c80        0x0 /opt/intelFPGA/18.1/nios2eds/bin/gnu/H-x86_64-pc-linux-gnu/bin/../lib/gcc/nios2-elf/5.3.0/../../../../../H-x86_64-pc-linux-gnu/nios2-elf/lib/libc.a(lib_a-fstatr.o)
 .text._fstat_r
                0x0000000004009c80       0x5c /opt/intelFPGA/18.1/nios2eds/bin/gnu/H-x86_64-pc-linux-gnu/bin/../lib/gcc/nios2-elf/5.3.0/../../../../../H-x86_64-pc-linux-gnu/nios2-elf/lib/libc.a(lib_a-fstatr.o)
                0x0000000004009c80                _fstat_r
 .text          0x0000000004009cdc        0x0 /opt/intelFPGA/18.1/nios2eds/bin/gnu/H-x86_64-pc-linux-gnu/bin/../lib/gcc/nios2-elf/5.3.0/../../../../../H-x86_64-pc-linux-gnu/nios2-elf/lib/libc.a(lib_a-int_errno.o)
 .text          0x0000000004009cdc        0x0 /opt/intelFPGA/18.1/nios2eds/bin/gnu/H-x86_64-pc-linux-gnu/bin/../lib/gcc/nios2-elf/5.3.0/../../../../../H-x86_64-pc-linux-gnu/nios2-elf/lib/libc.a(lib_a-isattyr.o)
 .text._isatty_r
                0x0000000004009cdc       0x54 /opt/intelFPGA/18.1/nios2eds/bin/gnu/H-x86_64-pc-linux-gnu/bin/../lib/gcc/nios2-elf/5.3.0/../../../../../H-x86_64-pc-linux-gnu/nios2-elf/lib/libc.a(lib_a-isattyr.o)
                0x0000000004009cdc                _isatty_r
 .text          0x0000000004009d30        0x0 /opt/intelFPGA/18.1/nios2eds/bin/gnu/H-x86_64-pc-linux-gnu/bin/../lib/gcc/nios2-elf/5.3.0/../../../../../H-x86_64-pc-linux-gnu/nios2-elf/lib/libc.a(lib_a-lseekr.o)
 .text._lseek_r
                0x0000000004009d30       0x60 /opt/intelFPGA/18.1/nios2eds/bin/gnu/H-x86_64-pc-linux-gnu/bin/../lib/gcc/nios2-elf/5.3.0/../../../../../H-x86_64-pc-linux-gnu/nios2-elf/lib/libc.a(lib_a-lseekr.o)
                0x0000000004009d30                _lseek_r
 .text          0x0000000004009d90        0x0 /opt/intelFPGA/18.1/nios2eds/bin/gnu/H-x86_64-pc-linux-gnu/bin/../lib/gcc/nios2-elf/5.3.0/../../../../../H-x86_64-pc-linux-gnu/nios2-elf/lib/libc.a(lib_a-readr.o)
 .text._read_r  0x0000000004009d90       0x60 /opt/intelFPGA/18.1/nios2eds/bin/gnu/H-x86_64-pc-linux-gnu/bin/../lib/gcc/nios2-elf/5.3.0/../../../../../H-x86_64-pc-linux-gnu/nios2-elf/lib/libc.a(lib_a-readr.o)
                0x0000000004009d90                _read_r
 .text          0x0000000004009df0        0x0 /opt/intelFPGA/18.1/nios2eds/bin/gnu/H-x86_64-pc-linux-gnu/bin/../lib/gcc/nios2-elf/5.3.0/../../../../../H-x86_64-pc-linux-gnu/nios2-elf/lib/libc.a(lib_a-wbuf.o)
 .text.__swbuf_r
                0x0000000004009df0      0x140 /opt/intelFPGA/18.1/nios2eds/bin/gnu/H-x86_64-pc-linux-gnu/bin/../lib/gcc/nios2-elf/5.3.0/../../../../../H-x86_64-pc-linux-gnu/nios2-elf/lib/libc.a(lib_a-wbuf.o)
                0x0000000004009df0                __swbuf_r
 .text.__swbuf  0x0000000004009f30       0x18 /opt/intelFPGA/18.1/nios2eds/bin/gnu/H-x86_64-pc-linux-gnu/bin/../lib/gcc/nios2-elf/5.3.0/../../../../../H-x86_64-pc-linux-gnu/nios2-elf/lib/libc.a(lib_a-wbuf.o)
                0x0000000004009f30                __swbuf
 .text          0x0000000004009f48        0x0 /opt/intelFPGA/18.1/nios2eds/bin/gnu/H-x86_64-pc-linux-gnu/bin/../lib/gcc/nios2-elf/5.3.0/../../../../../H-x86_64-pc-linux-gnu/nios2-elf/lib/libc.a(lib_a-wcrtomb.o)
 .text._wcrtomb_r
                0x0000000004009f48       0x9c /opt/intelFPGA/18.1/nios2eds/bin/gnu/H-x86_64-pc-linux-gnu/bin/../lib/gcc/nios2-elf/5.3.0/../../../../../H-x86_64-pc-linux-gnu/nios2-elf/lib/libc.a(lib_a-wcrtomb.o)
                0x0000000004009f48                _wcrtomb_r
 .text.wcrtomb  0x0000000004009fe4       0xc0 /opt/intelFPGA/18.1/nios2eds/bin/gnu/H-x86_64-pc-linux-gnu/bin/../lib/gcc/nios2-elf/5.3.0/../../../../../H-x86_64-pc-linux-gnu/nios2-elf/lib/libc.a(lib_a-wcrtomb.o)
                0x0000000004009fe4                wcrtomb
 .text          0x000000000400a0a4        0x0 /opt/intelFPGA/18.1/nios2eds/bin/gnu/H-x86_64-pc-linux-gnu/bin/../lib/gcc/nios2-elf/5.3.0/../../../../../H-x86_64-pc-linux-gnu/nios2-elf/lib/libc.a(lib_a-wctomb_r.o)
 .text.__ascii_wctomb
                0x000000000400a0a4       0x30 /opt/intelFPGA/18.1/nios2eds/bin/gnu/H-x86_64-pc-linux-gnu/bin/../lib/gcc/nios2-elf/5.3.0/../../../../../H-x86_64-pc-linux-gnu/nios2-elf/lib/libc.a(lib_a-wctomb_r.o)
                0x000000000400a0a4                __ascii_wctomb
 .text._wctomb_r
                0x000000000400a0d4       0x5c /opt/intelFPGA/18.1/nios2eds/bin/gnu/H-x86_64-pc-linux-gnu/bin/../lib/gcc/nios2-elf/5.3.0/../../../../../H-x86_64-pc-linux-gnu/nios2-elf/lib/libc.a(lib_a-wctomb_r.o)
                0x000000000400a0d4                _wctomb_r
 .text          0x000000000400a130      0x578 /opt/intelFPGA/18.1/nios2eds/bin/gnu/H-x86_64-pc-linux-gnu/bin/../lib/gcc/nios2-elf/5.3.0/libgcc.a(_udivdi3.o)
                0x000000000400a130                __udivdi3
 .text          0x000000000400a6a8      0x538 /opt/intelFPGA/18.1/nios2eds/bin/gnu/H-x86_64-pc-linux-gnu/bin/../lib/gcc/nios2-elf/5.3.0/libgcc.a(_umoddi3.o)
                0x000000000400a6a8                __umoddi3
 .text          0x000000000400abe0      0x1b4 /opt/intelFPGA/18.1/nios2eds/bin/gnu/H-x86_64-pc-linux-gnu/bin/../lib/gcc/nios2-elf/5.3.0/libgcc.a(lib2-divmod.o)
                0x000000000400abe0                __divsi3
                0x000000000400ac64                __modsi3
                0x000000000400acd8                __udivsi3
                0x000000000400ad3c                __umodsi3
 .text          0x000000000400ad94      0x8ac /opt/intelFPGA/18.1/nios2eds/bin/gnu/H-x86_64-pc-linux-gnu/bin/../lib/gcc/nios2-elf/5.3.0/libgcc.a(adddf3.o)
                0x000000000400ad94                __adddf3
 .text          0x000000000400b640      0x8e8 /opt/intelFPGA/18.1/nios2eds/bin/gnu/H-x86_64-pc-linux-gnu/bin/../lib/gcc/nios2-elf/5.3.0/libgcc.a(divdf3.o)
                0x000000000400b640                __divdf3
 .text          0x000000000400bf28       0x88 /opt/intelFPGA/18.1/nios2eds/bin/gnu/H-x86_64-pc-linux-gnu/bin/../lib/gcc/nios2-elf/5.3.0/libgcc.a(eqdf2.o)
                0x000000000400bf28                __eqdf2
                0x000000000400bf28                __nedf2
 .text          0x000000000400bfb0       0xdc /opt/intelFPGA/18.1/nios2eds/bin/gnu/H-x86_64-pc-linux-gnu/bin/../lib/gcc/nios2-elf/5.3.0/libgcc.a(gedf2.o)
                0x000000000400bfb0                __gtdf2
                0x000000000400bfb0                __gedf2
 .text          0x000000000400c08c       0xf4 /opt/intelFPGA/18.1/nios2eds/bin/gnu/H-x86_64-pc-linux-gnu/bin/../lib/gcc/nios2-elf/5.3.0/libgcc.a(ledf2.o)
                0x000000000400c08c                __ltdf2
                0x000000000400c08c                __ledf2
 .text          0x000000000400c180      0x718 /opt/intelFPGA/18.1/nios2eds/bin/gnu/H-x86_64-pc-linux-gnu/bin/../lib/gcc/nios2-elf/5.3.0/libgcc.a(muldf3.o)
                0x000000000400c180                __muldf3
 .text          0x000000000400c898      0x8fc /opt/intelFPGA/18.1/nios2eds/bin/gnu/H-x86_64-pc-linux-gnu/bin/../lib/gcc/nios2-elf/5.3.0/libgcc.a(subdf3.o)
                0x000000000400c898                __subdf3
 .text          0x000000000400d194       0x80 /opt/intelFPGA/18.1/nios2eds/bin/gnu/H-x86_64-pc-linux-gnu/bin/../lib/gcc/nios2-elf/5.3.0/libgcc.a(fixdfsi.o)
                0x000000000400d194                __fixdfsi
 .text          0x000000000400d214       0xdc /opt/intelFPGA/18.1/nios2eds/bin/gnu/H-x86_64-pc-linux-gnu/bin/../lib/gcc/nios2-elf/5.3.0/libgcc.a(floatsidf.o)
                0x000000000400d214                __floatsidf
 .text          0x000000000400d2f0       0xa8 /opt/intelFPGA/18.1/nios2eds/bin/gnu/H-x86_64-pc-linux-gnu/bin/../lib/gcc/nios2-elf/5.3.0/libgcc.a(floatunsidf.o)
                0x000000000400d2f0                __floatunsidf
 .text          0x000000000400d398        0x0 /opt/intelFPGA/18.1/nios2eds/bin/gnu/H-x86_64-pc-linux-gnu/bin/../lib/gcc/nios2-elf/5.3.0/libgcc.a(_clz.o)
 .text          0x000000000400d398       0x64 /opt/intelFPGA/18.1/nios2eds/bin/gnu/H-x86_64-pc-linux-gnu/bin/../lib/gcc/nios2-elf/5.3.0/libgcc.a(_clzsi2.o)
                0x000000000400d398                __clzsi2
 .text          0x000000000400d3fc      0x10c /home/vm/CyclonV_RTES_dev/counter_parallel_port/sw/nios/DE1_SoC_nios_sw_bsp//libhal_bsp.a(alt_close.o)
                0x000000000400d438                close
 .text          0x000000000400d508       0x2c /home/vm/CyclonV_RTES_dev/counter_parallel_port/sw/nios/DE1_SoC_nios_sw_bsp//libhal_bsp.a(alt_dev.o)
 .text          0x000000000400d534        0x0 /home/vm/CyclonV_RTES_dev/counter_parallel_port/sw/nios/DE1_SoC_nios_sw_bsp//libhal_bsp.a(alt_errno.o)
 .text          0x000000000400d534       0xec /home/vm/CyclonV_RTES_dev/counter_parallel_port/sw/nios/DE1_SoC_nios_sw_bsp//libhal_bsp.a(alt_fstat.o)
                0x000000000400d570                fstat
 .text          0x000000000400d620      0x1b0 /home/vm/CyclonV_RTES_dev/counter_parallel_port/sw/nios/DE1_SoC_nios_sw_bsp//libhal_bsp.a(alt_iic.o)
                0x000000000400d620                alt_ic_isr_register
                0x000000000400d670                alt_ic_irq_enable
                0x000000000400d6f8                alt_ic_irq_disable
                0x000000000400d784                alt_ic_irq_enabled
 .text          0x000000000400d7d0       0xf0 /home/vm/CyclonV_RTES_dev/counter_parallel_port/sw/nios/DE1_SoC_nios_sw_bsp//libhal_bsp.a(alt_iic_isr_register.o)
                0x000000000400d7d0                alt_iic_isr_register
 .text          0x000000000400d8c0        0x0 /home/vm/CyclonV_RTES_dev/counter_parallel_port/sw/nios/DE1_SoC_nios_sw_bsp//libhal_bsp.a(alt_irq_entry.o)
 .text          0x000000000400d8c0        0x0 /home/vm/CyclonV_RTES_dev/counter_parallel_port/sw/nios/DE1_SoC_nios_sw_bsp//libhal_bsp.a(alt_irq_handler.o)
 .text          0x000000000400d8c0        0x0 /home/vm/CyclonV_RTES_dev/counter_parallel_port/sw/nios/DE1_SoC_nios_sw_bsp//libhal_bsp.a(alt_irq_vars.o)
 .text          0x000000000400d8c0       0xe0 /home/vm/CyclonV_RTES_dev/counter_parallel_port/sw/nios/DE1_SoC_nios_sw_bsp//libhal_bsp.a(alt_isatty.o)
                0x000000000400d8fc                isatty
 .text          0x000000000400d9a0       0xec /home/vm/CyclonV_RTES_dev/counter_parallel_port/sw/nios/DE1_SoC_nios_sw_bsp//libhal_bsp.a(alt_load.o)
                0x000000000400da08                alt_load
 .text          0x000000000400da8c      0x110 /home/vm/CyclonV_RTES_dev/counter_parallel_port/sw/nios/DE1_SoC_nios_sw_bsp//libhal_bsp.a(alt_lseek.o)
                0x000000000400dac8                lseek
 .text          0x000000000400db9c       0x7c /home/vm/CyclonV_RTES_dev/counter_parallel_port/sw/nios/DE1_SoC_nios_sw_bsp//libhal_bsp.a(alt_main.o)
                0x000000000400db9c                alt_main
 .text          0x000000000400dc18       0x48 /home/vm/CyclonV_RTES_dev/counter_parallel_port/sw/nios/DE1_SoC_nios_sw_bsp//libhal_bsp.a(alt_malloc_lock.o)
                0x000000000400dc18                __malloc_lock
                0x000000000400dc3c                __malloc_unlock
 .text          0x000000000400dc60      0x22c /home/vm/CyclonV_RTES_dev/counter_parallel_port/sw/nios/DE1_SoC_nios_sw_bsp//libhal_bsp.a(alt_printf.o)
                0x000000000400dc60                alt_printf
 .text          0x000000000400de8c       0x3c /home/vm/CyclonV_RTES_dev/counter_parallel_port/sw/nios/DE1_SoC_nios_sw_bsp//libhal_bsp.a(alt_putchar.o)
                0x000000000400de8c                alt_putchar
 .text          0x000000000400dec8      0x138 /home/vm/CyclonV_RTES_dev/counter_parallel_port/sw/nios/DE1_SoC_nios_sw_bsp//libhal_bsp.a(alt_read.o)
                0x000000000400df04                read
 .text          0x000000000400e000       0x64 /home/vm/CyclonV_RTES_dev/counter_parallel_port/sw/nios/DE1_SoC_nios_sw_bsp//libhal_bsp.a(alt_release_fd.o)
                0x000000000400e000                alt_release_fd
 .text          0x000000000400e064       0xb0 /home/vm/CyclonV_RTES_dev/counter_parallel_port/sw/nios/DE1_SoC_nios_sw_bsp//libhal_bsp.a(alt_sbrk.o)
                0x000000000400e064                sbrk
 .text          0x000000000400e114      0x134 /home/vm/CyclonV_RTES_dev/counter_parallel_port/sw/nios/DE1_SoC_nios_sw_bsp//libhal_bsp.a(alt_write.o)
                0x000000000400e150                write
 .text          0x000000000400e248       0xd0 /home/vm/CyclonV_RTES_dev/counter_parallel_port/sw/nios/DE1_SoC_nios_sw_bsp//libhal_bsp.a(alt_sys_init.o)
                0x000000000400e27c                alt_irq_init
                0x000000000400e2b4                alt_sys_init
 .text          0x000000000400e318      0x164 /home/vm/CyclonV_RTES_dev/counter_parallel_port/sw/nios/DE1_SoC_nios_sw_bsp//libhal_bsp.a(altera_avalon_jtag_uart_fd.o)
                0x000000000400e318                altera_avalon_jtag_uart_read_fd
                0x000000000400e378                altera_avalon_jtag_uart_write_fd
                0x000000000400e3d8                altera_avalon_jtag_uart_close_fd
                0x000000000400e428                altera_avalon_jtag_uart_ioctl_fd
 .text          0x000000000400e47c      0x3d4 /home/vm/CyclonV_RTES_dev/counter_parallel_port/sw/nios/DE1_SoC_nios_sw_bsp//libhal_bsp.a(altera_avalon_jtag_uart_init.o)
                0x000000000400e47c                altera_avalon_jtag_uart_init
                0x000000000400e7e8                altera_avalon_jtag_uart_close
 .text          0x000000000400e850       0xf0 /home/vm/CyclonV_RTES_dev/counter_parallel_port/sw/nios/DE1_SoC_nios_sw_bsp//libhal_bsp.a(altera_avalon_jtag_uart_ioctl.o)
                0x000000000400e850                altera_avalon_jtag_uart_ioctl
 .text          0x000000000400e940      0x21c /home/vm/CyclonV_RTES_dev/counter_parallel_port/sw/nios/DE1_SoC_nios_sw_bsp//libhal_bsp.a(altera_avalon_jtag_uart_read.o)
                0x000000000400e940                altera_avalon_jtag_uart_read
 .text          0x000000000400eb5c      0x224 /home/vm/CyclonV_RTES_dev/counter_parallel_port/sw/nios/DE1_SoC_nios_sw_bsp//libhal_bsp.a(altera_avalon_jtag_uart_write.o)
                0x000000000400eb5c                altera_avalon_jtag_uart_write
 .text          0x000000000400ed80       0xf4 /home/vm/CyclonV_RTES_dev/counter_parallel_port/sw/nios/DE1_SoC_nios_sw_bsp//libhal_bsp.a(altera_avalon_timer_sc.o)
                0x000000000400edf8                alt_avalon_timer_sc_init
 .text          0x000000000400ee74      0x12c /home/vm/CyclonV_RTES_dev/counter_parallel_port/sw/nios/DE1_SoC_nios_sw_bsp//libhal_bsp.a(alt_alarm_start.o)
                0x000000000400ee74                alt_alarm_start
 .text          0x000000000400efa0       0x48 /home/vm/CyclonV_RTES_dev/counter_parallel_port/sw/nios/DE1_SoC_nios_sw_bsp//libhal_bsp.a(alt_dcache_flush_all.o)
                0x000000000400efa0                alt_dcache_flush_all
 .text          0x000000000400efe8       0xe0 /home/vm/CyclonV_RTES_dev/counter_parallel_port/sw/nios/DE1_SoC_nios_sw_bsp//libhal_bsp.a(alt_dev_llist_insert.o)
                0x000000000400f024                alt_dev_llist_insert
 .text          0x000000000400f0c8       0x60 /home/vm/CyclonV_RTES_dev/counter_parallel_port/sw/nios/DE1_SoC_nios_sw_bsp//libhal_bsp.a(alt_do_ctors.o)
                0x000000000400f0c8                _do_ctors
 .text          0x000000000400f128       0x60 /home/vm/CyclonV_RTES_dev/counter_parallel_port/sw/nios/DE1_SoC_nios_sw_bsp//libhal_bsp.a(alt_do_dtors.o)
                0x000000000400f128                _do_dtors
 .text          0x000000000400f188        0x0 /home/vm/CyclonV_RTES_dev/counter_parallel_port/sw/nios/DE1_SoC_nios_sw_bsp//libhal_bsp.a(alt_exception_entry.o)
 .text          0x000000000400f188       0x34 /home/vm/CyclonV_RTES_dev/counter_parallel_port/sw/nios/DE1_SoC_nios_sw_bsp//libhal_bsp.a(alt_icache_flush_all.o)
                0x000000000400f188                alt_icache_flush_all
 .text          0x000000000400f1bc       0x9c /home/vm/CyclonV_RTES_dev/counter_parallel_port/sw/nios/DE1_SoC_nios_sw_bsp//libhal_bsp.a(alt_instruction_exception_entry.o)
                0x000000000400f1bc                alt_exception_cause_generated_bad_addr
 .text          0x000000000400f258      0x140 /home/vm/CyclonV_RTES_dev/counter_parallel_port/sw/nios/DE1_SoC_nios_sw_bsp//libhal_bsp.a(alt_io_redirect.o)
                0x000000000400f31c                alt_io_redirect
 .text          0x000000000400f398      0x254 /home/vm/CyclonV_RTES_dev/counter_parallel_port/sw/nios/DE1_SoC_nios_sw_bsp//libhal_bsp.a(alt_open.o)
                0x000000000400f498                open
 .text          0x000000000400f5ec      0x1a4 /home/vm/CyclonV_RTES_dev/counter_parallel_port/sw/nios/DE1_SoC_nios_sw_bsp//libhal_bsp.a(alt_tick.o)
                0x000000000400f5ec                alt_alarm_stop
                0x000000000400f688                alt_tick
 .text          0x000000000400f790       0x24 /home/vm/CyclonV_RTES_dev/counter_parallel_port/sw/nios/DE1_SoC_nios_sw_bsp//libhal_bsp.a(altera_nios2_gen2_irq.o)
                0x000000000400f790                altera_nios2_gen2_irq_init
 .text          0x000000000400f7b4       0x90 /home/vm/CyclonV_RTES_dev/counter_parallel_port/sw/nios/DE1_SoC_nios_sw_bsp//libhal_bsp.a(alt_find_dev.o)
                0x000000000400f7b4                alt_find_dev
 .text          0x000000000400f844      0x108 /home/vm/CyclonV_RTES_dev/counter_parallel_port/sw/nios/DE1_SoC_nios_sw_bsp//libhal_bsp.a(alt_find_file.o)
                0x000000000400f844                alt_find_file
 .text          0x000000000400f94c       0xa4 /home/vm/CyclonV_RTES_dev/counter_parallel_port/sw/nios/DE1_SoC_nios_sw_bsp//libhal_bsp.a(alt_get_fd.o)
                0x000000000400f94c                alt_get_fd
 .text          0x000000000400f9f0       0x90 /home/vm/CyclonV_RTES_dev/counter_parallel_port/sw/nios/DE1_SoC_nios_sw_bsp//libhal_bsp.a(alt_icache_flush.o)
                0x000000000400f9f0                alt_icache_flush
 .text          0x000000000400fa80        0x0 /opt/intelFPGA/18.1/nios2eds/bin/gnu/H-x86_64-pc-linux-gnu/bin/../lib/gcc/nios2-elf/5.3.0/../../../../../H-x86_64-pc-linux-gnu/nios2-elf/lib/libc.a(lib_a-atexit.o)
 .text.atexit   0x000000000400fa80       0x14 /opt/intelFPGA/18.1/nios2eds/bin/gnu/H-x86_64-pc-linux-gnu/bin/../lib/gcc/nios2-elf/5.3.0/../../../../../H-x86_64-pc-linux-gnu/nios2-elf/lib/libc.a(lib_a-atexit.o)
                0x000000000400fa80                atexit
 .text          0x000000000400fa94        0x0 /opt/intelFPGA/18.1/nios2eds/bin/gnu/H-x86_64-pc-linux-gnu/bin/../lib/gcc/nios2-elf/5.3.0/../../../../../H-x86_64-pc-linux-gnu/nios2-elf/lib/libc.a(lib_a-exit.o)
 .text.exit     0x000000000400fa94       0x38 /opt/intelFPGA/18.1/nios2eds/bin/gnu/H-x86_64-pc-linux-gnu/bin/../lib/gcc/nios2-elf/5.3.0/../../../../../H-x86_64-pc-linux-gnu/nios2-elf/lib/libc.a(lib_a-exit.o)
                0x000000000400fa94                exit
 .text          0x000000000400facc        0x0 /opt/intelFPGA/18.1/nios2eds/bin/gnu/H-x86_64-pc-linux-gnu/bin/../lib/gcc/nios2-elf/5.3.0/../../../../../H-x86_64-pc-linux-gnu/nios2-elf/lib/libc.a(lib_a-memcmp.o)
 .text.memcmp   0x000000000400facc       0x7c /opt/intelFPGA/18.1/nios2eds/bin/gnu/H-x86_64-pc-linux-gnu/bin/../lib/gcc/nios2-elf/5.3.0/../../../../../H-x86_64-pc-linux-gnu/nios2-elf/lib/libc.a(lib_a-memcmp.o)
                0x000000000400facc                memcmp
 .text          0x000000000400fb48        0x0 /opt/intelFPGA/18.1/nios2eds/bin/gnu/H-x86_64-pc-linux-gnu/bin/../lib/gcc/nios2-elf/5.3.0/../../../../../H-x86_64-pc-linux-gnu/nios2-elf/lib/libc.a(lib_a-putc.o)
 .text._putc_r  0x000000000400fb48       0xa0 /opt/intelFPGA/18.1/nios2eds/bin/gnu/H-x86_64-pc-linux-gnu/bin/../lib/gcc/nios2-elf/5.3.0/../../../../../H-x86_64-pc-linux-gnu/nios2-elf/lib/libc.a(lib_a-putc.o)
                0x000000000400fb48                _putc_r
 .text.putc     0x000000000400fbe8       0xc8 /opt/intelFPGA/18.1/nios2eds/bin/gnu/H-x86_64-pc-linux-gnu/bin/../lib/gcc/nios2-elf/5.3.0/../../../../../H-x86_64-pc-linux-gnu/nios2-elf/lib/libc.a(lib_a-putc.o)
                0x000000000400fbe8                putc
 .text          0x000000000400fcb0        0x0 /opt/intelFPGA/18.1/nios2eds/bin/gnu/H-x86_64-pc-linux-gnu/bin/../lib/gcc/nios2-elf/5.3.0/../../../../../H-x86_64-pc-linux-gnu/nios2-elf/lib/libc.a(lib_a-__atexit.o)
 .text.__register_exitproc
                0x000000000400fcb0      0x118 /opt/intelFPGA/18.1/nios2eds/bin/gnu/H-x86_64-pc-linux-gnu/bin/../lib/gcc/nios2-elf/5.3.0/../../../../../H-x86_64-pc-linux-gnu/nios2-elf/lib/libc.a(lib_a-__atexit.o)
                0x000000000400fcb0                __register_exitproc
 .text          0x000000000400fdc8        0x0 /opt/intelFPGA/18.1/nios2eds/bin/gnu/H-x86_64-pc-linux-gnu/bin/../lib/gcc/nios2-elf/5.3.0/../../../../../H-x86_64-pc-linux-gnu/nios2-elf/lib/libc.a(lib_a-__call_atexit.o)
 .text.__call_exitprocs
                0x000000000400fdc8      0x180 /opt/intelFPGA/18.1/nios2eds/bin/gnu/H-x86_64-pc-linux-gnu/bin/../lib/gcc/nios2-elf/5.3.0/../../../../../H-x86_64-pc-linux-gnu/nios2-elf/lib/libc.a(lib_a-__call_atexit.o)
                0x000000000400fdc8                __call_exitprocs
 .text          0x000000000400ff48       0x34 /home/vm/CyclonV_RTES_dev/counter_parallel_port/sw/nios/DE1_SoC_nios_sw_bsp//libhal_bsp.a(alt_exit.o)
                0x000000000400ff48                _exit
 *(.gnu.warning.*)
 *(.fini)
                [!provide]                        PROVIDE (__etext, ABSOLUTE (.))
                [!provide]                        PROVIDE (_etext, ABSOLUTE (.))
                [!provide]                        PROVIDE (etext, ABSOLUTE (.))
 *(.eh_frame_hdr)
                0x000000000400ff7c                . = ALIGN (0x4)
                [!provide]                        PROVIDE (__preinit_array_start, ABSOLUTE (.))
 *(.preinit_array)
                [!provide]                        PROVIDE (__preinit_array_end, ABSOLUTE (.))
                [!provide]                        PROVIDE (__init_array_start, ABSOLUTE (.))
 *(.init_array)
                [!provide]                        PROVIDE (__init_array_end, ABSOLUTE (.))
                [!provide]                        PROVIDE (__fini_array_start, ABSOLUTE (.))
 *(.fini_array)
                [!provide]                        PROVIDE (__fini_array_end, ABSOLUTE (.))
 *(.eh_frame)
 *(.gcc_except_table .gcc_except_table.*)
 *(.dynamic)
                0x000000000400ff7c                PROVIDE (__CTOR_LIST__, ABSOLUTE (.))
 *(.ctors)
 *(SORT(.ctors.*))
                0x000000000400ff7c                PROVIDE (__CTOR_END__, ABSOLUTE (.))
                0x000000000400ff7c                PROVIDE (__DTOR_LIST__, ABSOLUTE (.))
 *(.dtors)
 *(SORT(.dtors.*))
                0x000000000400ff7c                PROVIDE (__DTOR_END__, ABSOLUTE (.))
 *(.jcr)
                0x000000000400ff7c                . = ALIGN (0x4)

.rodata         0x000000000400ff7c      0x470
                0x000000000400ff7c                PROVIDE (__ram_rodata_start, ABSOLUTE (.))
                0x000000000400ff7c                . = ALIGN (0x4)
 *(.rodata .rodata.* .gnu.linkonce.r.*)
 .rodata        0x000000000400ff7c       0xa8 obj/default/src/counter.o
 .rodata        0x0000000004010024       0x8c obj/default/src/interrupts_measurment.o
 .rodata        0x00000000040100b0       0x12 obj/default/src/main.o
 *fill*         0x00000000040100c2        0x2 
 .rodata        0x00000000040100c4       0x28 obj/default/src/parallel_port_test.o
 .rodata.str1.4
                0x00000000040100ec        0x2 /opt/intelFPGA/18.1/nios2eds/bin/gnu/H-x86_64-pc-linux-gnu/bin/../lib/gcc/nios2-elf/5.3.0/../../../../../H-x86_64-pc-linux-gnu/nios2-elf/lib/libc.a(lib_a-puts.o)
 *fill*         0x00000000040100ee        0x2 
 .rodata.str1.4
                0x00000000040100f0       0x42 /opt/intelFPGA/18.1/nios2eds/bin/gnu/H-x86_64-pc-linux-gnu/bin/../lib/gcc/nios2-elf/5.3.0/../../../../../H-x86_64-pc-linux-gnu/nios2-elf/lib/libc.a(lib_a-vfprintf.o)
 .rodata.zeroes.4404
                0x0000000004010132       0x10 /opt/intelFPGA/18.1/nios2eds/bin/gnu/H-x86_64-pc-linux-gnu/bin/../lib/gcc/nios2-elf/5.3.0/../../../../../H-x86_64-pc-linux-gnu/nios2-elf/lib/libc.a(lib_a-vfprintf.o)
 .rodata.blanks.4403
                0x0000000004010142       0x10 /opt/intelFPGA/18.1/nios2eds/bin/gnu/H-x86_64-pc-linux-gnu/bin/../lib/gcc/nios2-elf/5.3.0/../../../../../H-x86_64-pc-linux-gnu/nios2-elf/lib/libc.a(lib_a-vfprintf.o)
 *fill*         0x0000000004010152        0x2 
 .rodata.str1.4
                0x0000000004010154       0x10 /opt/intelFPGA/18.1/nios2eds/bin/gnu/H-x86_64-pc-linux-gnu/bin/../lib/gcc/nios2-elf/5.3.0/../../../../../H-x86_64-pc-linux-gnu/nios2-elf/lib/libc.a(lib_a-dtoa.o)
                                         0x12 (size before relaxing)
 .rodata.str1.4
                0x0000000004010164        0x2 /opt/intelFPGA/18.1/nios2eds/bin/gnu/H-x86_64-pc-linux-gnu/bin/../lib/gcc/nios2-elf/5.3.0/../../../../../H-x86_64-pc-linux-gnu/nios2-elf/lib/libc.a(lib_a-impure.o)
 *fill*         0x0000000004010166        0x2 
 .rodata.str1.4
                0x0000000004010168        0xc /opt/intelFPGA/18.1/nios2eds/bin/gnu/H-x86_64-pc-linux-gnu/bin/../lib/gcc/nios2-elf/5.3.0/../../../../../H-x86_64-pc-linux-gnu/nios2-elf/lib/libc.a(lib_a-locale.o)
                                         0x12 (size before relaxing)
 .rodata.p05.2768
                0x0000000004010174        0xc /opt/intelFPGA/18.1/nios2eds/bin/gnu/H-x86_64-pc-linux-gnu/bin/../lib/gcc/nios2-elf/5.3.0/../../../../../H-x86_64-pc-linux-gnu/nios2-elf/lib/libc.a(lib_a-mprec.o)
 .rodata.__mprec_tinytens
                0x0000000004010180       0x28 /opt/intelFPGA/18.1/nios2eds/bin/gnu/H-x86_64-pc-linux-gnu/bin/../lib/gcc/nios2-elf/5.3.0/../../../../../H-x86_64-pc-linux-gnu/nios2-elf/lib/libc.a(lib_a-mprec.o)
                0x0000000004010180                __mprec_tinytens
 .rodata.__mprec_bigtens
                0x00000000040101a8       0x28 /opt/intelFPGA/18.1/nios2eds/bin/gnu/H-x86_64-pc-linux-gnu/bin/../lib/gcc/nios2-elf/5.3.0/../../../../../H-x86_64-pc-linux-gnu/nios2-elf/lib/libc.a(lib_a-mprec.o)
                0x00000000040101a8                __mprec_bigtens
 .rodata.__mprec_tens
                0x00000000040101d0       0xc8 /opt/intelFPGA/18.1/nios2eds/bin/gnu/H-x86_64-pc-linux-gnu/bin/../lib/gcc/nios2-elf/5.3.0/../../../../../H-x86_64-pc-linux-gnu/nios2-elf/lib/libc.a(lib_a-mprec.o)
                0x00000000040101d0                __mprec_tens
 .rodata.str1.4
                0x0000000004010298       0x2f /opt/intelFPGA/18.1/nios2eds/bin/gnu/H-x86_64-pc-linux-gnu/bin/../lib/gcc/nios2-elf/5.3.0/../../../../../H-x86_64-pc-linux-gnu/nios2-elf/lib/libc.a(lib_a-vfiprintf.o)
 .rodata.zeroes.4349
                0x0000000004010298       0x10 /opt/intelFPGA/18.1/nios2eds/bin/gnu/H-x86_64-pc-linux-gnu/bin/../lib/gcc/nios2-elf/5.3.0/../../../../../H-x86_64-pc-linux-gnu/nios2-elf/lib/libc.a(lib_a-vfiprintf.o)
 .rodata.blanks.4348
                0x00000000040102a8       0x10 /opt/intelFPGA/18.1/nios2eds/bin/gnu/H-x86_64-pc-linux-gnu/bin/../lib/gcc/nios2-elf/5.3.0/../../../../../H-x86_64-pc-linux-gnu/nios2-elf/lib/libc.a(lib_a-vfiprintf.o)
 .rodata        0x00000000040102b8      0x100 /opt/intelFPGA/18.1/nios2eds/bin/gnu/H-x86_64-pc-linux-gnu/bin/../lib/gcc/nios2-elf/5.3.0/libgcc.a(_clz.o)
                0x00000000040102b8                __clz_tab
 .rodata        0x00000000040103b8        0xa /home/vm/CyclonV_RTES_dev/counter_parallel_port/sw/nios/DE1_SoC_nios_sw_bsp//libhal_bsp.a(alt_dev.o)
 *fill*         0x00000000040103c2        0x2 
 .rodata        0x00000000040103c4       0x11 /home/vm/CyclonV_RTES_dev/counter_parallel_port/sw/nios/DE1_SoC_nios_sw_bsp//libhal_bsp.a(alt_main.o)
 *fill*         0x00000000040103d5        0x3 
 .rodata        0x00000000040103d8       0x11 /home/vm/CyclonV_RTES_dev/counter_parallel_port/sw/nios/DE1_SoC_nios_sw_bsp//libhal_bsp.a(alt_sys_init.o)
 *(.rodata1)
                0x00000000040103ec                . = ALIGN (0x4)
 *fill*         0x00000000040103e9        0x3 
                0x00000000040103ec                PROVIDE (__ram_rodata_end, ABSOLUTE (.))
                0x000000000400ff7c                PROVIDE (__flash_rodata_start, LOADADDR (.rodata))

.rwdata         0x00000000040103ec     0x1aec load address 0x0000000004011ed8
                0x00000000040103ec                PROVIDE (__ram_rwdata_start, ABSOLUTE (.))
                0x00000000040103ec                . = ALIGN (0x4)
 *(.got.plt)
 *(.got)
 *(.data1)
 *(.data .data.* .gnu.linkonce.d.*)
 .data          0x00000000040103ec        0x0 /home/vm/CyclonV_RTES_dev/counter_parallel_port/sw/nios/DE1_SoC_nios_sw_bsp//obj/HAL/src/crt0.o
 .data          0x00000000040103ec        0x0 obj/default/src/counter.o
 .data          0x00000000040103ec        0x0 obj/default/src/interrupts_measurment.o
 .data          0x00000000040103ec        0x0 obj/default/src/leds_service.o
 .data          0x00000000040103ec        0x0 obj/default/src/main.o
 .data          0x00000000040103ec        0x0 obj/default/src/parallel_port_test.o
 .data          0x00000000040103ec        0x0 /opt/intelFPGA/18.1/nios2eds/bin/gnu/H-x86_64-pc-linux-gnu/bin/../lib/gcc/nios2-elf/5.3.0/../../../../../H-x86_64-pc-linux-gnu/nios2-elf/lib/libc.a(lib_a-printf.o)
 .data          0x00000000040103ec        0x0 /opt/intelFPGA/18.1/nios2eds/bin/gnu/H-x86_64-pc-linux-gnu/bin/../lib/gcc/nios2-elf/5.3.0/../../../../../H-x86_64-pc-linux-gnu/nios2-elf/lib/libc.a(lib_a-puts.o)
 .data          0x00000000040103ec        0x0 /opt/intelFPGA/18.1/nios2eds/bin/gnu/H-x86_64-pc-linux-gnu/bin/../lib/gcc/nios2-elf/5.3.0/../../../../../H-x86_64-pc-linux-gnu/nios2-elf/lib/libc.a(lib_a-strlen.o)
 .data          0x00000000040103ec        0x0 /opt/intelFPGA/18.1/nios2eds/bin/gnu/H-x86_64-pc-linux-gnu/bin/../lib/gcc/nios2-elf/5.3.0/../../../../../H-x86_64-pc-linux-gnu/nios2-elf/lib/libc.a(lib_a-vfprintf.o)
 .data          0x00000000040103ec        0x0 /opt/intelFPGA/18.1/nios2eds/bin/gnu/H-x86_64-pc-linux-gnu/bin/../lib/gcc/nios2-elf/5.3.0/../../../../../H-x86_64-pc-linux-gnu/nios2-elf/lib/libc.a(lib_a-wsetup.o)
 .data          0x00000000040103ec        0x0 /opt/intelFPGA/18.1/nios2eds/bin/gnu/H-x86_64-pc-linux-gnu/bin/../lib/gcc/nios2-elf/5.3.0/../../../../../H-x86_64-pc-linux-gnu/nios2-elf/lib/libc.a(lib_a-dtoa.o)
 .data          0x00000000040103ec        0x0 /opt/intelFPGA/18.1/nios2eds/bin/gnu/H-x86_64-pc-linux-gnu/bin/../lib/gcc/nios2-elf/5.3.0/../../../../../H-x86_64-pc-linux-gnu/nios2-elf/lib/libc.a(lib_a-fflush.o)
 .data          0x00000000040103ec        0x0 /opt/intelFPGA/18.1/nios2eds/bin/gnu/H-x86_64-pc-linux-gnu/bin/../lib/gcc/nios2-elf/5.3.0/../../../../../H-x86_64-pc-linux-gnu/nios2-elf/lib/libc.a(lib_a-findfp.o)
 .data          0x00000000040103ec        0x0 /opt/intelFPGA/18.1/nios2eds/bin/gnu/H-x86_64-pc-linux-gnu/bin/../lib/gcc/nios2-elf/5.3.0/../../../../../H-x86_64-pc-linux-gnu/nios2-elf/lib/libc.a(lib_a-freer.o)
 .data          0x00000000040103ec        0x0 /opt/intelFPGA/18.1/nios2eds/bin/gnu/H-x86_64-pc-linux-gnu/bin/../lib/gcc/nios2-elf/5.3.0/../../../../../H-x86_64-pc-linux-gnu/nios2-elf/lib/libc.a(lib_a-fvwrite.o)
 .data          0x00000000040103ec        0x0 /opt/intelFPGA/18.1/nios2eds/bin/gnu/H-x86_64-pc-linux-gnu/bin/../lib/gcc/nios2-elf/5.3.0/../../../../../H-x86_64-pc-linux-gnu/nios2-elf/lib/libc.a(lib_a-fwalk.o)
 .data          0x00000000040103ec        0x0 /opt/intelFPGA/18.1/nios2eds/bin/gnu/H-x86_64-pc-linux-gnu/bin/../lib/gcc/nios2-elf/5.3.0/../../../../../H-x86_64-pc-linux-gnu/nios2-elf/lib/libc.a(lib_a-impure.o)
 .data.impure_data
                0x00000000040103ec      0x424 /opt/intelFPGA/18.1/nios2eds/bin/gnu/H-x86_64-pc-linux-gnu/bin/../lib/gcc/nios2-elf/5.3.0/../../../../../H-x86_64-pc-linux-gnu/nios2-elf/lib/libc.a(lib_a-impure.o)
 .data          0x0000000004010810        0x0 /opt/intelFPGA/18.1/nios2eds/bin/gnu/H-x86_64-pc-linux-gnu/bin/../lib/gcc/nios2-elf/5.3.0/../../../../../H-x86_64-pc-linux-gnu/nios2-elf/lib/libc.a(lib_a-locale.o)
 .data.lc_message_charset
                0x0000000004010810       0x20 /opt/intelFPGA/18.1/nios2eds/bin/gnu/H-x86_64-pc-linux-gnu/bin/../lib/gcc/nios2-elf/5.3.0/../../../../../H-x86_64-pc-linux-gnu/nios2-elf/lib/libc.a(lib_a-locale.o)
 .data.lc_ctype_charset
                0x0000000004010830       0x20 /opt/intelFPGA/18.1/nios2eds/bin/gnu/H-x86_64-pc-linux-gnu/bin/../lib/gcc/nios2-elf/5.3.0/../../../../../H-x86_64-pc-linux-gnu/nios2-elf/lib/libc.a(lib_a-locale.o)
 .data.lconv    0x0000000004010850       0x38 /opt/intelFPGA/18.1/nios2eds/bin/gnu/H-x86_64-pc-linux-gnu/bin/../lib/gcc/nios2-elf/5.3.0/../../../../../H-x86_64-pc-linux-gnu/nios2-elf/lib/libc.a(lib_a-locale.o)
 .data          0x0000000004010888        0x0 /opt/intelFPGA/18.1/nios2eds/bin/gnu/H-x86_64-pc-linux-gnu/bin/../lib/gcc/nios2-elf/5.3.0/../../../../../H-x86_64-pc-linux-gnu/nios2-elf/lib/libc.a(lib_a-makebuf.o)
 .data          0x0000000004010888        0x0 /opt/intelFPGA/18.1/nios2eds/bin/gnu/H-x86_64-pc-linux-gnu/bin/../lib/gcc/nios2-elf/5.3.0/../../../../../H-x86_64-pc-linux-gnu/nios2-elf/lib/libc.a(lib_a-mallocr.o)
 .data.__malloc_av_
                0x0000000004010888      0x408 /opt/intelFPGA/18.1/nios2eds/bin/gnu/H-x86_64-pc-linux-gnu/bin/../lib/gcc/nios2-elf/5.3.0/../../../../../H-x86_64-pc-linux-gnu/nios2-elf/lib/libc.a(lib_a-mallocr.o)
                0x0000000004010888                __malloc_av_
 .data          0x0000000004010c90        0x0 /opt/intelFPGA/18.1/nios2eds/bin/gnu/H-x86_64-pc-linux-gnu/bin/../lib/gcc/nios2-elf/5.3.0/../../../../../H-x86_64-pc-linux-gnu/nios2-elf/lib/libc.a(lib_a-memchr.o)
 .data          0x0000000004010c90        0x0 /opt/intelFPGA/18.1/nios2eds/bin/gnu/H-x86_64-pc-linux-gnu/bin/../lib/gcc/nios2-elf/5.3.0/../../../../../H-x86_64-pc-linux-gnu/nios2-elf/lib/libc.a(lib_a-memcpy.o)
 .data          0x0000000004010c90        0x0 /opt/intelFPGA/18.1/nios2eds/bin/gnu/H-x86_64-pc-linux-gnu/bin/../lib/gcc/nios2-elf/5.3.0/../../../../../H-x86_64-pc-linux-gnu/nios2-elf/lib/libc.a(lib_a-memmove.o)
 .data          0x0000000004010c90        0x0 /opt/intelFPGA/18.1/nios2eds/bin/gnu/H-x86_64-pc-linux-gnu/bin/../lib/gcc/nios2-elf/5.3.0/../../../../../H-x86_64-pc-linux-gnu/nios2-elf/lib/libc.a(lib_a-memset.o)
 .data          0x0000000004010c90        0x0 /opt/intelFPGA/18.1/nios2eds/bin/gnu/H-x86_64-pc-linux-gnu/bin/../lib/gcc/nios2-elf/5.3.0/../../../../../H-x86_64-pc-linux-gnu/nios2-elf/lib/libc.a(lib_a-mprec.o)
 .data          0x0000000004010c90        0x0 /opt/intelFPGA/18.1/nios2eds/bin/gnu/H-x86_64-pc-linux-gnu/bin/../lib/gcc/nios2-elf/5.3.0/../../../../../H-x86_64-pc-linux-gnu/nios2-elf/lib/libc.a(lib_a-reallocr.o)
 .data          0x0000000004010c90        0x0 /opt/intelFPGA/18.1/nios2eds/bin/gnu/H-x86_64-pc-linux-gnu/bin/../lib/gcc/nios2-elf/5.3.0/../../../../../H-x86_64-pc-linux-gnu/nios2-elf/lib/libc.a(lib_a-s_fpclassify.o)
 .data          0x0000000004010c90        0x0 /opt/intelFPGA/18.1/nios2eds/bin/gnu/H-x86_64-pc-linux-gnu/bin/../lib/gcc/nios2-elf/5.3.0/../../../../../H-x86_64-pc-linux-gnu/nios2-elf/lib/libc.a(lib_a-sbrkr.o)
 .data          0x0000000004010c90        0x0 /opt/intelFPGA/18.1/nios2eds/bin/gnu/H-x86_64-pc-linux-gnu/bin/../lib/gcc/nios2-elf/5.3.0/../../../../../H-x86_64-pc-linux-gnu/nios2-elf/lib/libc.a(lib_a-stdio.o)
 .data          0x0000000004010c90        0x0 /opt/intelFPGA/18.1/nios2eds/bin/gnu/H-x86_64-pc-linux-gnu/bin/../lib/gcc/nios2-elf/5.3.0/../../../../../H-x86_64-pc-linux-gnu/nios2-elf/lib/libc.a(lib_a-strcmp.o)
 .data          0x0000000004010c90        0x0 /opt/intelFPGA/18.1/nios2eds/bin/gnu/H-x86_64-pc-linux-gnu/bin/../lib/gcc/nios2-elf/5.3.0/../../../../../H-x86_64-pc-linux-gnu/nios2-elf/lib/libc.a(lib_a-vfiprintf.o)
 .data          0x0000000004010c90        0x0 /opt/intelFPGA/18.1/nios2eds/bin/gnu/H-x86_64-pc-linux-gnu/bin/../lib/gcc/nios2-elf/5.3.0/../../../../../H-x86_64-pc-linux-gnu/nios2-elf/lib/libc.a(lib_a-writer.o)
 .data          0x0000000004010c90        0x0 /opt/intelFPGA/18.1/nios2eds/bin/gnu/H-x86_64-pc-linux-gnu/bin/../lib/gcc/nios2-elf/5.3.0/../../../../../H-x86_64-pc-linux-gnu/nios2-elf/lib/libc.a(closer.o)
 .data          0x0000000004010c90        0x0 /opt/intelFPGA/18.1/nios2eds/bin/gnu/H-x86_64-pc-linux-gnu/bin/../lib/gcc/nios2-elf/5.3.0/../../../../../H-x86_64-pc-linux-gnu/nios2-elf/lib/libc.a(lib_a-callocr.o)
 .data          0x0000000004010c90        0x0 /opt/intelFPGA/18.1/nios2eds/bin/gnu/H-x86_64-pc-linux-gnu/bin/../lib/gcc/nios2-elf/5.3.0/../../../../../H-x86_64-pc-linux-gnu/nios2-elf/lib/libc.a(lib_a-fclose.o)
 .data          0x0000000004010c90        0x0 /opt/intelFPGA/18.1/nios2eds/bin/gnu/H-x86_64-pc-linux-gnu/bin/../lib/gcc/nios2-elf/5.3.0/../../../../../H-x86_64-pc-linux-gnu/nios2-elf/lib/libc.a(lib_a-fputwc.o)
 .data          0x0000000004010c90        0x0 /opt/intelFPGA/18.1/nios2eds/bin/gnu/H-x86_64-pc-linux-gnu/bin/../lib/gcc/nios2-elf/5.3.0/../../../../../H-x86_64-pc-linux-gnu/nios2-elf/lib/libc.a(lib_a-fstatr.o)
 .data          0x0000000004010c90        0x0 /opt/intelFPGA/18.1/nios2eds/bin/gnu/H-x86_64-pc-linux-gnu/bin/../lib/gcc/nios2-elf/5.3.0/../../../../../H-x86_64-pc-linux-gnu/nios2-elf/lib/libc.a(lib_a-int_errno.o)
 .data          0x0000000004010c90        0x0 /opt/intelFPGA/18.1/nios2eds/bin/gnu/H-x86_64-pc-linux-gnu/bin/../lib/gcc/nios2-elf/5.3.0/../../../../../H-x86_64-pc-linux-gnu/nios2-elf/lib/libc.a(lib_a-isattyr.o)
 .data          0x0000000004010c90        0x0 /opt/intelFPGA/18.1/nios2eds/bin/gnu/H-x86_64-pc-linux-gnu/bin/../lib/gcc/nios2-elf/5.3.0/../../../../../H-x86_64-pc-linux-gnu/nios2-elf/lib/libc.a(lib_a-lseekr.o)
 .data          0x0000000004010c90        0x0 /opt/intelFPGA/18.1/nios2eds/bin/gnu/H-x86_64-pc-linux-gnu/bin/../lib/gcc/nios2-elf/5.3.0/../../../../../H-x86_64-pc-linux-gnu/nios2-elf/lib/libc.a(lib_a-readr.o)
 .data          0x0000000004010c90        0x0 /opt/intelFPGA/18.1/nios2eds/bin/gnu/H-x86_64-pc-linux-gnu/bin/../lib/gcc/nios2-elf/5.3.0/../../../../../H-x86_64-pc-linux-gnu/nios2-elf/lib/libc.a(lib_a-wbuf.o)
 .data          0x0000000004010c90        0x0 /opt/intelFPGA/18.1/nios2eds/bin/gnu/H-x86_64-pc-linux-gnu/bin/../lib/gcc/nios2-elf/5.3.0/../../../../../H-x86_64-pc-linux-gnu/nios2-elf/lib/libc.a(lib_a-wcrtomb.o)
 .data          0x0000000004010c90        0x0 /opt/intelFPGA/18.1/nios2eds/bin/gnu/H-x86_64-pc-linux-gnu/bin/../lib/gcc/nios2-elf/5.3.0/../../../../../H-x86_64-pc-linux-gnu/nios2-elf/lib/libc.a(lib_a-wctomb_r.o)
 .data          0x0000000004010c90        0x0 /opt/intelFPGA/18.1/nios2eds/bin/gnu/H-x86_64-pc-linux-gnu/bin/../lib/gcc/nios2-elf/5.3.0/libgcc.a(_udivdi3.o)
 .data          0x0000000004010c90        0x0 /opt/intelFPGA/18.1/nios2eds/bin/gnu/H-x86_64-pc-linux-gnu/bin/../lib/gcc/nios2-elf/5.3.0/libgcc.a(_umoddi3.o)
 .data          0x0000000004010c90        0x0 /opt/intelFPGA/18.1/nios2eds/bin/gnu/H-x86_64-pc-linux-gnu/bin/../lib/gcc/nios2-elf/5.3.0/libgcc.a(lib2-divmod.o)
 .data          0x0000000004010c90        0x0 /opt/intelFPGA/18.1/nios2eds/bin/gnu/H-x86_64-pc-linux-gnu/bin/../lib/gcc/nios2-elf/5.3.0/libgcc.a(adddf3.o)
 .data          0x0000000004010c90        0x0 /opt/intelFPGA/18.1/nios2eds/bin/gnu/H-x86_64-pc-linux-gnu/bin/../lib/gcc/nios2-elf/5.3.0/libgcc.a(divdf3.o)
 .data          0x0000000004010c90        0x0 /opt/intelFPGA/18.1/nios2eds/bin/gnu/H-x86_64-pc-linux-gnu/bin/../lib/gcc/nios2-elf/5.3.0/libgcc.a(eqdf2.o)
 .data          0x0000000004010c90        0x0 /opt/intelFPGA/18.1/nios2eds/bin/gnu/H-x86_64-pc-linux-gnu/bin/../lib/gcc/nios2-elf/5.3.0/libgcc.a(gedf2.o)
 .data          0x0000000004010c90        0x0 /opt/intelFPGA/18.1/nios2eds/bin/gnu/H-x86_64-pc-linux-gnu/bin/../lib/gcc/nios2-elf/5.3.0/libgcc.a(ledf2.o)
 .data          0x0000000004010c90        0x0 /opt/intelFPGA/18.1/nios2eds/bin/gnu/H-x86_64-pc-linux-gnu/bin/../lib/gcc/nios2-elf/5.3.0/libgcc.a(muldf3.o)
 .data          0x0000000004010c90        0x0 /opt/intelFPGA/18.1/nios2eds/bin/gnu/H-x86_64-pc-linux-gnu/bin/../lib/gcc/nios2-elf/5.3.0/libgcc.a(subdf3.o)
 .data          0x0000000004010c90        0x0 /opt/intelFPGA/18.1/nios2eds/bin/gnu/H-x86_64-pc-linux-gnu/bin/../lib/gcc/nios2-elf/5.3.0/libgcc.a(fixdfsi.o)
 .data          0x0000000004010c90        0x0 /opt/intelFPGA/18.1/nios2eds/bin/gnu/H-x86_64-pc-linux-gnu/bin/../lib/gcc/nios2-elf/5.3.0/libgcc.a(floatsidf.o)
 .data          0x0000000004010c90        0x0 /opt/intelFPGA/18.1/nios2eds/bin/gnu/H-x86_64-pc-linux-gnu/bin/../lib/gcc/nios2-elf/5.3.0/libgcc.a(floatunsidf.o)
 .data          0x0000000004010c90        0x0 /opt/intelFPGA/18.1/nios2eds/bin/gnu/H-x86_64-pc-linux-gnu/bin/../lib/gcc/nios2-elf/5.3.0/libgcc.a(_clz.o)
 .data          0x0000000004010c90        0x0 /opt/intelFPGA/18.1/nios2eds/bin/gnu/H-x86_64-pc-linux-gnu/bin/../lib/gcc/nios2-elf/5.3.0/libgcc.a(_clzsi2.o)
 .data          0x0000000004010c90        0x0 /home/vm/CyclonV_RTES_dev/counter_parallel_port/sw/nios/DE1_SoC_nios_sw_bsp//libhal_bsp.a(alt_close.o)
 .data          0x0000000004010c90      0x1a8 /home/vm/CyclonV_RTES_dev/counter_parallel_port/sw/nios/DE1_SoC_nios_sw_bsp//libhal_bsp.a(alt_dev.o)
                0x0000000004010c90                alt_dev_null
                0x0000000004010cb8                alt_fd_list
 .data          0x0000000004010e38        0x0 /home/vm/CyclonV_RTES_dev/counter_parallel_port/sw/nios/DE1_SoC_nios_sw_bsp//libhal_bsp.a(alt_errno.o)
 .data          0x0000000004010e38        0x0 /home/vm/CyclonV_RTES_dev/counter_parallel_port/sw/nios/DE1_SoC_nios_sw_bsp//libhal_bsp.a(alt_fstat.o)
 .data          0x0000000004010e38        0x0 /home/vm/CyclonV_RTES_dev/counter_parallel_port/sw/nios/DE1_SoC_nios_sw_bsp//libhal_bsp.a(alt_iic.o)
 .data          0x0000000004010e38        0x0 /home/vm/CyclonV_RTES_dev/counter_parallel_port/sw/nios/DE1_SoC_nios_sw_bsp//libhal_bsp.a(alt_iic_isr_register.o)
 .data          0x0000000004010e38        0x0 /home/vm/CyclonV_RTES_dev/counter_parallel_port/sw/nios/DE1_SoC_nios_sw_bsp//libhal_bsp.a(alt_irq_entry.o)
 .data          0x0000000004010e38        0x0 /home/vm/CyclonV_RTES_dev/counter_parallel_port/sw/nios/DE1_SoC_nios_sw_bsp//libhal_bsp.a(alt_irq_handler.o)
 .data          0x0000000004010e38        0x0 /home/vm/CyclonV_RTES_dev/counter_parallel_port/sw/nios/DE1_SoC_nios_sw_bsp//libhal_bsp.a(alt_irq_vars.o)
 .data          0x0000000004010e38        0x0 /home/vm/CyclonV_RTES_dev/counter_parallel_port/sw/nios/DE1_SoC_nios_sw_bsp//libhal_bsp.a(alt_isatty.o)
 .data          0x0000000004010e38        0x0 /home/vm/CyclonV_RTES_dev/counter_parallel_port/sw/nios/DE1_SoC_nios_sw_bsp//libhal_bsp.a(alt_load.o)
 .data          0x0000000004010e38        0x0 /home/vm/CyclonV_RTES_dev/counter_parallel_port/sw/nios/DE1_SoC_nios_sw_bsp//libhal_bsp.a(alt_lseek.o)
 .data          0x0000000004010e38        0x0 /home/vm/CyclonV_RTES_dev/counter_parallel_port/sw/nios/DE1_SoC_nios_sw_bsp//libhal_bsp.a(alt_main.o)
 .data          0x0000000004010e38        0x0 /home/vm/CyclonV_RTES_dev/counter_parallel_port/sw/nios/DE1_SoC_nios_sw_bsp//libhal_bsp.a(alt_malloc_lock.o)
 .data          0x0000000004010e38        0x0 /home/vm/CyclonV_RTES_dev/counter_parallel_port/sw/nios/DE1_SoC_nios_sw_bsp//libhal_bsp.a(alt_printf.o)
 .data          0x0000000004010e38        0x0 /home/vm/CyclonV_RTES_dev/counter_parallel_port/sw/nios/DE1_SoC_nios_sw_bsp//libhal_bsp.a(alt_putchar.o)
 .data          0x0000000004010e38        0x0 /home/vm/CyclonV_RTES_dev/counter_parallel_port/sw/nios/DE1_SoC_nios_sw_bsp//libhal_bsp.a(alt_read.o)
 .data          0x0000000004010e38        0x0 /home/vm/CyclonV_RTES_dev/counter_parallel_port/sw/nios/DE1_SoC_nios_sw_bsp//libhal_bsp.a(alt_release_fd.o)
 .data          0x0000000004010e38        0x0 /home/vm/CyclonV_RTES_dev/counter_parallel_port/sw/nios/DE1_SoC_nios_sw_bsp//libhal_bsp.a(alt_sbrk.o)
 .data          0x0000000004010e38        0x0 /home/vm/CyclonV_RTES_dev/counter_parallel_port/sw/nios/DE1_SoC_nios_sw_bsp//libhal_bsp.a(alt_write.o)
 .data          0x0000000004010e38     0x1060 /home/vm/CyclonV_RTES_dev/counter_parallel_port/sw/nios/DE1_SoC_nios_sw_bsp//libhal_bsp.a(alt_sys_init.o)
 .data          0x0000000004011e98        0x0 /home/vm/CyclonV_RTES_dev/counter_parallel_port/sw/nios/DE1_SoC_nios_sw_bsp//libhal_bsp.a(altera_avalon_jtag_uart_fd.o)
 .data          0x0000000004011e98        0x0 /home/vm/CyclonV_RTES_dev/counter_parallel_port/sw/nios/DE1_SoC_nios_sw_bsp//libhal_bsp.a(altera_avalon_jtag_uart_init.o)
 .data          0x0000000004011e98        0x0 /home/vm/CyclonV_RTES_dev/counter_parallel_port/sw/nios/DE1_SoC_nios_sw_bsp//libhal_bsp.a(altera_avalon_jtag_uart_ioctl.o)
 .data          0x0000000004011e98        0x0 /home/vm/CyclonV_RTES_dev/counter_parallel_port/sw/nios/DE1_SoC_nios_sw_bsp//libhal_bsp.a(altera_avalon_jtag_uart_read.o)
 .data          0x0000000004011e98        0x0 /home/vm/CyclonV_RTES_dev/counter_parallel_port/sw/nios/DE1_SoC_nios_sw_bsp//libhal_bsp.a(altera_avalon_jtag_uart_write.o)
 .data          0x0000000004011e98        0x0 /home/vm/CyclonV_RTES_dev/counter_parallel_port/sw/nios/DE1_SoC_nios_sw_bsp//libhal_bsp.a(altera_avalon_timer_sc.o)
 .data          0x0000000004011e98        0x0 /home/vm/CyclonV_RTES_dev/counter_parallel_port/sw/nios/DE1_SoC_nios_sw_bsp//libhal_bsp.a(alt_alarm_start.o)
 .data          0x0000000004011e98        0x0 /home/vm/CyclonV_RTES_dev/counter_parallel_port/sw/nios/DE1_SoC_nios_sw_bsp//libhal_bsp.a(alt_dcache_flush_all.o)
 .data          0x0000000004011e98        0x0 /home/vm/CyclonV_RTES_dev/counter_parallel_port/sw/nios/DE1_SoC_nios_sw_bsp//libhal_bsp.a(alt_dev_llist_insert.o)
 .data          0x0000000004011e98        0x0 /home/vm/CyclonV_RTES_dev/counter_parallel_port/sw/nios/DE1_SoC_nios_sw_bsp//libhal_bsp.a(alt_do_ctors.o)
 .data          0x0000000004011e98        0x0 /home/vm/CyclonV_RTES_dev/counter_parallel_port/sw/nios/DE1_SoC_nios_sw_bsp//libhal_bsp.a(alt_do_dtors.o)
 .data          0x0000000004011e98        0x0 /home/vm/CyclonV_RTES_dev/counter_parallel_port/sw/nios/DE1_SoC_nios_sw_bsp//libhal_bsp.a(alt_exception_entry.o)
 .data          0x0000000004011e98        0x0 /home/vm/CyclonV_RTES_dev/counter_parallel_port/sw/nios/DE1_SoC_nios_sw_bsp//libhal_bsp.a(alt_icache_flush_all.o)
 .data          0x0000000004011e98        0x0 /home/vm/CyclonV_RTES_dev/counter_parallel_port/sw/nios/DE1_SoC_nios_sw_bsp//libhal_bsp.a(alt_instruction_exception_entry.o)
 .data          0x0000000004011e98        0x0 /home/vm/CyclonV_RTES_dev/counter_parallel_port/sw/nios/DE1_SoC_nios_sw_bsp//libhal_bsp.a(alt_io_redirect.o)
 .data          0x0000000004011e98        0x0 /home/vm/CyclonV_RTES_dev/counter_parallel_port/sw/nios/DE1_SoC_nios_sw_bsp//libhal_bsp.a(alt_open.o)
 .data          0x0000000004011e98        0x0 /home/vm/CyclonV_RTES_dev/counter_parallel_port/sw/nios/DE1_SoC_nios_sw_bsp//libhal_bsp.a(alt_tick.o)
 .data          0x0000000004011e98        0x0 /home/vm/CyclonV_RTES_dev/counter_parallel_port/sw/nios/DE1_SoC_nios_sw_bsp//libhal_bsp.a(altera_nios2_gen2_irq.o)
 .data          0x0000000004011e98        0x0 /home/vm/CyclonV_RTES_dev/counter_parallel_port/sw/nios/DE1_SoC_nios_sw_bsp//libhal_bsp.a(alt_find_dev.o)
 .data          0x0000000004011e98        0x0 /home/vm/CyclonV_RTES_dev/counter_parallel_port/sw/nios/DE1_SoC_nios_sw_bsp//libhal_bsp.a(alt_find_file.o)
 .data          0x0000000004011e98        0x0 /home/vm/CyclonV_RTES_dev/counter_parallel_port/sw/nios/DE1_SoC_nios_sw_bsp//libhal_bsp.a(alt_get_fd.o)
 .data          0x0000000004011e98        0x0 /home/vm/CyclonV_RTES_dev/counter_parallel_port/sw/nios/DE1_SoC_nios_sw_bsp//libhal_bsp.a(alt_icache_flush.o)
 .data          0x0000000004011e98        0x0 /opt/intelFPGA/18.1/nios2eds/bin/gnu/H-x86_64-pc-linux-gnu/bin/../lib/gcc/nios2-elf/5.3.0/../../../../../H-x86_64-pc-linux-gnu/nios2-elf/lib/libc.a(lib_a-atexit.o)
 .data          0x0000000004011e98        0x0 /opt/intelFPGA/18.1/nios2eds/bin/gnu/H-x86_64-pc-linux-gnu/bin/../lib/gcc/nios2-elf/5.3.0/../../../../../H-x86_64-pc-linux-gnu/nios2-elf/lib/libc.a(lib_a-exit.o)
 .data          0x0000000004011e98        0x0 /opt/intelFPGA/18.1/nios2eds/bin/gnu/H-x86_64-pc-linux-gnu/bin/../lib/gcc/nios2-elf/5.3.0/../../../../../H-x86_64-pc-linux-gnu/nios2-elf/lib/libc.a(lib_a-memcmp.o)
 .data          0x0000000004011e98        0x0 /opt/intelFPGA/18.1/nios2eds/bin/gnu/H-x86_64-pc-linux-gnu/bin/../lib/gcc/nios2-elf/5.3.0/../../../../../H-x86_64-pc-linux-gnu/nios2-elf/lib/libc.a(lib_a-putc.o)
 .data          0x0000000004011e98        0x0 /opt/intelFPGA/18.1/nios2eds/bin/gnu/H-x86_64-pc-linux-gnu/bin/../lib/gcc/nios2-elf/5.3.0/../../../../../H-x86_64-pc-linux-gnu/nios2-elf/lib/libc.a(lib_a-__atexit.o)
 .data          0x0000000004011e98        0x0 /opt/intelFPGA/18.1/nios2eds/bin/gnu/H-x86_64-pc-linux-gnu/bin/../lib/gcc/nios2-elf/5.3.0/../../../../../H-x86_64-pc-linux-gnu/nios2-elf/lib/libc.a(lib_a-__call_atexit.o)
 .data          0x0000000004011e98        0x0 /home/vm/CyclonV_RTES_dev/counter_parallel_port/sw/nios/DE1_SoC_nios_sw_bsp//libhal_bsp.a(alt_exit.o)
                0x0000000004019e98                _gp = ABSOLUTE ((. + 0x8000))
                [!provide]                        PROVIDE (gp, _gp)
 *(.rwdata .rwdata.*)
 *(.sdata .sdata.* .gnu.linkonce.s.*)
 .sdata._global_impure_ptr
                0x0000000004011e98        0x4 /opt/intelFPGA/18.1/nios2eds/bin/gnu/H-x86_64-pc-linux-gnu/bin/../lib/gcc/nios2-elf/5.3.0/../../../../../H-x86_64-pc-linux-gnu/nios2-elf/lib/libc.a(lib_a-impure.o)
                0x0000000004011e98                _global_impure_ptr
 .sdata._impure_ptr
                0x0000000004011e9c        0x4 /opt/intelFPGA/18.1/nios2eds/bin/gnu/H-x86_64-pc-linux-gnu/bin/../lib/gcc/nios2-elf/5.3.0/../../../../../H-x86_64-pc-linux-gnu/nios2-elf/lib/libc.a(lib_a-impure.o)
                0x0000000004011e9c                _impure_ptr
 .sdata.__mb_cur_max
                0x0000000004011ea0        0x4 /opt/intelFPGA/18.1/nios2eds/bin/gnu/H-x86_64-pc-linux-gnu/bin/../lib/gcc/nios2-elf/5.3.0/../../../../../H-x86_64-pc-linux-gnu/nios2-elf/lib/libc.a(lib_a-locale.o)
                0x0000000004011ea0                __mb_cur_max
 .sdata.__malloc_sbrk_base
                0x0000000004011ea4        0x4 /opt/intelFPGA/18.1/nios2eds/bin/gnu/H-x86_64-pc-linux-gnu/bin/../lib/gcc/nios2-elf/5.3.0/../../../../../H-x86_64-pc-linux-gnu/nios2-elf/lib/libc.a(lib_a-mallocr.o)
                0x0000000004011ea4                __malloc_sbrk_base
 .sdata.__malloc_trim_threshold
                0x0000000004011ea8        0x4 /opt/intelFPGA/18.1/nios2eds/bin/gnu/H-x86_64-pc-linux-gnu/bin/../lib/gcc/nios2-elf/5.3.0/../../../../../H-x86_64-pc-linux-gnu/nios2-elf/lib/libc.a(lib_a-mallocr.o)
                0x0000000004011ea8                __malloc_trim_threshold
 .sdata.__wctomb
                0x0000000004011eac        0x4 /opt/intelFPGA/18.1/nios2eds/bin/gnu/H-x86_64-pc-linux-gnu/bin/../lib/gcc/nios2-elf/5.3.0/../../../../../H-x86_64-pc-linux-gnu/nios2-elf/lib/libc.a(lib_a-wctomb_r.o)
                0x0000000004011eac                __wctomb
 .sdata         0x0000000004011eb0       0x14 /home/vm/CyclonV_RTES_dev/counter_parallel_port/sw/nios/DE1_SoC_nios_sw_bsp//libhal_bsp.a(alt_dev.o)
                0x0000000004011eb0                alt_fs_list
                0x0000000004011eb8                alt_dev_list
                0x0000000004011ec0                alt_max_fd
 .sdata         0x0000000004011ec4        0x4 /home/vm/CyclonV_RTES_dev/counter_parallel_port/sw/nios/DE1_SoC_nios_sw_bsp//libhal_bsp.a(alt_errno.o)
                0x0000000004011ec4                alt_errno
 .sdata         0x0000000004011ec8        0x4 /home/vm/CyclonV_RTES_dev/counter_parallel_port/sw/nios/DE1_SoC_nios_sw_bsp//libhal_bsp.a(alt_irq_vars.o)
                0x0000000004011ec8                alt_priority_mask
 .sdata         0x0000000004011ecc        0x4 /home/vm/CyclonV_RTES_dev/counter_parallel_port/sw/nios/DE1_SoC_nios_sw_bsp//libhal_bsp.a(alt_sbrk.o)
 .sdata         0x0000000004011ed0        0x8 /home/vm/CyclonV_RTES_dev/counter_parallel_port/sw/nios/DE1_SoC_nios_sw_bsp//libhal_bsp.a(alt_tick.o)
                0x0000000004011ed0                alt_alarm_list
 *(.sdata2 .sdata2.* .gnu.linkonce.s2.*)
                0x0000000004011ed8                . = ALIGN (0x4)
                0x0000000004011ed8                _edata = ABSOLUTE (.)
                [!provide]                        PROVIDE (edata, ABSOLUTE (.))
                0x0000000004011ed8                PROVIDE (__ram_rwdata_end, ABSOLUTE (.))
                0x0000000004011ed8                PROVIDE (__flash_rwdata_start, LOADADDR (.rwdata))

.bss            0x00000000040139c4      0x170
                0x00000000040139c4                __bss_start = ABSOLUTE (.)
                [!provide]                        PROVIDE (__sbss_start, ABSOLUTE (.))
                [!provide]                        PROVIDE (___sbss_start, ABSOLUTE (.))
 *(.dynsbss)
 *(.sbss .sbss.* .gnu.linkonce.sb.*)
 .sbss          0x00000000040139c4        0x4 obj/default/src/interrupts_measurment.o
                0x00000000040139c4                aaa
 .sbss          0x00000000040139c8        0xc obj/default/src/interrupts_measurment.o
                0x00000000040139c8                snaph
                0x00000000040139cc                flag
                0x00000000040139d0                snapl
 .sbss._PathLocale
                0x00000000040139d4        0x4 /opt/intelFPGA/18.1/nios2eds/bin/gnu/H-x86_64-pc-linux-gnu/bin/../lib/gcc/nios2-elf/5.3.0/../../../../../H-x86_64-pc-linux-gnu/nios2-elf/lib/libc.a(lib_a-locale.o)
                0x00000000040139d4                _PathLocale
 .sbss.__mlocale_changed
                0x00000000040139d8        0x4 /opt/intelFPGA/18.1/nios2eds/bin/gnu/H-x86_64-pc-linux-gnu/bin/../lib/gcc/nios2-elf/5.3.0/../../../../../H-x86_64-pc-linux-gnu/nios2-elf/lib/libc.a(lib_a-locale.o)
                0x00000000040139d8                __mlocale_changed
 .sbss.__nlocale_changed
                0x00000000040139dc        0x4 /opt/intelFPGA/18.1/nios2eds/bin/gnu/H-x86_64-pc-linux-gnu/bin/../lib/gcc/nios2-elf/5.3.0/../../../../../H-x86_64-pc-linux-gnu/nios2-elf/lib/libc.a(lib_a-locale.o)
                0x00000000040139dc                __nlocale_changed
 .sbss.__malloc_max_total_mem
                0x00000000040139e0        0x4 /opt/intelFPGA/18.1/nios2eds/bin/gnu/H-x86_64-pc-linux-gnu/bin/../lib/gcc/nios2-elf/5.3.0/../../../../../H-x86_64-pc-linux-gnu/nios2-elf/lib/libc.a(lib_a-mallocr.o)
                0x00000000040139e0                __malloc_max_total_mem
 .sbss.__malloc_max_sbrked_mem
                0x00000000040139e4        0x4 /opt/intelFPGA/18.1/nios2eds/bin/gnu/H-x86_64-pc-linux-gnu/bin/../lib/gcc/nios2-elf/5.3.0/../../../../../H-x86_64-pc-linux-gnu/nios2-elf/lib/libc.a(lib_a-mallocr.o)
                0x00000000040139e4                __malloc_max_sbrked_mem
 .sbss.__malloc_top_pad
                0x00000000040139e8        0x4 /opt/intelFPGA/18.1/nios2eds/bin/gnu/H-x86_64-pc-linux-gnu/bin/../lib/gcc/nios2-elf/5.3.0/../../../../../H-x86_64-pc-linux-gnu/nios2-elf/lib/libc.a(lib_a-mallocr.o)
                0x00000000040139e8                __malloc_top_pad
 .sbss          0x00000000040139ec        0x4 /opt/intelFPGA/18.1/nios2eds/bin/gnu/H-x86_64-pc-linux-gnu/bin/../lib/gcc/nios2-elf/5.3.0/../../../../../H-x86_64-pc-linux-gnu/nios2-elf/lib/libc.a(lib_a-int_errno.o)
                0x00000000040139ec                errno