Archive member included to satisfy reference by file (symbol)

/opt/intelFPGA/18.1/nios2eds/bin/gnu/H-x86_64-pc-linux-gnu/bin/../lib/gcc/nios2-elf/5.3.0/../../../../../H-x86_64-pc-linux-gnu/nios2-elf/lib/libc.a(lib_a-puts.o)
                              obj/default/src/main.o (puts)
/opt/intelFPGA/18.1/nios2eds/bin/gnu/H-x86_64-pc-linux-gnu/bin/../lib/gcc/nios2-elf/5.3.0/../../../../../H-x86_64-pc-linux-gnu/nios2-elf/lib/libc.a(lib_a-strlen.o)
                              /opt/intelFPGA/18.1/nios2eds/bin/gnu/H-x86_64-pc-linux-gnu/bin/../lib/gcc/nios2-elf/5.3.0/../../../../../H-x86_64-pc-linux-gnu/nios2-elf/lib/libc.a(lib_a-puts.o) (strlen)
/opt/intelFPGA/18.1/nios2eds/bin/gnu/H-x86_64-pc-linux-gnu/bin/../lib/gcc/nios2-elf/5.3.0/../../../../../H-x86_64-pc-linux-gnu/nios2-elf/lib/libc.a(lib_a-findfp.o)
                              /opt/intelFPGA/18.1/nios2eds/bin/gnu/H-x86_64-pc-linux-gnu/bin/../lib/gcc/nios2-elf/5.3.0/../../../../../H-x86_64-pc-linux-gnu/nios2-elf/lib/libc.a(lib_a-puts.o) (__sinit)
/opt/intelFPGA/18.1/nios2eds/bin/gnu/H-x86_64-pc-linux-gnu/bin/../lib/gcc/nios2-elf/5.3.0/../../../../../H-x86_64-pc-linux-gnu/nios2-elf/lib/libc.a(lib_a-fvwrite.o)
                              /opt/intelFPGA/18.1/nios2eds/bin/gnu/H-x86_64-pc-linux-gnu/bin/../lib/gcc/nios2-elf/5.3.0/../../../../../H-x86_64-pc-linux-gnu/nios2-elf/lib/libc.a(lib_a-puts.o) (__sfvwrite_r)
/opt/intelFPGA/18.1/nios2eds/bin/gnu/H-x86_64-pc-linux-gnu/bin/../lib/gcc/nios2-elf/5.3.0/../../../../../H-x86_64-pc-linux-gnu/nios2-elf/lib/libc.a(lib_a-fwalk.o)
                              /opt/intelFPGA/18.1/nios2eds/bin/gnu/H-x86_64-pc-linux-gnu/bin/../lib/gcc/nios2-elf/5.3.0/../../../../../H-x86_64-pc-linux-gnu/nios2-elf/lib/libc.a(lib_a-findfp.o) (_fwalk)
/opt/intelFPGA/18.1/nios2eds/bin/gnu/H-x86_64-pc-linux-gnu/bin/../lib/gcc/nios2-elf/5.3.0/../../../../../H-x86_64-pc-linux-gnu/nios2-elf/lib/libc.a(lib_a-impure.o)
                              /opt/intelFPGA/18.1/nios2eds/bin/gnu/H-x86_64-pc-linux-gnu/bin/../lib/gcc/nios2-elf/5.3.0/../../../../../H-x86_64-pc-linux-gnu/nios2-elf/lib/libc.a(lib_a-findfp.o) (_global_impure_ptr)
/opt/intelFPGA/18.1/nios2eds/bin/gnu/H-x86_64-pc-linux-gnu/bin/../lib/gcc/nios2-elf/5.3.0/../../../../../H-x86_64-pc-linux-gnu/nios2-elf/lib/libc.a(lib_a-mallocr.o)
                              /opt/intelFPGA/18.1/nios2eds/bin/gnu/H-x86_64-pc-linux-gnu/bin/../lib/gcc/nios2-elf/5.3.0/../../../../../H-x86_64-pc-linux-gnu/nios2-elf/lib/libc.a(lib_a-findfp.o) (_malloc_r)
/opt/intelFPGA/18.1/nios2eds/bin/gnu/H-x86_64-pc-linux-gnu/bin/../lib/gcc/nios2-elf/5.3.0/../../../../../H-x86_64-pc-linux-gnu/nios2-elf/lib/libc.a(lib_a-memchr.o)
                              /opt/intelFPGA/18.1/nios2eds/bin/gnu/H-x86_64-pc-linux-gnu/bin/../lib/gcc/nios2-elf/5.3.0/../../../../../H-x86_64-pc-linux-gnu/nios2-elf/lib/libc.a(lib_a-fvwrite.o) (memchr)
/opt/intelFPGA/18.1/nios2eds/bin/gnu/H-x86_64-pc-linux-gnu/bin/../lib/gcc/nios2-elf/5.3.0/../../../../../H-x86_64-pc-linux-gnu/nios2-elf/lib/libc.a(lib_a-memcpy.o)
                              /opt/intelFPGA/18.1/nios2eds/bin/gnu/H-x86_64-pc-linux-gnu/bin/../lib/gcc/nios2-elf/5.3.0/../../../../../H-x86_64-pc-linux-gnu/nios2-elf/lib/libc.a(lib_a-fvwrite.o) (memcpy)
/opt/intelFPGA/18.1/nios2eds/bin/gnu/H-x86_64-pc-linux-gnu/bin/../lib/gcc/nios2-elf/5.3.0/../../../../../H-x86_64-pc-linux-gnu/nios2-elf/lib/libc.a(lib_a-memmove.o)
                              /opt/intelFPGA/18.1/nios2eds/bin/gnu/H-x86_64-pc-linux-gnu/bin/../lib/gcc/nios2-elf/5.3.0/../../../../../H-x86_64-pc-linux-gnu/nios2-elf/lib/libc.a(lib_a-fvwrite.o) (memmove)
/opt/intelFPGA/18.1/nios2eds/bin/gnu/H-x86_64-pc-linux-gnu/bin/../lib/gcc/nios2-elf/5.3.0/../../../../../H-x86_64-pc-linux-gnu/nios2-elf/lib/libc.a(lib_a-memset.o)
                              /opt/intelFPGA/18.1/nios2eds/bin/gnu/H-x86_64-pc-linux-gnu/bin/../lib/gcc/nios2-elf/5.3.0/../../../../../H-x86_64-pc-linux-gnu/nios2-elf/lib/libc.a(lib_a-findfp.o) (memset)
/opt/intelFPGA/18.1/nios2eds/bin/gnu/H-x86_64-pc-linux-gnu/bin/../lib/gcc/nios2-elf/5.3.0/../../../../../H-x86_64-pc-linux-gnu/nios2-elf/lib/libc.a(lib_a-reallocr.o)
                              /opt/intelFPGA/18.1/nios2eds/bin/gnu/H-x86_64-pc-linux-gnu/bin/../lib/gcc/nios2-elf/5.3.0/../../../../../H-x86_64-pc-linux-gnu/nios2-elf/lib/libc.a(lib_a-fvwrite.o) (_realloc_r)
/opt/intelFPGA/18.1/nios2eds/bin/gnu/H-x86_64-pc-linux-gnu/bin/../lib/gcc/nios2-elf/5.3.0/../../../../../H-x86_64-pc-linux-gnu/nios2-elf/lib/libc.a(lib_a-sbrkr.o)
                              /opt/intelFPGA/18.1/nios2eds/bin/gnu/H-x86_64-pc-linux-gnu/bin/../lib/gcc/nios2-elf/5.3.0/../../../../../H-x86_64-pc-linux-gnu/nios2-elf/lib/libc.a(lib_a-mallocr.o) (_sbrk_r)
/opt/intelFPGA/18.1/nios2eds/bin/gnu/H-x86_64-pc-linux-gnu/bin/../lib/gcc/nios2-elf/5.3.0/../../../../../H-x86_64-pc-linux-gnu/nios2-elf/lib/libc.a(lib_a-stdio.o)
[...]
Memory Configuration

Name             Origin             Length             Attributes
reset            0x0000000004000000 0x0000000000000020
sdram_controller_0 0x0000000004000020 0x0000000003ffffe0
*default*        0x0000000000000000 0xffffffffffffffff

Linker script and memory map

LOAD /home/vm/CyclonV_RTES_dev/counter_parallel_port/sw/nios/DE1_SoC_nios_sw_bsp//obj/HAL/src/crt0.o
LOAD obj/default/src/counter.o
LOAD obj/default/src/interrupts_measurment.o
LOAD obj/default/src/leds_service.o
LOAD obj/default/src/main.o
LOAD obj/default/src/parallel_port_test.o
LOAD /opt/intelFPGA/18.1/nios2eds/bin/gnu/H-x86_64-pc-linux-gnu/bin/../lib/gcc/nios2-elf/5.3.0/../../../../../H-x86_64-pc-linux-gnu/nios2-elf/lib/libstdc++.a
LOAD /opt/intelFPGA/18.1/nios2eds/bin/gnu/H-x86_64-pc-linux-gnu/bin/../lib/gcc/nios2-elf/5.3.0/../../../../../H-x86_64-pc-linux-gnu/nios2-elf/lib/libm.a
LOAD /opt/intelFPGA/18.1/nios2eds/bin/gnu/H-x86_64-pc-linux-gnu/bin/../lib/gcc/nios2-elf/5.3.0/libgcc.a
START GROUP
LOAD /opt/intelFPGA/18.1/nios2eds/bin/gnu/H-x86_64-pc-linux-gnu/bin/../lib/gcc/nios2-elf/5.3.0/../../../../../H-x86_64-pc-linux-gnu/nios2-elf/lib/libc.a
LOAD /opt/intelFPGA/18.1/nios2eds/bin/gnu/H-x86_64-pc-linux-gnu/bin/../lib/gcc/nios2-elf/5.3.0/libgcc.a
LOAD /home/vm/CyclonV_RTES_dev/counter_parallel_port/sw/nios/DE1_SoC_nios_sw_bsp//libhal_bsp.a
LOAD /opt/intelFPGA/18.1/nios2eds/bin/gnu/H-x86_64-pc-linux-gnu/bin/../lib/gcc/nios2-elf/5.3.0/../../../../../H-x86_64-pc-linux-gnu/nios2-elf/lib/libm.a
END GROUP
LOAD /opt/intelFPGA/18.1/nios2eds/bin/gnu/H-x86_64-pc-linux-gnu/bin/../lib/gcc/nios2-elf/5.3.0/libgcc.a
                0x0000000004000000                __alt_mem_sdram_controller_0 = 0x4000000

.entry          0x0000000004000000       0x20
 *(.entry)
 .entry         0x0000000004000000       0x20 /home/vm/CyclonV_RTES_dev/counter_parallel_port/sw/nios/DE1_SoC_nios_sw_bsp//obj/HAL/src/crt0.o
                0x0000000004000000                __reset

.exceptions     0x0000000004000020      0x224
                0x0000000004000020                PROVIDE (__ram_exceptions_start, ABSOLUTE (.))
                0x0000000004000020                . = ALIGN (0x20)
 *(.irq)
 *(.exceptions.entry.label)
 .exceptions.entry.label
                0x0000000004000020        0x0 /home/vm/CyclonV_RTES_dev/counter_parallel_port/sw/nios/DE1_SoC_nios_sw_bsp//libhal_bsp.a(alt_irq_entry.o)
                0x0000000004000020                alt_irq_entry
 .exceptions.entry.label
                0x0000000004000020        0x0 /home/vm/CyclonV_RTES_dev/counter_parallel_port/sw/nios/DE1_SoC_nios_sw_bsp//libhal_bsp.a(alt_exception_entry.o)
                0x0000000004000020                alt_exception
 *(.exceptions.entry.user)
 *(.exceptions.entry.ecc_fatal)
 *(.exceptions.entry)
 .exceptions.entry
                0x0000000004000020       0x54 /home/vm/CyclonV_RTES_dev/counter_parallel_port/sw/nios/DE1_SoC_nios_sw_bsp//libhal_bsp.a(alt_exception_entry.o)
 *(.exceptions.irqtest.user)
 *(.exceptions.irqtest)
 .exceptions.irqtest
                0x0000000004000074       0x10 /home/vm/CyclonV_RTES_dev/counter_parallel_port/sw/nios/DE1_SoC_nios_sw_bsp//libhal_bsp.a(alt_irq_entry.o)
 *(.exceptions.irqhandler.user)
 *(.exceptions.irqhandler)
 .exceptions.irqhandler
                0x0000000004000084        0x4 /home/vm/CyclonV_RTES_dev/counter_parallel_port/sw/nios/DE1_SoC_nios_sw_bsp//libhal_bsp.a(alt_irq_entry.o)
 *(.exceptions.irqreturn.user)
 *(.exceptions.irqreturn)
 .exceptions.irqreturn
                0x0000000004000088        0x4 /home/vm/CyclonV_RTES_dev/counter_parallel_port/sw/nios/DE1_SoC_nios_sw_bsp//libhal_bsp.a(alt_irq_entry.o)
 *(.exceptions.notirq.label)
 .exceptions.notirq.label
                0x000000000400008c        0x0 /home/vm/CyclonV_RTES_dev/counter_parallel_port/sw/nios/DE1_SoC_nios_sw_bsp//libhal_bsp.a(alt_irq_entry.o)
 *(.exceptions.notirq.user)
 *(.exceptions.notirq)
 .exceptions.notirq
                0x000000000400008c        0x8 /home/vm/CyclonV_RTES_dev/counter_parallel_port/sw/nios/DE1_SoC_nios_sw_bsp//libhal_bsp.a(alt_exception_entry.o)
 *(.exceptions.soft.user)
 *(.exceptions.soft)
 *(.exceptions.unknown.user)
 *(.exceptions.unknown)
 .exceptions.unknown
                0x0000000004000094       0x14 /home/vm/CyclonV_RTES_dev/counter_parallel_port/sw/nios/DE1_SoC_nios_sw_bsp//libhal_bsp.a(alt_exception_entry.o)
 *(.exceptions.exit.label)
 .exceptions.exit.label
                0x00000000040000a8        0x0 /home/vm/CyclonV_RTES_dev/counter_parallel_port/sw/nios/DE1_SoC_nios_sw_bsp//libhal_bsp.a(alt_irq_entry.o)
 .exceptions.exit.label
                0x00000000040000a8        0x0 /home/vm/CyclonV_RTES_dev/counter_parallel_port/sw/nios/DE1_SoC_nios_sw_bsp//libhal_bsp.a(alt_exception_entry.o)
 *(.exceptions.exit.user)
 *(.exceptions.exit)
 .exceptions.exit
                0x00000000040000a8       0x54 /home/vm/CyclonV_RTES_dev/counter_parallel_port/sw/nios/DE1_SoC_nios_sw_bsp//libhal_bsp.a(alt_exception_entry.o)
 *(.exceptions)
 .exceptions    0x00000000040000fc       0xd4 /home/vm/CyclonV_RTES_dev/counter_parallel_port/sw/nios/DE1_SoC_nios_sw_bsp//libhal_bsp.a(alt_irq_handler.o)
                0x00000000040000fc                alt_irq_handler
 .exceptions    0x00000000040001d0       0x74 /home/vm/CyclonV_RTES_dev/counter_parallel_port/sw/nios/DE1_SoC_nios_sw_bsp//libhal_bsp.a(alt_instruction_exception_entry.o)
                0x00000000040001d0                alt_instruction_exception_entry
                0x0000000004000244                PROVIDE (__ram_exceptions_end, ABSOLUTE (.))
                0x0000000004000020                PROVIDE (__flash_exceptions_start, LOADADDR (.exceptions))

.text           0x0000000004000244     0x62d8
                [!provide]                        PROVIDE (stext, ABSOLUTE (.))
 *(.interp)
 *(.hash)
 *(.dynsym)
 *(.dynstr)
 *(.gnu.version)
 *(.gnu.version_d)
 *(.gnu.version_r)
 *(.rel.init)
 *(.rela.init)
 *(.rel.text .rel.text.* .rel.gnu.linkonce.t.*)
 *(.rela.text .rela.text.* .rela.gnu.linkonce.t.*)
 *(.rel.fini)
 *(.rela.fini)
 *(.rel.rodata .rel.rodata.* .rel.gnu.linkonce.r.*)
 *(.rela.rodata .rela.rodata.* .rela.gnu.linkonce.r.*)
 *(.rel.data .rel.data.* .rel.gnu.linkonce.d.*)
 *(.rela.data .rela.data.* .rela.gnu.linkonce.d.*)
 *(.rel.tdata .rel.tdata.* .rel.gnu.linkonce.td.*)
 *(.rela.tdata .rela.tdata.* .rela.gnu.linkonce.td.*)
 *(.rel.tbss .rel.tbss.* .rel.gnu.linkonce.tb.*)
 *(.rela.tbss .rela.tbss.* .rela.gnu.linkonce.tb.*)
 *(.rel.ctors)
 *(.rela.ctors)
 *(.rel.dtors)
 *(.rela.dtors)
 *(.rel.got)
 *(.rela.got)
 *(.rel.sdata .rel.sdata.* .rel.gnu.linkonce.s.*)
 *(.rela.sdata .rela.sdata.* .rela.gnu.linkonce.s.*)
 *(.rel.sbss .rel.sbss.* .rel.gnu.linkonce.sb.*)
 *(.rela.sbss .rela.sbss.* .rela.gnu.linkonce.sb.*)
 *(.rel.sdata2 .rel.sdata2.* .rel.gnu.linkonce.s2.*)
 *(.rela.sdata2 .rela.sdata2.* .rela.gnu.linkonce.s2.*)
 *(.rel.sbss2 .rel.sbss2.* .rel.gnu.linkonce.sb2.*)
 *(.rela.sbss2 .rela.sbss2.* .rela.gnu.linkonce.sb2.*)
 *(.rel.bss .rel.bss.* .rel.gnu.linkonce.b.*)
 *(.rela.bss .rela.bss.* .rela.gnu.linkonce.b.*)
 *(.rel.plt)
 *(.rela.plt)
 *(.rel.dyn)
 *(.init)
 *(.plt)
 *(.text .stub .text.* .gnu.linkonce.t.*)
 .text          0x0000000004000244       0x4c /home/vm/CyclonV_RTES_dev/counter_parallel_port/sw/nios/DE1_SoC_nios_sw_bsp//obj/HAL/src/crt0.o
                0x0000000004000244                _start
 .text          0x0000000004000290      0x120 obj/default/src/counter.o
                0x0000000004000290                test_counter
 .text          0x00000000040003b0      0x314 obj/default/src/interrupts_measurment.o
                0x0000000004000480                setup_response_timer
                0x0000000004000528                setup_recovery_timer
                0x00000000040005dc                measure_response_time
                0x000000000400063c                measure_recovery_time
 .text          0x00000000040006c4       0x94 obj/default/src/leds_service.o
                0x00000000040006c4                setup_leds
                0x00000000040006f4                handle_leds
 .text          0x0000000004000758       0x5c obj/default/src/main.o
                0x0000000004000758                main
 .text          0x00000000040007b4      0x140 obj/default/src/parallel_port_test.o
                0x00000000040007b4                test_parallel_port
 .text          0x00000000040008f4        0x0 /opt/intelFPGA/18.1/nios2eds/bin/gnu/H-x86_64-pc-linux-gnu/bin/../lib/gcc/nios2-elf/5.3.0/../../../../../H-x86_64-pc-linux-gnu/nios2-elf/lib/libc.a(lib_a-puts.o)
 .text._puts_r  0x00000000040008f4       0xc0 /opt/intelFPGA/18.1/nios2eds/bin/gnu/H-x86_64-pc-linux-gnu/bin/../lib/gcc/nios2-elf/5.3.0/../../../../../H-x86_64-pc-linux-gnu/nios2-elf/lib/libc.a(lib_a-puts.o)
                0x00000000040008f4                _puts_r
 .text.puts     0x00000000040009b4       0x14 /opt/intelFPGA/18.1/nios2eds/bin/gnu/H-x86_64-pc-linux-gnu/bin/../lib/gcc/nios2-elf/5.3.0/../../../../../H-x86_64-pc-linux-gnu/nios2-elf/lib/libc.a(lib_a-puts.o)
                0x00000000040009b4                puts
 .text          0x00000000040009c8        0x0 /opt/intelFPGA/18.1/nios2eds/bin/gnu/H-x86_64-pc-linux-gnu/bin/../lib/gcc/nios2-elf/5.3.0/../../../../../H-x86_64-pc-linux-gnu/nios2-elf/lib/libc.a(lib_a-strlen.o)
 .text.strlen   0x00000000040009c8       0x98 /opt/intelFPGA/18.1/nios2eds/bin/gnu/H-x86_64-pc-linux-gnu/bin/../lib/gcc/nios2-elf/5.3.0/../../../../../H-x86_64-pc-linux-gnu/nios2-elf/lib/libc.a(lib_a-strlen.o)
                0x00000000040009c8                strlen
 .text          0x0000000004000a60        0x0 /opt/intelFPGA/18.1/nios2eds/bin/gnu/H-x86_64-pc-linux-gnu/bin/../lib/gcc/nios2-elf/5.3.0/../../../../../H-x86_64-pc-linux-gnu/nios2-elf/lib/libc.a(lib_a-findfp.o)
 .text.__fp_unlock
                0x0000000004000a60        0x8 /opt/intelFPGA/18.1/nios2eds/bin/gnu/H-x86_64-pc-linux-gnu/bin/../lib/gcc/nios2-elf/5.3.0/../../../../../H-x86_64-pc-linux-gnu/nios2-elf/lib/libc.a(lib_a-findfp.o)
 .text._cleanup_r
                0x0000000004000a68        0xc /opt/intelFPGA/18.1/nios2eds/bin/gnu/H-x86_64-pc-linux-gnu/bin/../lib/gcc/nios2-elf/5.3.0/../../../../../H-x86_64-pc-linux-gnu/nios2-elf/lib/libc.a(lib_a-findfp.o)
                0x0000000004000a68                _cleanup_r
 .text.__sinit.part.1
                0x0000000004000a74      0x19c /opt/intelFPGA/18.1/nios2eds/bin/gnu/H-x86_64-pc-linux-gnu/bin/../lib/gcc/nios2-elf/5.3.0/../../../../../H-x86_64-pc-linux-gnu/nios2-elf/lib/libc.a(lib_a-findfp.o)
 .text.__fp_lock
                0x0000000004000c10        0x8 /opt/intelFPGA/18.1/nios2eds/bin/gnu/H-x86_64-pc-linux-gnu/bin/../lib/gcc/nios2-elf/5.3.0/../../../../../H-x86_64-pc-linux-gnu/nios2-elf/lib/libc.a(lib_a-findfp.o)
 .text.__sfmoreglue
                0x0000000004000c18       0x68 /opt/intelFPGA/18.1/nios2eds/bin/gnu/H-x86_64-pc-linux-gnu/bin/../lib/gcc/nios2-elf/5.3.0/../../../../../H-x86_64-pc-linux-gnu/nios2-elf/lib/libc.a(lib_a-findfp.o)
                0x0000000004000c18                __sfmoreglue
 .text.__sfp    0x0000000004000c80      0x118 /opt/intelFPGA/18.1/nios2eds/bin/gnu/H-x86_64-pc-linux-gnu/bin/../lib/gcc/nios2-elf/5.3.0/../../../../../H-x86_64-pc-linux-gnu/nios2-elf/lib/libc.a(lib_a-findfp.o)
                0x0000000004000c80                __sfp
 .text._cleanup
                0x0000000004000d98       0x18 /opt/intelFPGA/18.1/nios2eds/bin/gnu/H-x86_64-pc-linux-gnu/bin/../lib/gcc/nios2-elf/5.3.0/../../../../../H-x86_64-pc-linux-gnu/nios2-elf/lib/libc.a(lib_a-findfp.o)
                0x0000000004000d98                _cleanup
 .text.__sinit  0x0000000004000db0       0x10 /opt/intelFPGA/18.1/nios2eds/bin/gnu/H-x86_64-pc-linux-gnu/bin/../lib/gcc/nios2-elf/5.3.0/../../../../../H-x86_64-pc-linux-gnu/nios2-elf/lib/libc.a(lib_a-findfp.o)
                0x0000000004000db0                __sinit
 .text.__sfp_lock_acquire
                0x0000000004000dc0        0x4 /opt/intelFPGA/18.1/nios2eds/bin/gnu/H-x86_64-pc-linux-gnu/bin/../lib/gcc/nios2-elf/5.3.0/../../../../../H-x86_64-pc-linux-gnu/nios2-elf/lib/libc.a(lib_a-findfp.o)
                0x0000000004000dc0                __sfp_lock_acquire
 .text.__sfp_lock_release
                0x0000000004000dc4        0x4 /opt/intelFPGA/18.1/nios2eds/bin/gnu/H-x86_64-pc-linux-gnu/bin/../lib/gcc/nios2-elf/5.3.0/../../../../../H-x86_64-pc-linux-gnu/nios2-elf/lib/libc.a(lib_a-findfp.o)
                0x0000000004000dc4                __sfp_lock_release
 .text.__sinit_lock_acquire
                0x0000000004000dc8        0x4 /opt/intelFPGA/18.1/nios2eds/bin/gnu/H-x86_64-pc-linux-gnu/bin/../lib/gcc/nios2-elf/5.3.0/../../../../../H-x86_64-pc-linux-gnu/nios2-elf/lib/libc.a(lib_a-findfp.o)
                0x0000000004000dc8                __sinit_lock_acquire
 .text.__sinit_lock_release
                0x0000000004000dcc        0x4 /opt/intelFPGA/18.1/nios2eds/bin/gnu/H-x86_64-pc-linux-gnu/bin/../lib/gcc/nios2-elf/5.3.0/../../../../../H-x86_64-pc-linux-gnu/nios2-elf/lib/libc.a(lib_a-findfp.o)
                0x0000000004000dcc                __sinit_lock_release
 .text.__fp_lock_all
                0x0000000004000dd0       0x18 /opt/intelFPGA/18.1/nios2eds/bin/gnu/H-x86_64-pc-linux-gnu/bin/../lib/gcc/nios2-elf/5.3.0/../../../../../H-x86_64-pc-linux-gnu/nios2-elf/lib/libc.a(lib_a-findfp.o)
                0x0000000004000dd0                __fp_lock_all
 .text.__fp_unlock_all
                0x0000000004000de8       0x18 /opt/intelFPGA/18.1/nios2eds/bin/gnu/H-x86_64-pc-linux-gnu/bin/../lib/gcc/nios2-elf/5.3.0/../../../../../H-x86_64-pc-linux-gnu/nios2-elf/lib/libc.a(lib_a-findfp.o)
                0x0000000004000de8                __fp_unlock_all
 .text          0x0000000004000e00        0x0 /opt/intelFPGA/18.1/nios2eds/bin/gnu/H-x86_64-pc-linux-gnu/bin/../lib/gcc/nios2-elf/5.3.0/../../../../../H-x86_64-pc-linux-gnu/nios2-elf/lib/libc.a(lib_a-fvwrite.o)
 .text.__sfvwrite_r
                0x0000000004000e00      0x4bc /opt/intelFPGA/18.1/nios2eds/bin/gnu/H-x86_64-pc-linux-gnu/bin/../lib/gcc/nios2-elf/5.3.0/../../../../../H-x86_64-pc-linux-gnu/nios2-elf/lib/libc.a(lib_a-fvwrite.o)
                0x0000000004000e00                __sfvwrite_r
 .text          0x00000000040012bc        0x0 /opt/intelFPGA/18.1/nios2eds/bin/gnu/H-x86_64-pc-linux-gnu/bin/../lib/gcc/nios2-elf/5.3.0/../../../../../H-x86_64-pc-linux-gnu/nios2-elf/lib/libc.a(lib_a-fwalk.o)
 .text._fwalk   0x00000000040012bc       0xc4 /opt/intelFPGA/18.1/nios2eds/bin/gnu/H-x86_64-pc-linux-gnu/bin/../lib/gcc/nios2-elf/5.3.0/../../../../../H-x86_64-pc-linux-gnu/nios2-elf/lib/libc.a(lib_a-fwalk.o)
                0x00000000040012bc                _fwalk
 .text._fwalk_reent
                0x0000000004001380       0xc4 /opt/intelFPGA/18.1/nios2eds/bin/gnu/H-x86_64-pc-linux-gnu/bin/../lib/gcc/nios2-elf/5.3.0/../../../../../H-x86_64-pc-linux-gnu/nios2-elf/lib/libc.a(lib_a-fwalk.o)
                0x0000000004001380                _fwalk_reent
 .text          0x0000000004001444        0x0 /opt/intelFPGA/18.1/nios2eds/bin/gnu/H-x86_64-pc-linux-gnu/bin/../lib/gcc/nios2-elf/5.3.0/../../../../../H-x86_64-pc-linux-gnu/nios2-elf/lib/libc.a(lib_a-impure.o)
 .text          0x0000000004001444        0x0 /opt/intelFPGA/18.1/nios2eds/bin/gnu/H-x86_64-pc-linux-gnu/bin/../lib/gcc/nios2-elf/5.3.0/../../../../../H-x86_64-pc-linux-gnu/nios2-elf/lib/libc.a(lib_a-mallocr.o)
 .text._malloc_r
                0x0000000004001444      0x80c /opt/intelFPGA/18.1/nios2eds/bin/gnu/H-x86_64-pc-linux-gnu/bin/../lib/gcc/nios2-elf/5.3.0/../../../../../H-x86_64-pc-linux-gnu/nios2-elf/lib/libc.a(lib_a-mallocr.o)
                0x0000000004001444                _malloc_r
 .text          0x0000000004001c50        0x0 /opt/intelFPGA/18.1/nios2eds/bin/gnu/H-x86_64-pc-linux-gnu/bin/../lib/gcc/nios2-elf/5.3.0/../../../../../H-x86_64-pc-linux-gnu/nios2-elf/lib/libc.a(lib_a-memchr.o)
 .text.memchr   0x0000000004001c50       0xe4 /opt/intelFPGA/18.1/nios2eds/bin/gnu/H-x86_64-pc-linux-gnu/bin/../lib/gcc/nios2-elf/5.3.0/../../../../../H-x86_64-pc-linux-gnu/nios2-elf/lib/libc.a(lib_a-memchr.o)
                0x0000000004001c50                memchr
 .text          0x0000000004001d34        0x0 /opt/intelFPGA/18.1/nios2eds/bin/gnu/H-x86_64-pc-linux-gnu/bin/../lib/gcc/nios2-elf/5.3.0/../../../../../H-x86_64-pc-linux-gnu/nios2-elf/lib/libc.a(lib_a-memcpy.o)
 .text.memcpy   0x0000000004001d34      0x148 /opt/intelFPGA/18.1/nios2eds/bin/gnu/H-x86_64-pc-linux-gnu/bin/../lib/gcc/nios2-elf/5.3.0/../../../../../H-x86_64-pc-linux-gnu/nios2-elf/lib/libc.a(lib_a-memcpy.o)
                0x0000000004001d34                memcpy
 .text          0x0000000004001e7c        0x0 /opt/intelFPGA/18.1/nios2eds/bin/gnu/H-x86_64-pc-linux-gnu/bin/../lib/gcc/nios2-elf/5.3.0/../../../../../H-x86_64-pc-linux-gnu/nios2-elf/lib/libc.a(lib_a-memmove.o)
 .text.memmove  0x0000000004001e7c      0x15c /opt/intelFPGA/18.1/nios2eds/bin/gnu/H-x86_64-pc-linux-gnu/bin/../lib/gcc/nios2-elf/5.3.0/../../../../../H-x86_64-pc-linux-gnu/nios2-elf/lib/libc.a(lib_a-memmove.o)
                0x0000000004001e7c                memmove
 .text          0x0000000004001fd8        0x0 /opt/intelFPGA/18.1/nios2eds/bin/gnu/H-x86_64-pc-linux-gnu/bin/../lib/gcc/nios2-elf/5.3.0/../../../../../H-x86_64-pc-linux-gnu/nios2-elf/lib/libc.a(lib_a-memset.o)
 .text.memset   0x0000000004001fd8      0x128 /opt/intelFPGA/18.1/nios2eds/bin/gnu/H-x86_64-pc-linux-gnu/bin/../lib/gcc/nios2-elf/5.3.0/../../../../../H-x86_64-pc-linux-gnu/nios2-elf/lib/libc.a(lib_a-memset.o)
                0x0000000004001fd8                memset
 .text          0x0000000004002100        0x0 /opt/intelFPGA/18.1/nios2eds/bin/gnu/H-x86_64-pc-linux-gnu/bin/../lib/gcc/nios2-elf/5.3.0/../../../../../H-x86_64-pc-linux-gnu/nios2-elf/lib/libc.a(lib_a-reallocr.o)
 .text._realloc_r
                0x0000000004002100      0x564 /opt/intelFPGA/18.1/nios2eds/bin/gnu/H-x86_64-pc-linux-gnu/bin/../lib/gcc/nios2-elf/5.3.0/../../../../../H-x86_64-pc-linux-gnu/nios2-elf/lib/libc.a(lib_a-reallocr.o)
                0x0000000004002100                _realloc_r
 .text          0x0000000004002664        0x0 /opt/intelFPGA/18.1/nios2eds/bin/gnu/H-x86_64-pc-linux-gnu/bin/../lib/gcc/nios2-elf/5.3.0/../../../../../H-x86_64-pc-linux-gnu/nios2-elf/lib/libc.a(lib_a-sbrkr.o)
 .text._sbrk_r  0x0000000004002664       0x54 /opt/intelFPGA/18.1/nios2eds/bin/gnu/H-x86_64-pc-linux-gnu/bin/../lib/gcc/nios2-elf/5.3.0/../../../../../H-x86_64-pc-linux-gnu/nios2-elf/lib/libc.a(lib_a-sbrkr.o)
                0x0000000004002664                _sbrk_r
 .text          0x00000000040026b8        0x0 /opt/intelFPGA/18.1/nios2eds/bin/gnu/H-x86_64-pc-linux-gnu/bin/../lib/gcc/nios2-elf/5.3.0/../../../../../H-x86_64-pc-linux-gnu/nios2-elf/lib/libc.a(lib_a-stdio.o)
 .text.__sread  0x00000000040026b8       0x54 /opt/intelFPGA/18.1/nios2eds/bin/gnu/H-x86_64-pc-linux-gnu/bin/../lib/gcc/nios2-elf/5.3.0/../../../../../H-x86_64-pc-linux-gnu/nios2-elf/lib/libc.a(lib_a-stdio.o)
                0x00000000040026b8                __sread
 .text.__seofread
                0x000000000400270c        0x8 /opt/intelFPGA/18.1/nios2eds/bin/gnu/H-x86_64-pc-linux-gnu/bin/../lib/gcc/nios2-elf/5.3.0/../../../../../H-x86_64-pc-linux-gnu/nios2-elf/lib/libc.a(lib_a-stdio.o)
                0x000000000400270c                __seofread
 .text.__swrite
                0x0000000004002714       0x7c /opt/intelFPGA/18.1/nios2eds/bin/gnu/H-x86_64-pc-linux-gnu/bin/../lib/gcc/nios2-elf/5.3.0/../../../../../H-x86_64-pc-linux-gnu/nios2-elf/lib/libc.a(lib_a-stdio.o)
                0x0000000004002714                __swrite
 .text.__sseek  0x0000000004002790       0x5c /opt/intelFPGA/18.1/nios2eds/bin/gnu/H-x86_64-pc-linux-gnu/bin/../lib/gcc/nios2-elf/5.3.0/../../../../../H-x86_64-pc-linux-gnu/nios2-elf/lib/libc.a(lib_a-stdio.o)
                0x0000000004002790                __sseek
 .text.__sclose
                0x00000000040027ec        0x8 /opt/intelFPGA/18.1/nios2eds/bin/gnu/H-x86_64-pc-linux-gnu/bin/../lib/gcc/nios2-elf/5.3.0/../../../../../H-x86_64-pc-linux-gnu/nios2-elf/lib/libc.a(lib_a-stdio.o)
                0x00000000040027ec                __sclose
 .text          0x00000000040027f4        0x0 /opt/intelFPGA/18.1/nios2eds/bin/gnu/H-x86_64-pc-linux-gnu/bin/../lib/gcc/nios2-elf/5.3.0/../../../../../H-x86_64-pc-linux-gnu/nios2-elf/lib/libc.a(lib_a-writer.o)
 .text._write_r
                0x00000000040027f4       0x60 /opt/intelFPGA/18.1/nios2eds/bin/gnu/H-x86_64-pc-linux-gnu/bin/../lib/gcc/nios2-elf/5.3.0/../../../../../H-x86_64-pc-linux-gnu/nios2-elf/lib/libc.a(lib_a-writer.o)
                0x00000000040027f4                _write_r
 .text          0x0000000004002854        0x0 /opt/intelFPGA/18.1/nios2eds/bin/gnu/H-x86_64-pc-linux-gnu/bin/../lib/gcc/nios2-elf/5.3.0/../../../../../H-x86_64-pc-linux-gnu/nios2-elf/lib/libc.a(lib_a-wsetup.o)
 .text.__swsetup_r
                0x0000000004002854      0x154 /opt/intelFPGA/18.1/nios2eds/bin/gnu/H-x86_64-pc-linux-gnu/bin/../lib/gcc/nios2-elf/5.3.0/../../../../../H-x86_64-pc-linux-gnu/nios2-elf/lib/libc.a(lib_a-wsetup.o)
                0x0000000004002854                __swsetup_r
 .text          0x00000000040029a8        0x0 /opt/intelFPGA/18.1/nios2eds/bin/gnu/H-x86_64-pc-linux-gnu/bin/../lib/gcc/nios2-elf/5.3.0/../../../../../H-x86_64-pc-linux-gnu/nios2-elf/lib/libc.a(closer.o)
 .text._close_r
                0x00000000040029a8       0x54 /opt/intelFPGA/18.1/nios2eds/bin/gnu/H-x86_64-pc-linux-gnu/bin/../lib/gcc/nios2-elf/5.3.0/../../../../../H-x86_64-pc-linux-gnu/nios2-elf/lib/libc.a(closer.o)
                0x00000000040029a8                _close_r
 .text          0x00000000040029fc        0x0 /opt/intelFPGA/18.1/nios2eds/bin/gnu/H-x86_64-pc-linux-gnu/bin/../lib/gcc/nios2-elf/5.3.0/../../../../../H-x86_64-pc-linux-gnu/nios2-elf/lib/libc.a(lib_a-fclose.o)
 .text._fclose_r
                0x00000000040029fc       0xf0 /opt/intelFPGA/18.1/nios2eds/bin/gnu/H-x86_64-pc-linux-gnu/bin/../lib/gcc/nios2-elf/5.3.0/../../../../../H-x86_64-pc-linux-gnu/nios2-elf/lib/libc.a(lib_a-fclose.o)
                0x00000000040029fc                _fclose_r
 .text.fclose   0x0000000004002aec       0x14 /opt/intelFPGA/18.1/nios2eds/bin/gnu/H-x86_64-pc-linux-gnu/bin/../lib/gcc/nios2-elf/5.3.0/../../../../../H-x86_64-pc-linux-gnu/nios2-elf/lib/libc.a(lib_a-fclose.o)
                0x0000000004002aec                fclose
 .text          0x0000000004002b00        0x0 /opt/intelFPGA/18.1/nios2eds/bin/gnu/H-x86_64-pc-linux-gnu/bin/../lib/gcc/nios2-elf/5.3.0/../../../../../H-x86_64-pc-linux-gnu/nios2-elf/lib/libc.a(lib_a-fflush.o)
 .text.__sflush_r
                0x0000000004002b00      0x21c /opt/intelFPGA/18.1/nios2eds/bin/gnu/H-x86_64-pc-linux-gnu/bin/../lib/gcc/nios2-elf/5.3.0/../../../../../H-x86_64-pc-linux-gnu/nios2-elf/lib/libc.a(lib_a-fflush.o)
                0x0000000004002b00                __sflush_r
 .text._fflush_r
                0x0000000004002d1c       0x5c /opt/intelFPGA/18.1/nios2eds/bin/gnu/H-x86_64-pc-linux-gnu/bin/../lib/gcc/nios2-elf/5.3.0/../../../../../H-x86_64-pc-linux-gnu/nios2-elf/lib/libc.a(lib_a-fflush.o)
                0x0000000004002d1c                _fflush_r
 .text.fflush   0x0000000004002d78       0x30 /opt/intelFPGA/18.1/nios2eds/bin/gnu/H-x86_64-pc-linux-gnu/bin/../lib/gcc/nios2-elf/5.3.0/../../../../../H-x86_64-pc-linux-gnu/nios2-elf/lib/libc.a(lib_a-fflush.o)
                0x0000000004002d78                fflush
 .text          0x0000000004002da8        0x0 /opt/intelFPGA/18.1/nios2eds/bin/gnu/H-x86_64-pc-linux-gnu/bin/../lib/gcc/nios2-elf/5.3.0/../../../../../H-x86_64-pc-linux-gnu/nios2-elf/lib/libc.a(lib_a-freer.o)
 .text._malloc_trim_r
                0x0000000004002da8      0x124 /opt/intelFPGA/18.1/nios2eds/bin/gnu/H-x86_64-pc-linux-gnu/bin/../lib/gcc/nios2-elf/5.3.0/../../../../../H-x86_64-pc-linux-gnu/nios2-elf/lib/libc.a(lib_a-freer.o)
                0x0000000004002da8                _malloc_trim_r
 .text._free_r  0x0000000004002ecc      0x310 /opt/intelFPGA/18.1/nios2eds/bin/gnu/H-x86_64-pc-linux-gnu/bin/../lib/gcc/nios2-elf/5.3.0/../../../../../H-x86_64-pc-linux-gnu/nios2-elf/lib/libc.a(lib_a-freer.o)
                0x0000000004002ecc                _free_r
 .text          0x00000000040031dc        0x0 /opt/intelFPGA/18.1/nios2eds/bin/gnu/H-x86_64-pc-linux-gnu/bin/../lib/gcc/nios2-elf/5.3.0/../../../../../H-x86_64-pc-linux-gnu/nios2-elf/lib/libc.a(lib_a-int_errno.o)
 .text          0x00000000040031dc        0x0 /opt/intelFPGA/18.1/nios2eds/bin/gnu/H-x86_64-pc-linux-gnu/bin/../lib/gcc/nios2-elf/5.3.0/../../../../../H-x86_64-pc-linux-gnu/nios2-elf/lib/libc.a(lib_a-lseekr.o)
 .text._lseek_r
                0x00000000040031dc       0x60 /opt/intelFPGA/18.1/nios2eds/bin/gnu/H-x86_64-pc-linux-gnu/bin/../lib/gcc/nios2-elf/5.3.0/../../../../../H-x86_64-pc-linux-gnu/nios2-elf/lib/libc.a(lib_a-lseekr.o)
                0x00000000040031dc                _lseek_r
 .text          0x000000000400323c        0x0 /opt/intelFPGA/18.1/nios2eds/bin/gnu/H-x86_64-pc-linux-gnu/bin/../lib/gcc/nios2-elf/5.3.0/../../../../../H-x86_64-pc-linux-gnu/nios2-elf/lib/libc.a(lib_a-makebuf.o)
 .text.__smakebuf_r
                0x000000000400323c      0x1bc /opt/intelFPGA/18.1/nios2eds/bin/gnu/H-x86_64-pc-linux-gnu/bin/../lib/gcc/nios2-elf/5.3.0/../../../../../H-x86_64-pc-linux-gnu/nios2-elf/lib/libc.a(lib_a-makebuf.o)
                0x000000000400323c                __smakebuf_r
 .text          0x00000000040033f8        0x0 /opt/intelFPGA/18.1/nios2eds/bin/gnu/H-x86_64-pc-linux-gnu/bin/../lib/gcc/nios2-elf/5.3.0/../../../../../H-x86_64-pc-linux-gnu/nios2-elf/lib/libc.a(lib_a-readr.o)
 .text._read_r  0x00000000040033f8       0x60 /opt/intelFPGA/18.1/nios2eds/bin/gnu/H-x86_64-pc-linux-gnu/bin/../lib/gcc/nios2-elf/5.3.0/../../../../../H-x86_64-pc-linux-gnu/nios2-elf/lib/libc.a(lib_a-readr.o)
                0x00000000040033f8                _read_r
 .text          0x0000000004003458        0x0 /opt/intelFPGA/18.1/nios2eds/bin/gnu/H-x86_64-pc-linux-gnu/bin/../lib/gcc/nios2-elf/5.3.0/../../../../../H-x86_64-pc-linux-gnu/nios2-elf/lib/libc.a(lib_a-fstatr.o)
 .text._fstat_r
                0x0000000004003458       0x5c /opt/intelFPGA/18.1/nios2eds/bin/gnu/H-x86_64-pc-linux-gnu/bin/../lib/gcc/nios2-elf/5.3.0/../../../../../H-x86_64-pc-linux-gnu/nios2-elf/lib/libc.a(lib_a-fstatr.o)
                0x0000000004003458                _fstat_r
 .text          0x00000000040034b4        0x0 /opt/intelFPGA/18.1/nios2eds/bin/gnu/H-x86_64-pc-linux-gnu/bin/../lib/gcc/nios2-elf/5.3.0/../../../../../H-x86_64-pc-linux-gnu/nios2-elf/lib/libc.a(lib_a-isattyr.o)
 .text._isatty_r
                0x00000000040034b4       0x54 /opt/intelFPGA/18.1/nios2eds/bin/gnu/H-x86_64-pc-linux-gnu/bin/../lib/gcc/nios2-elf/5.3.0/../../../../../H-x86_64-pc-linux-gnu/nios2-elf/lib/libc.a(lib_a-isattyr.o)
                0x00000000040034b4                _isatty_r
 .text          0x0000000004003508      0x1b4 /opt/intelFPGA/18.1/nios2eds/bin/gnu/H-x86_64-pc-linux-gnu/bin/../lib/gcc/nios2-elf/5.3.0/libgcc.a(lib2-divmod.o)
                0x0000000004003508                __divsi3
                0x000000000400358c                __modsi3
                0x0000000004003600                __udivsi3
                0x0000000004003664                __umodsi3
 .text          0x00000000040036bc      0x10c /home/vm/CyclonV_RTES_dev/counter_parallel_port/sw/nios/DE1_SoC_nios_sw_bsp//libhal_bsp.a(alt_close.o)
                0x00000000040036f8                close
 .text          0x00000000040037c8       0x2c /home/vm/CyclonV_RTES_dev/counter_parallel_port/sw/nios/DE1_SoC_nios_sw_bsp//libhal_bsp.a(alt_dev.o)
 .text          0x00000000040037f4        0x0 /home/vm/CyclonV_RTES_dev/counter_parallel_port/sw/nios/DE1_SoC_nios_sw_bsp//libhal_bsp.a(alt_errno.o)
 .text          0x00000000040037f4       0xec /home/vm/CyclonV_RTES_dev/counter_parallel_port/sw/nios/DE1_SoC_nios_sw_bsp//libhal_bsp.a(alt_fstat.o)
                0x0000000004003830                fstat
 .text          0x00000000040038e0      0x1b0 /home/vm/CyclonV_RTES_dev/counter_parallel_port/sw/nios/DE1_SoC_nios_sw_bsp//libhal_bsp.a(alt_iic.o)
                0x00000000040038e0                alt_ic_isr_register
                0x0000000004003930                alt_ic_irq_enable
                0x00000000040039b8                alt_ic_irq_disable
                0x0000000004003a44                alt_ic_irq_enabled
 .text          0x0000000004003a90       0xf0 /home/vm/CyclonV_RTES_dev/counter_parallel_port/sw/nios/DE1_SoC_nios_sw_bsp//libhal_bsp.a(alt_iic_isr_register.o)
                0x0000000004003a90                alt_iic_isr_register
 .text          0x0000000004003b80        0x0 /home/vm/CyclonV_RTES_dev/counter_parallel_port/sw/nios/DE1_SoC_nios_sw_bsp//libhal_bsp.a(alt_irq_entry.o)
 .text          0x0000000004003b80        0x0 /home/vm/CyclonV_RTES_dev/counter_parallel_port/sw/nios/DE1_SoC_nios_sw_bsp//libhal_bsp.a(alt_irq_handler.o)
 .text          0x0000000004003b80        0x0 /home/vm/CyclonV_RTES_dev/counter_parallel_port/sw/nios/DE1_SoC_nios_sw_bsp//libhal_bsp.a(alt_irq_vars.o)
 .text          0x0000000004003b80       0xe0 /home/vm/CyclonV_RTES_dev/counter_parallel_port/sw/nios/DE1_SoC_nios_sw_bsp//libhal_bsp.a(alt_isatty.o)
                0x0000000004003bbc                isatty
 .text          0x0000000004003c60       0xec /home/vm/CyclonV_RTES_dev/counter_parallel_port/sw/nios/DE1_SoC_nios_sw_bsp//libhal_bsp.a(alt_load.o)
                0x0000000004003cc8                alt_load
 .text          0x0000000004003d4c      0x110 /home/vm/CyclonV_RTES_dev/counter_parallel_port/sw/nios/DE1_SoC_nios_sw_bsp//libhal_bsp.a(alt_lseek.o)
                0x0000000004003d88                lseek
 .text          0x0000000004003e5c       0x7c /home/vm/CyclonV_RTES_dev/counter_parallel_port/sw/nios/DE1_SoC_nios_sw_bsp//libhal_bsp.a(alt_main.o)
                0x0000000004003e5c                alt_main
 .text          0x0000000004003ed8       0x48 /home/vm/CyclonV_RTES_dev/counter_parallel_port/sw/nios/DE1_SoC_nios_sw_bsp//libhal_bsp.a(alt_malloc_lock.o)
                0x0000000004003ed8                __malloc_lock
                0x0000000004003efc                __malloc_unlock
 .text          0x0000000004003f20      0x22c /home/vm/CyclonV_RTES_dev/counter_parallel_port/sw/nios/DE1_SoC_nios_sw_bsp//libhal_bsp.a(alt_printf.o)
                0x0000000004003f20                alt_printf
 .text          0x000000000400414c       0x3c /home/vm/CyclonV_RTES_dev/counter_parallel_port/sw/nios/DE1_SoC_nios_sw_bsp//libhal_bsp.a(alt_putchar.o)
                0x000000000400414c                alt_putchar
 .text          0x0000000004004188      0x138 /home/vm/CyclonV_RTES_dev/counter_parallel_port/sw/nios/DE1_SoC_nios_sw_bsp//libhal_bsp.a(alt_read.o)
                0x00000000040041c4                read
 .text          0x00000000040042c0       0x64 /home/vm/CyclonV_RTES_dev/counter_parallel_port/sw/nios/DE1_SoC_nios_sw_bsp//libhal_bsp.a(alt_release_fd.o)
                0x00000000040042c0                alt_release_fd
 .text          0x0000000004004324       0xb0 /home/vm/CyclonV_RTES_dev/counter_parallel_port/sw/nios/DE1_SoC_nios_sw_bsp//libhal_bsp.a(alt_sbrk.o)
                0x0000000004004324                sbrk
 .text          0x00000000040043d4       0x30 /home/vm/CyclonV_RTES_dev/counter_parallel_port/sw/nios/DE1_SoC_nios_sw_bsp//libhal_bsp.a(alt_usleep.o)
                0x00000000040043d4                usleep
 .text          0x0000000004004404      0x134 /home/vm/CyclonV_RTES_dev/counter_parallel_port/sw/nios/DE1_SoC_nios_sw_bsp//libhal_bsp.a(alt_write.o)
                0x0000000004004440                write
 .text          0x0000000004004538       0xd0 /home/vm/CyclonV_RTES_dev/counter_parallel_port/sw/nios/DE1_SoC_nios_sw_bsp//libhal_bsp.a(alt_sys_init.o)
                0x000000000400456c                alt_irq_init
                0x00000000040045a4                alt_sys_init
 .text          0x0000000004004608      0x164 /home/vm/CyclonV_RTES_dev/counter_parallel_port/sw/nios/DE1_SoC_nios_sw_bsp//libhal_bsp.a(altera_avalon_jtag_uart_fd.o)
                0x0000000004004608                altera_avalon_jtag_uart_read_fd
                0x0000000004004668                altera_avalon_jtag_uart_write_fd
                0x00000000040046c8                altera_avalon_jtag_uart_close_fd
                0x0000000004004718                altera_avalon_jtag_uart_ioctl_fd
 .text          0x000000000400476c      0x3d4 /home/vm/CyclonV_RTES_dev/counter_parallel_port/sw/nios/DE1_SoC_nios_sw_bsp//libhal_bsp.a(altera_avalon_jtag_uart_init.o)
                0x000000000400476c                altera_avalon_jtag_uart_init
                0x0000000004004ad8                altera_avalon_jtag_uart_close
 .text          0x0000000004004b40       0xf0 /home/vm/CyclonV_RTES_dev/counter_parallel_port/sw/nios/DE1_SoC_nios_sw_bsp//libhal_bsp.a(altera_avalon_jtag_uart_ioctl.o)
                0x0000000004004b40                altera_avalon_jtag_uart_ioctl
 .text          0x0000000004004c30      0x21c /home/vm/CyclonV_RTES_dev/counter_parallel_port/sw/nios/DE1_SoC_nios_sw_bsp//libhal_bsp.a(altera_avalon_jtag_uart_read.o)
                0x0000000004004c30                altera_avalon_jtag_uart_read
 .text          0x0000000004004e4c      0x224 /home/vm/CyclonV_RTES_dev/counter_parallel_port/sw/nios/DE1_SoC_nios_sw_bsp//libhal_bsp.a(altera_avalon_jtag_uart_write.o)
                0x0000000004004e4c                altera_avalon_jtag_uart_write
 .text          0x0000000004005070       0xf4 /home/vm/CyclonV_RTES_dev/counter_parallel_port/sw/nios/DE1_SoC_nios_sw_bsp//libhal_bsp.a(altera_avalon_timer_sc.o)
                0x00000000040050e8                alt_avalon_timer_sc_init
 .text          0x0000000004005164      0x12c /home/vm/CyclonV_RTES_dev/counter_parallel_port/sw/nios/DE1_SoC_nios_sw_bsp//libhal_bsp.a(alt_alarm_start.o)
                0x0000000004005164                alt_alarm_start
 .text          0x0000000004005290      0x158 /home/vm/CyclonV_RTES_dev/counter_parallel_port/sw/nios/DE1_SoC_nios_sw_bsp//libhal_bsp.a(alt_busy_sleep.o)
                0x0000000004005290                alt_busy_sleep
 .text          0x00000000040053e8       0x48 /home/vm/CyclonV_RTES_dev/counter_parallel_port/sw/nios/DE1_SoC_nios_sw_bsp//libhal_bsp.a(alt_dcache_flush_all.o)
                0x00000000040053e8                alt_dcache_flush_all
 .text          0x0000000004005430       0xe0 /home/vm/CyclonV_RTES_dev/counter_parallel_port/sw/nios/DE1_SoC_nios_sw_bsp//libhal_bsp.a(alt_dev_llist_insert.o)
                0x000000000400546c                alt_dev_llist_insert
 .text          0x0000000004005510       0x60 /home/vm/CyclonV_RTES_dev/counter_parallel_port/sw/nios/DE1_SoC_nios_sw_bsp//libhal_bsp.a(alt_do_ctors.o)
                0x0000000004005510                _do_ctors
 .text          0x0000000004005570       0x60 /home/vm/CyclonV_RTES_dev/counter_parallel_port/sw/nios/DE1_SoC_nios_sw_bsp//libhal_bsp.a(alt_do_dtors.o)
                0x0000000004005570                _do_dtors
 .text          0x00000000040055d0        0x0 /home/vm/CyclonV_RTES_dev/counter_parallel_port/sw/nios/DE1_SoC_nios_sw_bsp//libhal_bsp.a(alt_exception_entry.o)
 .text          0x00000000040055d0       0x34 /home/vm/CyclonV_RTES_dev/counter_parallel_port/sw/nios/DE1_SoC_nios_sw_bsp//libhal_bsp.a(alt_icache_flush_all.o)
                0x00000000040055d0                alt_icache_flush_all
 .text          0x0000000004005604       0x9c /home/vm/CyclonV_RTES_dev/counter_parallel_port/sw/nios/DE1_SoC_nios_sw_bsp//libhal_bsp.a(alt_instruction_exception_entry.o)
                0x0000000004005604                alt_exception_cause_generated_bad_addr
 .text          0x00000000040056a0      0x140 /home/vm/CyclonV_RTES_dev/counter_parallel_port/sw/nios/DE1_SoC_nios_sw_bsp//libhal_bsp.a(alt_io_redirect.o)
                0x0000000004005764                alt_io_redirect
 .text          0x00000000040057e0      0x254 /home/vm/CyclonV_RTES_dev/counter_parallel_port/sw/nios/DE1_SoC_nios_sw_bsp//libhal_bsp.a(alt_open.o)
                0x00000000040058e0                open
 .text          0x0000000004005a34      0x1a4 /home/vm/CyclonV_RTES_dev/counter_parallel_port/sw/nios/DE1_SoC_nios_sw_bsp//libhal_bsp.a(alt_tick.o)
                0x0000000004005a34                alt_alarm_stop
                0x0000000004005ad0                alt_tick
 .text          0x0000000004005bd8       0x24 /home/vm/CyclonV_RTES_dev/counter_parallel_port/sw/nios/DE1_SoC_nios_sw_bsp//libhal_bsp.a(altera_nios2_gen2_irq.o)
                0x0000000004005bd8                altera_nios2_gen2_irq_init
 .text          0x0000000004005bfc       0x90 /home/vm/CyclonV_RTES_dev/counter_parallel_port/sw/nios/DE1_SoC_nios_sw_bsp//libhal_bsp.a(alt_find_dev.o)
                0x0000000004005bfc                alt_find_dev
 .text          0x0000000004005c8c      0x108 /home/vm/CyclonV_RTES_dev/counter_parallel_port/sw/nios/DE1_SoC_nios_sw_bsp//libhal_bsp.a(alt_find_file.o)
                0x0000000004005c8c                alt_find_file
 .text          0x0000000004005d94       0xa4 /home/vm/CyclonV_RTES_dev/counter_parallel_port/sw/nios/DE1_SoC_nios_sw_bsp//libhal_bsp.a(alt_get_fd.o)
                0x0000000004005d94                alt_get_fd
 .text          0x0000000004005e38       0x90 /home/vm/CyclonV_RTES_dev/counter_parallel_port/sw/nios/DE1_SoC_nios_sw_bsp//libhal_bsp.a(alt_icache_flush.o)
                0x0000000004005e38                alt_icache_flush
 .text          0x0000000004005ec8        0x0 /opt/intelFPGA/18.1/nios2eds/bin/gnu/H-x86_64-pc-linux-gnu/bin/../lib/gcc/nios2-elf/5.3.0/../../../../../H-x86_64-pc-linux-gnu/nios2-elf/lib/libc.a(lib_a-atexit.o)
 .text.atexit   0x0000000004005ec8       0x14 /opt/intelFPGA/18.1/nios2eds/bin/gnu/H-x86_64-pc-linux-gnu/bin/../lib/gcc/nios2-elf/5.3.0/../../../../../H-x86_64-pc-linux-gnu/nios2-elf/lib/libc.a(lib_a-atexit.o)
                0x0000000004005ec8                atexit
 .text          0x0000000004005edc        0x0 /opt/intelFPGA/18.1/nios2eds/bin/gnu/H-x86_64-pc-linux-gnu/bin/../lib/gcc/nios2-elf/5.3.0/../../../../../H-x86_64-pc-linux-gnu/nios2-elf/lib/libc.a(lib_a-exit.o)
 .text.exit     0x0000000004005edc       0x38 /opt/intelFPGA/18.1/nios2eds/bin/gnu/H-x86_64-pc-linux-gnu/bin/../lib/gcc/nios2-elf/5.3.0/../../../../../H-x86_64-pc-linux-gnu/nios2-elf/lib/libc.a(lib_a-exit.o)
                0x0000000004005edc                exit
 .text          0x0000000004005f14        0x0 /opt/intelFPGA/18.1/nios2eds/bin/gnu/H-x86_64-pc-linux-gnu/bin/../lib/gcc/nios2-elf/5.3.0/../../../../../H-x86_64-pc-linux-gnu/nios2-elf/lib/libc.a(lib_a-memcmp.o)
 .text.memcmp   0x0000000004005f14       0x7c /opt/intelFPGA/18.1/nios2eds/bin/gnu/H-x86_64-pc-linux-gnu/bin/../lib/gcc/nios2-elf/5.3.0/../../../../../H-x86_64-pc-linux-gnu/nios2-elf/lib/libc.a(lib_a-memcmp.o)
                0x0000000004005f14                memcmp
 .text          0x0000000004005f90        0x0 /opt/intelFPGA/18.1/nios2eds/bin/gnu/H-x86_64-pc-linux-gnu/bin/../lib/gcc/nios2-elf/5.3.0/../../../../../H-x86_64-pc-linux-gnu/nios2-elf/lib/libc.a(lib_a-putc.o)
 .text._putc_r  0x0000000004005f90       0xa0 /opt/intelFPGA/18.1/nios2eds/bin/gnu/H-x86_64-pc-linux-gnu/bin/../lib/gcc/nios2-elf/5.3.0/../../../../../H-x86_64-pc-linux-gnu/nios2-elf/lib/libc.a(lib_a-putc.o)
                0x0000000004005f90                _putc_r
 .text.putc     0x0000000004006030       0xc8 /opt/intelFPGA/18.1/nios2eds/bin/gnu/H-x86_64-pc-linux-gnu/bin/../lib/gcc/nios2-elf/5.3.0/../../../../../H-x86_64-pc-linux-gnu/nios2-elf/lib/libc.a(lib_a-putc.o)
                0x0000000004006030                putc
 .text          0x00000000040060f8        0x0 /opt/intelFPGA/18.1/nios2eds/bin/gnu/H-x86_64-pc-linux-gnu/bin/../lib/gcc/nios2-elf/5.3.0/../../../../../H-x86_64-pc-linux-gnu/nios2-elf/lib/libc.a(lib_a-wbuf.o)
 .text.__swbuf_r
                0x00000000040060f8      0x140 /opt/intelFPGA/18.1/nios2eds/bin/gnu/H-x86_64-pc-linux-gnu/bin/../lib/gcc/nios2-elf/5.3.0/../../../../../H-x86_64-pc-linux-gnu/nios2-elf/lib/libc.a(lib_a-wbuf.o)
                0x00000000040060f8                __swbuf_r
 .text.__swbuf  0x0000000004006238       0x18 /opt/intelFPGA/18.1/nios2eds/bin/gnu/H-x86_64-pc-linux-gnu/bin/../lib/gcc/nios2-elf/5.3.0/../../../../../H-x86_64-pc-linux-gnu/nios2-elf/lib/libc.a(lib_a-wbuf.o)
                0x0000000004006238                __swbuf
 .text          0x0000000004006250        0x0 /opt/intelFPGA/18.1/nios2eds/bin/gnu/H-x86_64-pc-linux-gnu/bin/../lib/gcc/nios2-elf/5.3.0/../../../../../H-x86_64-pc-linux-gnu/nios2-elf/lib/libc.a(lib_a-__atexit.o)
 .text.__register_exitproc
                0x0000000004006250      0x118 /opt/intelFPGA/18.1/nios2eds/bin/gnu/H-x86_64-pc-linux-gnu/bin/../lib/gcc/nios2-elf/5.3.0/../../../../../H-x86_64-pc-linux-gnu/nios2-elf/lib/libc.a(lib_a-__atexit.o)
                0x0000000004006250                __register_exitproc
 .text          0x0000000004006368        0x0 /opt/intelFPGA/18.1/nios2eds/bin/gnu/H-x86_64-pc-linux-gnu/bin/../lib/gcc/nios2-elf/5.3.0/../../../../../H-x86_64-pc-linux-gnu/nios2-elf/lib/libc.a(lib_a-__call_atexit.o)
 .text.__call_exitprocs
                0x0000000004006368      0x180 /opt/intelFPGA/18.1/nios2eds/bin/gnu/H-x86_64-pc-linux-gnu/bin/../lib/gcc/nios2-elf/5.3.0/../../../../../H-x86_64-pc-linux-gnu/nios2-elf/lib/libc.a(lib_a-__call_atexit.o)
                0x0000000004006368                __call_exitprocs
 .text          0x00000000040064e8       0x34 /home/vm/CyclonV_RTES_dev/counter_parallel_port/sw/nios/DE1_SoC_nios_sw_bsp//libhal_bsp.a(alt_exit.o)
                0x00000000040064e8                _exit
 *(.gnu.warning.*)
 *(.fini)
                [!provide]                        PROVIDE (__etext, ABSOLUTE (.))
                [!provide]                        PROVIDE (_etext, ABSOLUTE (.))
                [!provide]                        PROVIDE (etext, ABSOLUTE (.))
 *(.eh_frame_hdr)
                0x000000000400651c                . = ALIGN (0x4)
                [!provide]                        PROVIDE (__preinit_array_start, ABSOLUTE (.))
 *(.preinit_array)
                [!provide]                        PROVIDE (__preinit_array_end, ABSOLUTE (.))
                [!provide]                        PROVIDE (__init_array_start, ABSOLUTE (.))
 *(.init_array)
                [!provide]                        PROVIDE (__init_array_end, ABSOLUTE (.))
                [!provide]                        PROVIDE (__fini_array_start, ABSOLUTE (.))
 *(.fini_array)
                [!provide]                        PROVIDE (__fini_array_end, ABSOLUTE (.))
 *(.eh_frame)
 *(.gcc_except_table .gcc_except_table.*)
 *(.dynamic)
                0x000000000400651c                PROVIDE (__CTOR_LIST__, ABSOLUTE (.))
 *(.ctors)
 *(SORT(.ctors.*))
                0x000000000400651c                PROVIDE (__CTOR_END__, ABSOLUTE (.))
                0x000000000400651c                PROVIDE (__DTOR_LIST__, ABSOLUTE (.))
 *(.dtors)
 *(SORT(.dtors.*))
                0x000000000400651c                PROVIDE (__DTOR_END__, ABSOLUTE (.))
 *(.jcr)
                0x000000000400651c                . = ALIGN (0x4)

.rodata         0x000000000400651c      0x14c
                0x000000000400651c                PROVIDE (__ram_rodata_start, ABSOLUTE (.))
                0x000000000400651c                . = ALIGN (0x4)
 *(.rodata .rodata.* .gnu.linkonce.r.*)
 .rodata        0x000000000400651c       0xa8 obj/default/src/counter.o
 .rodata        0x00000000040065c4       0x2a obj/default/src/interrupts_measurment.o
 *fill*         0x00000000040065ee        0x2 
 .rodata        0x00000000040065f0       0x12 obj/default/src/main.o
 *fill*         0x0000000004006602        0x2 
 .rodata        0x0000000004006604       0x28 obj/default/src/parallel_port_test.o
 .rodata.str1.4
                0x000000000400662c        0x2 /opt/intelFPGA/18.1/nios2eds/bin/gnu/H-x86_64-pc-linux-gnu/bin/../lib/gcc/nios2-elf/5.3.0/../../../../../H-x86_64-pc-linux-gnu/nios2-elf/lib/libc.a(lib_a-puts.o)
 *fill*         0x000000000400662e        0x2 
 .rodata.str1.4
                0x0000000004006630        0x4 /opt/intelFPGA/18.1/nios2eds/bin/gnu/H-x86_64-pc-linux-gnu/bin/../lib/gcc/nios2-elf/5.3.0/../../../../../H-x86_64-pc-linux-gnu/nios2-elf/lib/libc.a(lib_a-impure.o)
                                          0x2 (size before relaxing)
 .rodata        0x0000000004006634        0xa /home/vm/CyclonV_RTES_dev/counter_parallel_port/sw/nios/DE1_SoC_nios_sw_bsp//libhal_bsp.a(alt_dev.o)
 *fill*         0x000000000400663e        0x2 
 .rodata        0x0000000004006640       0x11 /home/vm/CyclonV_RTES_dev/counter_parallel_port/sw/nios/DE1_SoC_nios_sw_bsp//libhal_bsp.a(alt_main.o)
 *fill*         0x0000000004006651        0x3 
 .rodata        0x0000000004006654       0x11 /home/vm/CyclonV_RTES_dev/counter_parallel_port/sw/nios/DE1_SoC_nios_sw_bsp//libhal_bsp.a(alt_sys_init.o)
 *(.rodata1)
                0x0000000004006668                . = ALIGN (0x4)
 *fill*         0x0000000004006665        0x3 
                0x0000000004006668                PROVIDE (__ram_rodata_end, ABSOLUTE (.))
                0x000000000400651c                PROVIDE (__flash_rodata_start, LOADADDR (.rodata))

.rwdata         0x0000000004006668     0x1a6c load address 0x00000000040080d4
                0x0000000004006668                PROVIDE (__ram_rwdata_start, ABSOLUTE (.))
                0x0000000004006668                . = ALIGN (0x4)
 *(.got.plt)
 *(.got)
 *(.data1)
 *(.data .data.* .gnu.linkonce.d.*)
 .data          0x0000000004006668        0x0 /home/vm/CyclonV_RTES_dev/counter_parallel_port/sw/nios/DE1_SoC_nios_sw_bsp//obj/HAL/src/crt0.o
 .data          0x0000000004006668        0x0 obj/default/src/counter.o
 .data          0x0000000004006668        0x0 obj/default/src/interrupts_measurment.o
 .data          0x0000000004006668        0x0 obj/default/src/leds_service.o
 .data          0x0000000004006668        0x0 obj/default/src/main.o
 .data          0x0000000004006668        0x0 obj/default/src/parallel_port_test.o
 .data          0x0000000004006668        0x0 /opt/intelFPGA/18.1/nios2eds/bin/gnu/H-x86_64-pc-linux-gnu/bin/../lib/gcc/nios2-elf/5.3.0/../../../../../H-x86_64-pc-linux-gnu/nios2-elf/lib/libc.a(lib_a-puts.o)
 .data          0x0000000004006668        0x0 /opt/intelFPGA/18.1/nios2eds/bin/gnu/H-x86_64-pc-linux-gnu/bin/../lib/gcc/nios2-elf/5.3.0/../../../../../H-x86_64-pc-linux-gnu/nios2-elf/lib/libc.a(lib_a-strlen.o)
 .data          0x0000000004006668        0x0 /opt/intelFPGA/18.1/nios2eds/bin/gnu/H-x86_64-pc-linux-gnu/bin/../lib/gcc/nios2-elf/5.3.0/../../../../../H-x86_64-pc-linux-gnu/nios2-elf/lib/libc.a(lib_a-findfp.o)
 .data          0x0000000004006668        0x0 /opt/intelFPGA/18.1/nios2eds/bin/gnu/H-x86_64-pc-linux-gnu/bin/../lib/gcc/nios2-elf/5.3.0/../../../../../H-x86_64-pc-linux-gnu/nios2-elf/lib/libc.a(lib_a-fvwrite.o)
 .data          0x0000000004006668        0x0 /opt/intelFPGA/18.1/nios2eds/bin/gnu/H-x86_64-pc-linux-gnu/bin/../lib/gcc/nios2-elf/5.3.0/../../../../../H-x86_64-pc-linux-gnu/nios2-elf/lib/libc.a(lib_a-fwalk.o)
 .data          0x0000000004006668        0x0 /opt/intelFPGA/18.1/nios2eds/bin/gnu/H-x86_64-pc-linux-gnu/bin/../lib/gcc/nios2-elf/5.3.0/../../../../../H-x86_64-pc-linux-gnu/nios2-elf/lib/libc.a(lib_a-impure.o)
 .data.impure_data
                0x0000000004006668      0x424 /opt/intelFPGA/18.1/nios2eds/bin/gnu/H-x86_64-pc-linux-gnu/bin/../lib/gcc/nios2-elf/5.3.0/../../../../../H-x86_64-pc-linux-gnu/nios2-elf/lib/libc.a(lib_a-impure.o)
 .data          0x0000000004006a8c        0x0 /opt/intelFPGA/18.1/nios2eds/bin/gnu/H-x86_64-pc-linux-gnu/bin/../lib/gcc/nios2-elf/5.3.0/../../../../../H-x86_64-pc-linux-gnu/nios2-elf/lib/libc.a(lib_a-mallocr.o)
 .data.__malloc_av_
                0x0000000004006a8c      0x408 /opt/intelFPGA/18.1/nios2eds/bin/gnu/H-x86_64-pc-linux-gnu/bin/../lib/gcc/nios2-elf/5.3.0/../../../../../H-x86_64-pc-linux-gnu/nios2-elf/lib/libc.a(lib_a-mallocr.o)
                0x0000000004006a8c                __malloc_av_
 .data          0x0000000004006e94        0x0 /opt/intelFPGA/18.1/nios2eds/bin/gnu/H-x86_64-pc-linux-gnu/bin/../lib/gcc/nios2-elf/5.3.0/../../../../../H-x86_64-pc-linux-gnu/nios2-elf/lib/libc.a(lib_a-memchr.o)
 .data          0x0000000004006e94        0x0 /opt/intelFPGA/18.1/nios2eds/bin/gnu/H-x86_64-pc-linux-gnu/bin/../lib/gcc/nios2-elf/5.3.0/../../../../../H-x86_64-pc-linux-gnu/nios2-elf/lib/libc.a(lib_a-memcpy.o)
 .data          0x0000000004006e94        0x0 /opt/intelFPGA/18.1/nios2eds/bin/gnu/H-x86_64-pc-linux-gnu/bin/../lib/gcc/nios2-elf/5.3.0/../../../../../H-x86_64-pc-linux-gnu/nios2-elf/lib/libc.a(lib_a-memmove.o)
 .data          0x0000000004006e94        0x0 /opt/intelFPGA/18.1/nios2eds/bin/gnu/H-x86_64-pc-linux-gnu/bin/../lib/gcc/nios2-elf/5.3.0/../../../../../H-x86_64-pc-linux-gnu/nios2-elf/lib/libc.a(lib_a-memset.o)
 .data          0x0000000004006e94        0x0 /opt/intelFPGA/18.1/nios2eds/bin/gnu/H-x86_64-pc-linux-gnu/bin/../lib/gcc/nios2-elf/5.3.0/../../../../../H-x86_64-pc-linux-gnu/nios2-elf/lib/libc.a(lib_a-reallocr.o)
 .data          0x0000000004006e94        0x0 /opt/intelFPGA/18.1/nios2eds/bin/gnu/H-x86_64-pc-linux-gnu/bin/../lib/gcc/nios2-elf/5.3.0/../../../../../H-x86_64-pc-linux-gnu/nios2-elf/lib/libc.a(lib_a-sbrkr.o)
 .data          0x0000000004006e94        0x0 /opt/intelFPGA/18.1/nios2eds/bin/gnu/H-x86_64-pc-linux-gnu/bin/../lib/gcc/nios2-elf/5.3.0/../../../../../H-x86_64-pc-linux-gnu/nios2-elf/lib/libc.a(lib_a-stdio.o)
 .data          0x0000000004006e94        0x0 /opt/intelFPGA/18.1/nios2eds/bin/gnu/H-x86_64-pc-linux-gnu/bin/../lib/gcc/nios2-elf/5.3.0/../../../../../H-x86_64-pc-linux-gnu/nios2-elf/lib/libc.a(lib_a-writer.o)
 .data          0x0000000004006e94        0x0 /opt/intelFPGA/18.1/nios2eds/bin/gnu/H-x86_64-pc-linux-gnu/bin/../lib/gcc/nios2-elf/5.3.0/../../../../../H-x86_64-pc-linux-gnu/nios2-elf/lib/libc.a(lib_a-wsetup.o)
 .data          0x0000000004006e94        0x0 /opt/intelFPGA/18.1/nios2eds/bin/gnu/H-x86_64-pc-linux-gnu/bin/../lib/gcc/nios2-elf/5.3.0/../../../../../H-x86_64-pc-linux-gnu/nios2-elf/lib/libc.a(closer.o)
 .data          0x0000000004006e94        0x0 /opt/intelFPGA/18.1/nios2eds/bin/gnu/H-x86_64-pc-linux-gnu/bin/../lib/gcc/nios2-elf/5.3.0/../../../../../H-x86_64-pc-linux-gnu/nios2-elf/lib/libc.a(lib_a-fclose.o)
 .data          0x0000000004006e94        0x0 /opt/intelFPGA/18.1/nios2eds/bin/gnu/H-x86_64-pc-linux-gnu/bin/../lib/gcc/nios2-elf/5.3.0/../../../../../H-x86_64-pc-linux-gnu/nios2-elf/lib/libc.a(lib_a-fflush.o)
 .data          0x0000000004006e94        0x0 /opt/intelFPGA/18.1/nios2eds/bin/gnu/H-x86_64-pc-linux-gnu/bin/../lib/gcc/nios2-elf/5.3.0/../../../../../H-x86_64-pc-linux-gnu/nios2-elf/lib/libc.a(lib_a-freer.o)
 .data          0x0000000004006e94        0x0 /opt/intelFPGA/18.1/nios2eds/bin/gnu/H-x86_64-pc-linux-gnu/bin/../lib/gcc/nios2-elf/5.3.0/../../../../../H-x86_64-pc-linux-gnu/nios2-elf/lib/libc.a(lib_a-int_errno.o)
 .data          0x0000000004006e94        0x0 /opt/intelFPGA/18.1/nios2eds/bin/gnu/H-x86_64-pc-linux-gnu/bin/../lib/gcc/nios2-elf/5.3.0/../../../../../H-x86_64-pc-linux-gnu/nios2-elf/lib/libc.a(lib_a-lseekr.o)
 .data          0x0000000004006e94        0x0 /opt/intelFPGA/18.1/nios2eds/bin/gnu/H-x86_64-pc-linux-gnu/bin/../lib/gcc/nios2-elf/5.3.0/../../../../../H-x86_64-pc-linux-gnu/nios2-elf/lib/libc.a(lib_a-makebuf.o)
 .data          0x0000000004006e94        0x0 /opt/intelFPGA/18.1/nios2eds/bin/gnu/H-x86_64-pc-linux-gnu/bin/../lib/gcc/nios2-elf/5.3.0/../../../../../H-x86_64-pc-linux-gnu/nios2-elf/lib/libc.a(lib_a-readr.o)
 .data          0x0000000004006e94        0x0 /opt/intelFPGA/18.1/nios2eds/bin/gnu/H-x86_64-pc-linux-gnu/bin/../lib/gcc/nios2-elf/5.3.0/../../../../../H-x86_64-pc-linux-gnu/nios2-elf/lib/libc.a(lib_a-fstatr.o)
 .data          0x0000000004006e94        0x0 /opt/intelFPGA/18.1/nios2eds/bin/gnu/H-x86_64-pc-linux-gnu/bin/../lib/gcc/nios2-elf/5.3.0/../../../../../H-x86_64-pc-linux-gnu/nios2-elf/lib/libc.a(lib_a-isattyr.o)
 .data          0x0000000004006e94        0x0 /opt/intelFPGA/18.1/nios2eds/bin/gnu/H-x86_64-pc-linux-gnu/bin/../lib/gcc/nios2-elf/5.3.0/libgcc.a(lib2-divmod.o)
 .data          0x0000000004006e94        0x0 /home/vm/CyclonV_RTES_dev/counter_parallel_port/sw/nios/DE1_SoC_nios_sw_bsp//libhal_bsp.a(alt_close.o)
 .data          0x0000000004006e94      0x1a8 /home/vm/CyclonV_RTES_dev/counter_parallel_port/sw/nios/DE1_SoC_nios_sw_bsp//libhal_bsp.a(alt_dev.o)
                0x0000000004006e94                alt_dev_null
                0x0000000004006ebc                alt_fd_list
 .data          0x000000000400703c        0x0 /home/vm/CyclonV_RTES_dev/counter_parallel_port/sw/nios/DE1_SoC_nios_sw_bsp//libhal_bsp.a(alt_errno.o)
 .data          0x000000000400703c        0x0 /home/vm/CyclonV_RTES_dev/counter_parallel_port/sw/nios/DE1_SoC_nios_sw_bsp//libhal_bsp.a(alt_fstat.o)
 .data          0x000000000400703c        0x0 /home/vm/CyclonV_RTES_dev/counter_parallel_port/sw/nios/DE1_SoC_nios_sw_bsp//libhal_bsp.a(alt_iic.o)
 .data          0x000000000400703c        0x0 /home/vm/CyclonV_RTES_dev/counter_parallel_port/sw/nios/DE1_SoC_nios_sw_bsp//libhal_bsp.a(alt_iic_isr_register.o)
 .data          0x000000000400703c        0x0 /home/vm/CyclonV_RTES_dev/counter_parallel_port/sw/nios/DE1_SoC_nios_sw_bsp//libhal_bsp.a(alt_irq_entry.o)
 .data          0x000000000400703c        0x0 /home/vm/CyclonV_RTES_dev/counter_parallel_port/sw/nios/DE1_SoC_nios_sw_bsp//libhal_bsp.a(alt_irq_handler.o)
 .data          0x000000000400703c        0x0 /home/vm/CyclonV_RTES_dev/counter_parallel_port/sw/nios/DE1_SoC_nios_sw_bsp//libhal_bsp.a(alt_irq_vars.o)
 .data          0x000000000400703c        0x0 /home/vm/CyclonV_RTES_dev/counter_parallel_port/sw/nios/DE1_SoC_nios_sw_bsp//libhal_bsp.a(alt_isatty.o)
 .data          0x000000000400703c        0x0 /home/vm/CyclonV_RTES_dev/counter_parallel_port/sw/nios/DE1_SoC_nios_sw_bsp//libhal_bsp.a(alt_load.o)
 .data          0x000000000400703c        0x0 /home/vm/CyclonV_RTES_dev/counter_parallel_port/sw/nios/DE1_SoC_nios_sw_bsp//libhal_bsp.a(alt_lseek.o)
 .data          0x000000000400703c        0x0 /home/vm/CyclonV_RTES_dev/counter_parallel_port/sw/nios/DE1_SoC_nios_sw_bsp//libhal_bsp.a(alt_main.o)
 .data          0x000000000400703c        0x0 /home/vm/CyclonV_RTES_dev/counter_parallel_port/sw/nios/DE1_SoC_nios_sw_bsp//libhal_bsp.a(alt_malloc_lock.o)
 .data          0x000000000400703c        0x0 /home/vm/CyclonV_RTES_dev/counter_parallel_port/sw/nios/DE1_SoC_nios_sw_bsp//libhal_bsp.a(alt_printf.o)
 .data          0x000000000400703c        0x0 /home/vm/CyclonV_RTES_dev/counter_parallel_port/sw/nios/DE1_SoC_nios_sw_bsp//libhal_bsp.a(alt_putchar.o)
 .data          0x000000000400703c        0x0 /home/vm/CyclonV_RTES_dev/counter_parallel_port/sw/nios/DE1_SoC_nios_sw_bsp//libhal_bsp.a(alt_read.o)
 .data          0x000000000400703c        0x0 /home/vm/CyclonV_RTES_dev/counter_parallel_port/sw/nios/DE1_SoC_nios_sw_bsp//libhal_bsp.a(alt_release_fd.o)
 .data          0x000000000400703c        0x0 /home/vm/CyclonV_RTES_dev/counter_parallel_port/sw/nios/DE1_SoC_nios_sw_bsp//libhal_bsp.a(alt_sbrk.o)
 .data          0x000000000400703c        0x0 /home/vm/CyclonV_RTES_dev/counter_parallel_port/sw/nios/DE1_SoC_nios_sw_bsp//libhal_bsp.a(alt_usleep.o)
 .data          0x000000000400703c        0x0 /home/vm/CyclonV_RTES_dev/counter_parallel_port/sw/nios/DE1_SoC_nios_sw_bsp//libhal_bsp.a(alt_write.o)
 .data          0x000000000400703c     0x1060 /home/vm/CyclonV_RTES_dev/counter_parallel_port/sw/nios/DE1_SoC_nios_sw_bsp//libhal_bsp.a(alt_sys_init.o)
 .data          0x000000000400809c        0x0 /home/vm/CyclonV_RTES_dev/counter_parallel_port/sw/nios/DE1_SoC_nios_sw_bsp//libhal_bsp.a(altera_avalon_jtag_uart_fd.o)
 .data          0x000000000400809c        0x0 /home/vm/CyclonV_RTES_dev/counter_parallel_port/sw/nios/DE1_SoC_nios_sw_bsp//libhal_bsp.a(altera_avalon_jtag_uart_init.o)
 .data          0x000000000400809c        0x0 /home/vm/CyclonV_RTES_dev/counter_parallel_port/sw/nios/DE1_SoC_nios_sw_bsp//libhal_bsp.a(altera_avalon_jtag_uart_ioctl.o)
 .data          0x000000000400809c        0x0 /home/vm/CyclonV_RTES_dev/counter_parallel_port/sw/nios/DE1_SoC_nios_sw_bsp//libhal_bsp.a(altera_avalon_jtag_uart_read.o)
 .data          0x000000000400809c        0x0 /home/vm/CyclonV_RTES_dev/counter_parallel_port/sw/nios/DE1_SoC_nios_sw_bsp//libhal_bsp.a(altera_avalon_jtag_uart_write.o)
 .data          0x000000000400809c        0x0 /home/vm/CyclonV_RTES_dev/counter_parallel_port/sw/nios/DE1_SoC_nios_sw_bsp//libhal_bsp.a(altera_avalon_timer_sc.o)
 .data          0x000000000400809c        0x0 /home/vm/CyclonV_RTES_dev/counter_parallel_port/sw/nios/DE1_SoC_nios_sw_bsp//libhal_bsp.a(alt_alarm_start.o)
 .data          0x000000000400809c        0x0 /home/vm/CyclonV_RTES_dev/counter_parallel_port/sw/nios/DE1_SoC_nios_sw_bsp//libhal_bsp.a(alt_busy_sleep.o)
 .data          0x000000000400809c        0x0 /home/vm/CyclonV_RTES_dev/counter_parallel_port/sw/nios/DE1_SoC_nios_sw_bsp//libhal_bsp.a(alt_dcache_flush_all.o)
 .data          0x000000000400809c        0x0 /home/vm/CyclonV_RTES_dev/counter_parallel_port/sw/nios/DE1_SoC_nios_sw_bsp//libhal_bsp.a(alt_dev_llist_insert.o)
 .data          0x000000000400809c        0x0 /home/vm/CyclonV_RTES_dev/counter_parallel_port/sw/nios/DE1_SoC_nios_sw_bsp//libhal_bsp.a(alt_do_ctors.o)
 .data          0x000000000400809c        0x0 /home/vm/CyclonV_RTES_dev/counter_parallel_port/sw/nios/DE1_SoC_nios_sw_bsp//libhal_bsp.a(alt_do_dtors.o)
 .data          0x000000000400809c        0x0 /home/vm/CyclonV_RTES_dev/counter_parallel_port/sw/nios/DE1_SoC_nios_sw_bsp//libhal_bsp.a(alt_exception_entry.o)
 .data          0x000000000400809c        0x0 /home/vm/CyclonV_RTES_dev/counter_parallel_port/sw/nios/DE1_SoC_nios_sw_bsp//libhal_bsp.a(alt_icache_flush_all.o)
 .data          0x000000000400809c        0x0 /home/vm/CyclonV_RTES_dev/counter_parallel_port/sw/nios/DE1_SoC_nios_sw_bsp//libhal_bsp.a(alt_instruction_exception_entry.o)
 .data          0x000000000400809c        0x0 /home/vm/CyclonV_RTES_dev/counter_parallel_port/sw/nios/DE1_SoC_nios_sw_bsp//libhal_bsp.a(alt_io_redirect.o)
 .data          0x000000000400809c        0x0 /home/vm/CyclonV_RTES_dev/counter_parallel_port/sw/nios/DE1_SoC_nios_sw_bsp//libhal_bsp.a(alt_open.o)
 .data          0x000000000400809c        0x0 /home/vm/CyclonV_RTES_dev/counter_parallel_port/sw/nios/DE1_SoC_nios_sw_bsp//libhal_bsp.a(alt_tick.o)
 .data          0x000000000400809c        0x0 /home/vm/CyclonV_RTES_dev/counter_parallel_port/sw/nios/DE1_SoC_nios_sw_bsp//libhal_bsp.a(altera_nios2_gen2_irq.o)
 .data          0x000000000400809c        0x0 /home/vm/CyclonV_RTES_dev/counter_parallel_port/sw/nios/DE1_SoC_nios_sw_bsp//libhal_bsp.a(alt_find_dev.o)
 .data          0x000000000400809c        0x0 /home/vm/CyclonV_RTES_dev/counter_parallel_port/sw/nios/DE1_SoC_nios_sw_bsp//libhal_bsp.a(alt_find_file.o)
 .data          0x000000000400809c        0x0 /home/vm/CyclonV_RTES_dev/counter_parallel_port/sw/nios/DE1_SoC_nios_sw_bsp//libhal_bsp.a(alt_get_fd.o)
 .data          0x000000000400809c        0x0 /home/vm/CyclonV_RTES_dev/counter_parallel_port/sw/nios/DE1_SoC_nios_sw_bsp//libhal_bsp.a(alt_icache_flush.o)
 .data          0x000000000400809c        0x0 /opt/intelFPGA/18.1/nios2eds/bin/gnu/H-x86_64-pc-linux-gnu/bin/../lib/gcc/nios2-elf/5.3.0/../../../../../H-x86_64-pc-linux-gnu/nios2-elf/lib/libc.a(lib_a-atexit.o)
 .data          0x000000000400809c        0x0 /opt/intelFPGA/18.1/nios2eds/bin/gnu/H-x86_64-pc-linux-gnu/bin/../lib/gcc/nios2-elf/5.3.0/../../../../../H-x86_64-pc-linux-gnu/nios2-elf/lib/libc.a(lib_a-exit.o)
 .data          0x000000000400809c        0x0 /opt/intelFPGA/18.1/nios2eds/bin/gnu/H-x86_64-pc-linux-gnu/bin/../lib/gcc/nios2-elf/5.3.0/../../../../../H-x86_64-pc-linux-gnu/nios2-elf/lib/libc.a(lib_a-memcmp.o)
 .data          0x000000000400809c        0x0 /opt/intelFPGA/18.1/nios2eds/bin/gnu/H-x86_64-pc-linux-gnu/bin/../lib/gcc/nios2-elf/5.3.0/../../../../../H-x86_64-pc-linux-gnu/nios2-elf/lib/libc.a(lib_a-putc.o)
 .data          0x000000000400809c        0x0 /opt/intelFPGA/18.1/nios2eds/bin/gnu/H-x86_64-pc-linux-gnu/bin/../lib/gcc/nios2-elf/5.3.0/../../../../../H-x86_64-pc-linux-gnu/nios2-elf/lib/libc.a(lib_a-wbuf.o)
 .data          0x000000000400809c        0x0 /opt/intelFPGA/18.1/nios2eds/bin/gnu/H-x86_64-pc-linux-gnu/bin/../lib/gcc/nios2-elf/5.3.0/../../../../../H-x86_64-pc-linux-gnu/nios2-elf/lib/libc.a(lib_a-__atexit.o)
 .data          0x000000000400809c        0x0 /opt/intelFPGA/18.1/nios2eds/bin/gnu/H-x86_64-pc-linux-gnu/bin/../lib/gcc/nios2-elf/5.3.0/../../../../../H-x86_64-pc-linux-gnu/nios2-elf/lib/libc.a(lib_a-__call_atexit.o)
 .data          0x000000000400809c        0x0 /home/vm/CyclonV_RTES_dev/counter_parallel_port/sw/nios/DE1_SoC_nios_sw_bsp//libhal_bsp.a(alt_exit.o)
                0x000000000401009c                _gp = ABSOLUTE ((. + 0x8000))
                [!provide]                        PROVIDE (gp, _gp)
 *(.rwdata .rwdata.*)
 *(.sdata .sdata.* .gnu.linkonce.s.*)
 .sdata._global_impure_ptr
                0x000000000400809c        0x4 /opt/intelFPGA/18.1/nios2eds/bin/gnu/H-x86_64-pc-linux-gnu/bin/../lib/gcc/nios2-elf/5.3.0/../../../../../H-x86_64-pc-linux-gnu/nios2-elf/lib/libc.a(lib_a-impure.o)
                0x000000000400809c                _global_impure_ptr
 .sdata._impure_ptr
                0x00000000040080a0        0x4 /opt/intelFPGA/18.1/nios2eds/bin/gnu/H-x86_64-pc-linux-gnu/bin/../lib/gcc/nios2-elf/5.3.0/../../../../../H-x86_64-pc-linux-gnu/nios2-elf/lib/libc.a(lib_a-impure.o)
                0x00000000040080a0                _impure_ptr
 .sdata.__malloc_sbrk_base
                0x00000000040080a4        0x4 /opt/intelFPGA/18.1/nios2eds/bin/gnu/H-x86_64-pc-linux-gnu/bin/../lib/gcc/nios2-elf/5.3.0/../../../../../H-x86_64-pc-linux-gnu/nios2-elf/lib/libc.a(lib_a-mallocr.o)
                0x00000000040080a4                __malloc_sbrk_base
 .sdata.__malloc_trim_threshold
                0x00000000040080a8        0x4 /opt/intelFPGA/18.1/nios2eds/bin/gnu/H-x86_64-pc-linux-gnu/bin/../lib/gcc/nios2-elf/5.3.0/../../../../../H-x86_64-pc-linux-gnu/nios2-elf/lib/libc.a(lib_a-mallocr.o)
                0x00000000040080a8                __malloc_trim_threshold
 .sdata         0x00000000040080ac       0x14 /home/vm/CyclonV_RTES_dev/counter_parallel_port/sw/nios/DE1_SoC_nios_sw_bsp//libhal_bsp.a(alt_dev.o)
                0x00000000040080ac                alt_fs_list
                0x00000000040080b4                alt_dev_list
                0x00000000040080bc                alt_max_fd
 .sdata         0x00000000040080c0        0x4 /home/vm/CyclonV_RTES_dev/counter_parallel_port/sw/nios/DE1_SoC_nios_sw_bsp//libhal_bsp.a(alt_errno.o)
                0x00000000040080c0                alt_errno
 .sdata         0x00000000040080c4        0x4 /home/vm/CyclonV_RTES_dev/counter_parallel_port/sw/nios/DE1_SoC_nios_sw_bsp//libhal_bsp.a(alt_irq_vars.o)
                0x00000000040080c4                alt_priority_mask
 .sdata         0x00000000040080c8        0x4 /home/vm/CyclonV_RTES_dev/counter_parallel_port/sw/nios/DE1_SoC_nios_sw_bsp//libhal_bsp.a(alt_sbrk.o)
 .sdata         0x00000000040080cc        0x8 /home/vm/CyclonV_RTES_dev/counter_parallel_port/sw/nios/DE1_SoC_nios_sw_bsp//libhal_bsp.a(alt_tick.o)
                0x00000000040080cc                alt_alarm_list
 *(.sdata2 .sdata2.* .gnu.linkonce.s2.*)
                0x00000000040080d4                . = ALIGN (0x4)
                0x00000000040080d4                _edata = ABSOLUTE (.)
                [!provide]                        PROVIDE (edata, ABSOLUTE (.))
                0x00000000040080d4                PROVIDE (__ram_rwdata_end, ABSOLUTE (.))
                0x00000000040080d4                PROVIDE (__flash_rwdata_start, LOADADDR (.rwdata))

.bss            0x0000000004009b40      0x160
                0x0000000004009b40                __bss_start = ABSOLUTE (.)
                [!provide]                        PROVIDE (__sbss_start, ABSOLUTE (.))
                [!provide]                        PROVIDE (___sbss_start, ABSOLUTE (.))
 *(.dynsbss)
 *(.sbss .sbss.* .gnu.linkonce.sb.*)
 .sbss          0x0000000004009b40        0xc obj/default/src/interrupts_measurment.o
                0x0000000004009b40                snaph
                0x0000000004009b44                flag
                0x0000000004009b48                snapl
 .sbss.__malloc_max_total_mem
                0x0000000004009b4c        0x4 /opt/intelFPGA/18.1/nios2eds/bin/gnu/H-x86_64-pc-linux-gnu/bin/../lib/gcc/nios2-elf/5.3.0/../../../../../H-x86_64-pc-linux-gnu/nios2-elf/lib/libc.a(lib_a-mallocr.o)
                0x0000000004009b4c                __malloc_max_total_mem
 .sbss.__malloc_max_sbrked_mem
                0x0000000004009b50        0x4 /opt/intelFPGA/18.1/nios2eds/bin/gnu/H-x86_64-pc-linux-gnu/bin/../lib/gcc/nios2-elf/5.3.0/../../../../../H-x86_64-pc-linux-gnu/nios2-elf/lib/libc.a(lib_a-mallocr.o)
                0x0000000004009b50                __malloc_max_sbrked_mem
 .sbss.__malloc_top_pad
                0x0000000004009b54        0x4 /opt/intelFPGA/18.1/nios2eds/bin/gnu/H-x86_64-pc-linux-gnu/bin/../lib/gcc/nios2-elf/5.3.0/../../../../../H-x86_64-pc-linux-gnu/nios2-elf/lib/libc.a(lib_a-mallocr.o)
                0x0000000004009b54                __malloc_top_pad
 .sbss          0x0000000004009b58        0x4 /opt/intelFPGA/18.1/nios2eds/bin/gnu/H-x86_64-pc-linux-gnu/bin/../lib/gcc/nios2-elf/5.3.0/../../../../../H-x86_64-pc-linux-gnu/nios2-elf/lib/libc.a(lib_a-int_errno.o)
                0x0000000004009b58                errno
 .sbss          0x0000000004009b5c        0x4 /home/vm/CyclonV_RTES_dev/counter_parallel_port/sw/nios/DE1_SoC_nios_sw_bsp//libhal_bsp.a(alt_irq_vars.o)
                0x0000000004009b5c                alt_irq_active
 .sbss          0x0000000004009b60        0xc /home/vm/CyclonV_RTES_dev/counter_parallel_port/sw/nios/DE1_SoC_nios_sw_bsp//libhal_bsp.a(alt_main.o)
                0x0000000004009b60                alt_argc
                0x0000000004009b64                alt_argv
                0x0000000004009b68                alt_envp
 .sbss          0x0000000004009b6c        0x4 /home/vm/CyclonV_RTES_dev/counter_parallel_port/sw/nios/DE1_SoC_nios_sw_bsp//libhal_bsp.a(alt_instruction_exception_entry.o)
                0x0000000004009b6c                alt_instruction_exception_handler
 .sbss          0x0000000004009b70        0x8 /home/vm/CyclonV_RTES_dev/counter_parallel_port/sw/nios/DE1_SoC_nios_sw_bsp//libhal_bsp.a(alt_tick.o)
                0x0000000004009b70                _alt_tick_rate
                0x0000000004009b74                _alt_nticks
 *(.sbss2 .sbss2.* .gnu.linkonce.sb2.*)
 *(.scommon)
                [!provide]                        PROVIDE (__sbss_end, ABSOLUTE (.))
                [!provide]                        PROVIDE (___sbss_end, ABSOLUTE (.))
 *(.dynbss)
 *(.bss .bss.* .gnu.linkonce.b.*)
 .bss           0x0000000004009b78        0x0 /home/vm/CyclonV_RTES_dev/counter_parallel_port/sw/nios/DE1_SoC_nios_sw_bsp//obj/HAL/src/crt0.o
 .bss           0x0000000004009b78        0x0 obj/default/src/counter.o
 .bss           0x0000000004009b78        0x0 obj/default/src/interrupts_measurment.o
 .bss           0x0000000004009b78        0x0 obj/default/src/leds_service.o
 .bss           0x0000000004009b78        0x0 obj/default/src/main.o
 .bss           0x0000000004009b78        0x0 obj/default/src/parallel_port_test.o
 .bss           0x0000000004009b78        0x0 /opt/intelFPGA/18.1/nios2eds/bin/gnu/H-x86_64-pc-linux-gnu/bin/../lib/gcc/nios2-elf/5.3.0/../../../../../H-x86_64-pc-linux-gnu/nios2-elf/lib/libc.a(lib_a-puts.o)
 .bss           0x0000000004009b78        0x0 /opt/intelFPGA/18.1/nios2eds/bin/gnu/H-x86_64-pc-linux-gnu/bin/../lib/gcc/nios2-elf/5.3.0/../../../../../H-x86_64-pc-linux-gnu/nios2-elf/lib/libc.a(lib_a-strlen.o)
 .bss           0x0000000004009b78        0x0 /opt/intelFPGA/18.1/nios2eds/bin/gnu/H-x86_64-pc-linux-gnu/bin/../lib/gcc/nios2-elf/5.3.0/../../../../../H-x86_64-pc-linux-gnu/nios2-elf/lib/libc.a(lib_a-findfp.o)
 .bss           0x0000000004009b78        0x0 /opt/intelFPGA/18.1/nios2eds/bin/gnu/H-x86_64-pc-linux-gnu/bin/../lib/gcc/nios2-elf/5.3.0/../../../../../H-x86_64-pc-linux-gnu/nios2-elf/lib/libc.a(lib_a-fvwrite.o)
 .bss           0x0000000004009b78        0x0 /opt/intelFPGA/18.1/nios2eds/bin/gnu/H-x86_64-pc-linux-gnu/bin/../lib/gcc/nios2-elf/5.3.0/../../../../../H-x86_64-pc-linux-gnu/nios2-elf/lib/libc.a(lib_a-fwalk.o)
 .bss           0x0000000004009b78        0x0 /opt/intelFPGA/18.1/nios2eds/bin/gnu/H-x86_64-pc-linux-gnu/bin/../lib/gcc/nios2-elf/5.3.0/../../../../../H-x86_64-pc-linux-gnu/nios2-elf/lib/libc.a(lib_a-impure.o)
 .bss           0x0000000004009b78        0x0 /opt/intelFPGA/18.1/nios2eds/bin/gnu/H-x86_64-pc-linux-gnu/bin/../lib/gcc/nios2-elf/5.3.0/../../../../../H-x86_64-pc-linux-gnu/nios2-elf/lib/libc.a(lib_a-mallocr.o)
 .bss.__malloc_current_mallinfo
                0x0000000004009b78       0x28 /opt/intelFPGA/18.1/nios2eds/bin/gnu/H-x86_64-pc-linux-gnu/bin/../lib/gcc/nios2-elf/5.3.0/../../../../../H-x86_64-pc-linux-gnu/nios2-elf/lib/libc.a(lib_a-mallocr.o)
                0x0000000004009b78                __malloc_current_mallinfo
 .bss           0x0000000004009ba0        0x0 /opt/intelFPGA/18.1/nios2eds/bin/gnu/H-x86_64-pc-linux-gnu/bin/../lib/gcc/nios2-elf/5.3.0/../../../../../H-x86_64-pc-linux-gnu/nios2-elf/lib/libc.a(lib_a-memchr.o)
 .bss           0x0000000004009ba0        0x0 /opt/intelFPGA/18.1/nios2eds/bin/gnu/H-x86_64-pc-linux-gnu/bin/../lib/gcc/nios2-elf/5.3.0/../../../../../H-x86_64-pc-linux-gnu/nios2-elf/lib/libc.a(lib_a-memcpy.o)
 .bss           0x0000000004009ba0        0x0 /opt/intelFPGA/18.1/nios2eds/bin/gnu/H-x86_64-pc-linux-gnu/bin/../lib/gcc/nios2-elf/5.3.0/../../../../../H-x86_64-pc-linux-gnu/nios2-elf/lib/libc.a(lib_a-memmove.o)
 .bss           0x0000000004009ba0        0x0 /opt/intelFPGA/18.1/nios2eds/bin/gnu/H-x86_64-pc-linux-gnu/bin/../lib/gcc/nios2-elf/5.3.0/../../../../../H-x86_64-pc-linux-gnu/nios2-elf/lib/libc.a(lib_a-memset.o)
 .bss           0x0000000004009ba0        0x0 /opt/intelFPGA/18.1/nios2eds/bin/gnu/H-x86_64-pc-linux-gnu/bin/../lib/gcc/nios2-elf/5.3.0/../../../../../H-x86_64-pc-linux-gnu/nios2-elf/lib/libc.a(lib_a-reallocr.o)
 .bss           0x0000000004009ba0        0x0 /opt/intelFPGA/18.1/nios2eds/bin/gnu/H-x86_64-pc-linux-gnu/bin/../lib/gcc/nios2-elf/5.3.0/../../../../../H-x86_64-pc-linux-gnu/nios2-elf/lib/libc.a(lib_a-sbrkr.o)
 .bss           0x0000000004009ba0        0x0 /opt/intelFPGA/18.1/nios2eds/bin/gnu/H-x86_64-pc-linux-gnu/bin/../lib/gcc/nios2-elf/5.3.0/../../../../../H-x86_64-pc-linux-gnu/nios2-elf/lib/libc.a(lib_a-stdio.o)
 .bss           0x0000000004009ba0        0x0 /opt/intelFPGA/18.1/nios2eds/bin/gnu/H-x86_64-pc-linux-gnu/bin/../lib/gcc/nios2-elf/5.3.0/../../../../../H-x86_64-pc-linux-gnu/nios2-elf/lib/libc.a(lib_a-writer.o)
 .bss           0x0000000004009ba0        0x0 /opt/intelFPGA/18.1/nios2eds/bin/gnu/H-x86_64-pc-linux-gnu/bin/../lib/gcc/nios2-elf/5.3.0/../../../../../H-x86_64-pc-linux-gnu/nios2-elf/lib/libc.a(lib_a-wsetup.o)
 .bss           0x0000000004009ba0        0x0 /opt/intelFPGA/18.1/nios2eds/bin/gnu/H-x86_64-pc-linux-gnu/bin/../lib/gcc/nios2-elf/5.3.0/../../../../../H-x86_64-pc-linux-gnu/nios2-elf/lib/libc.a(closer.o)
 .bss           0x0000000004009ba0        0x0 /opt/intelFPGA/18.1/nios2eds/bin/gnu/H-x86_64-pc-linux-gnu/bin/../lib/gcc/nios2-elf/5.3.0/../../../../../H-x86_64-pc-linux-gnu/nios2-elf/lib/libc.a(lib_a-fclose.o)
 .bss           0x0000000004009ba0        0x0 /opt/intelFPGA/18.1/nios2eds/bin/gnu/H-x86_64-pc-linux-gnu/bin/../lib/gcc/nios2-elf/5.3.0/../../../../../H-x86_64-pc-linux-gnu/nios2-elf/lib/libc.a(lib_a-fflush.o)
 .bss           0x0000000004009ba0        0x0 /opt/intelFPGA/18.1/nios2eds/bin/gnu/H-x86_64-pc-linux-gnu/bin/../lib/gcc/nios2-elf/5.3.0/../../../../../H-x86_64-pc-linux-gnu/nios2-elf/lib/libc.a(lib_a-freer.o)
 .bss           0x0000000004009ba0        0x0 /opt/intelFPGA/18.1/nios2eds/bin/gnu/H-x86_64-pc-linux-gnu/bin/../lib/gcc/nios2-elf/5.3.0/../../../../../H-x86_64-pc-linux-gnu/nios2-elf/lib/libc.a(lib_a-int_errno.o)
 .bss           0x0000000004009ba0        0x0 /opt/intelFPGA/18.1/nios2eds/bin/gnu/H-x86_64-pc-linux-gnu/bin/../lib/gcc/nios2-elf/5.3.0/../../../../../H-x86_64-pc-linux-gnu/nios2-elf/lib/libc.a(lib_a-lseekr.o)
 .bss           0x0000000004009ba0        0x0 /opt/intelFPGA/18.1/nios2eds/bin/gnu/H-x86_64-pc-linux-gnu/bin/../lib/gcc/nios2-elf/5.3.0/../../../../../H-x86_64-pc-linux-gnu/nios2-elf/lib/libc.a(lib_a-makebuf.o)
 .bss           0x0000000004009ba0        0x0 /opt/intelFPGA/18.1/nios2eds/bin/gnu/H-x86_64-pc-linux-gnu/bin/../lib/gcc/nios2-elf/5.3.0/../../../../../H-x86_64-pc-linux-gnu/nios2-elf/lib/libc.a(lib_a-readr.o)
 .bss           0x0000000004009ba0        0x0 /opt/intelFPGA/18.1/nios2eds/bin/gnu/H-x86_64-pc-linux-gnu/bin/../lib/gcc/nios2-elf/5.3.0/../../../../../H-x86_64-pc-linux-gnu/nios2-elf/lib/libc.a(lib_a-fstatr.o)
 .bss           0x0000000004009ba0        0x0 /opt/intelFPGA/18.1/nios2eds/bin/gnu/H-x86_64-pc-linux-gnu/bin/../lib/gcc/nios2-elf/5.3.0/../../../../../H-x86_64-pc-linux-gnu/nios2-elf/lib/libc.a(lib_a-isattyr.o)
 .bss           0x0000000004009ba0        0x0 /opt/intelFPGA/18.1/nios2eds/bin/gnu/H-x86_64-pc-linux-gnu/bin/../lib/gcc/nios2-elf/5.3.0/libgcc.a(lib2-divmod.o)
 .bss           0x0000000004009ba0        0x0 /home/vm/CyclonV_RTES_dev/counter_parallel_port/sw/nios/DE1_SoC_nios_sw_bsp//libhal_bsp.a(alt_close.o)
 .bss           0x0000000004009ba0        0x0 /home/vm/CyclonV_RTES_dev/counter_parallel_port/sw/nios/DE1_SoC_nios_sw_bsp//libhal_bsp.a(alt_dev.o)
 .bss           0x0000000004009ba0        0x0 /home/vm/CyclonV_RTES_dev/counter_parallel_port/sw/nios/DE1_SoC_nios_sw_bsp//libhal_bsp.a(alt_errno.o)
 .bss           0x0000000004009ba0        0x0 /home/vm/CyclonV_RTES_dev/counter_parallel_port/sw/nios/DE1_SoC_nios_sw_bsp//libhal_bsp.a(alt_fstat.o)
 .bss           0x0000000004009ba0        0x0 /home/vm/CyclonV_RTES_dev/counter_parallel_port/sw/nios/DE1_SoC_nios_sw_bsp//libhal_bsp.a(alt_iic.o)
 .bss           0x0000000004009ba0        0x0 /home/vm/CyclonV_RTES_dev/counter_parallel_port/sw/nios/DE1_SoC_nios_sw_bsp//libhal_bsp.a(alt_iic_isr_register.o)
 .bss           0x0000000004009ba0        0x0 /home/vm/CyclonV_RTES_dev/counter_parallel_port/sw/nios/DE1_SoC_nios_sw_bsp//libhal_bsp.a(alt_irq_entry.o)
 .bss           0x0000000004009ba0        0x0 /home/vm/CyclonV_RTES_dev/counter_parallel_port/sw/nios/DE1_SoC_nios_sw_bsp//libhal_bsp.a(alt_irq_handler.o)
 .bss           0x0000000004009ba0        0x0 /home/vm/CyclonV_RTES_dev/counter_parallel_port/sw/nios/DE1_SoC_nios_sw_bsp//libhal_bsp.a(alt_irq_vars.o)
 .bss           0x0000000004009ba0        0x0 /home/vm/CyclonV_RTES_dev/counter_parallel_port/sw/nios/DE1_SoC_nios_sw_bsp//libhal_bsp.a(alt_isatty.o)
 .bss           0x0000000004009ba0        0x0 /home/vm/CyclonV_RTES_dev/counter_parallel_port/sw/nios/DE1_SoC_nios_sw_bsp//libhal_bsp.a(alt_load.o)
 .bss           0x0000000004009ba0        0x0 /home/vm/CyclonV_RTES_dev/counter_parallel_port/sw/nios/DE1_SoC_nios_sw_bsp//libhal_bsp.a(alt_lseek.o)
 .bss           0x0000000004009ba0        0x0 /home/vm/CyclonV_RTES_dev/counter_parallel_port/sw/nios/DE1_SoC_nios_sw_bsp//libhal_bsp.a(alt_main.o)
 .bss           0x0000000004009ba0        0x0 /home/vm/CyclonV_RTES_dev/counter_parallel_port/sw/nios/DE1_SoC_nios_sw_bsp//libhal_bsp.a(alt_malloc_lock.o)
 .bss           0x0000000004009ba0        0x0 /home/vm/CyclonV_RTES_dev/counter_parallel_port/sw/nios/DE1_SoC_nios_sw_bsp//libhal_bsp.a(alt_printf.o)
 .bss           0x0000000004009ba0        0x0 /home/vm/CyclonV_RTES_dev/counter_parallel_port/sw/nios/DE1_SoC_nios_sw_bsp//libhal_bsp.a(alt_putchar.o)
 .bss           0x0000000004009ba0        0x0 /home/vm/CyclonV_RTES_dev/counter_parallel_port/sw/nios/DE1_SoC_nios_sw_bsp//libhal_bsp.a(alt_read.o)
 .bss           0x0000000004009ba0        0x0 /home/vm/CyclonV_RTES_dev/counter_parallel_port/sw/nios/DE1_SoC_nios_sw_bsp//libhal_bsp.a(alt_release_fd.o)
 .bss           0x0000000004009ba0        0x0 /home/vm/CyclonV_RTES_dev/counter_parallel_port/sw/nios/DE1_SoC_nios_sw_bsp//libhal_bsp.a(alt_sbrk.o)
 .bss           0x0000000004009ba0        0x0 /home/vm/CyclonV_RTES_dev/counter_parallel_port/sw/nios/DE1_SoC_nios_sw_bsp//libhal_bsp.a(alt_usleep.o)
 .bss           0x0000000004009ba0        0x0 /home/vm/CyclonV_RTES_dev/counter_parallel_port/sw/nios/DE1_SoC_nios_sw_bsp//libhal_bsp.a(alt_write.o)
 .bss           0x0000000004009ba0        0x0 /home/vm/CyclonV_RTES_dev/counter_parallel_port/sw/nios/DE1_SoC_nios_sw_bsp//libhal_bsp.a(alt_sys_init.o)
 .bss           0x0000000004009ba0        0x0 /home/vm/CyclonV_RTES_dev/counter_parallel_port/sw/nios/DE1_SoC_nios_sw_bsp//libhal_bsp.a(altera_avalon_jtag_uart_fd.o)
 .bss           0x0000000004009ba0        0x0 /home/vm/CyclonV_RTES_dev/counter_parallel_port/sw/nios/DE1_SoC_nios_sw_bsp//libhal_bsp.a(altera_avalon_jtag_uart_init.o)
 .bss           0x0000000004009ba0        0x0 /home/vm/CyclonV_RTES_dev/counter_parallel_port/sw/nios/DE1_SoC_nios_sw_bsp//libhal_bsp.a(altera_avalon_jtag_uart_ioctl.o)
 .bss           0x0000000004009ba0        0x0 /home/vm/CyclonV_RTES_dev/counter_parallel_port/sw/nios/DE1_SoC_nios_sw_bsp//libhal_bsp.a(altera_avalon_jtag_uart_read.o)
 .bss           0x0000000004009ba0        0x0 /home/vm/CyclonV_RTES_dev/counter_parallel_port/sw/nios/DE1_SoC_nios_sw_bsp//libhal_bsp.a(altera_avalon_jtag_uart_write.o)
 .bss           0x0000000004009ba0        0x0 /home/vm/CyclonV_RTES_dev/counter_parallel_port/sw/nios/DE1_SoC_nios_sw_bsp//libhal_bsp.a(altera_avalon_timer_sc.o)
 .bss           0x0000000004009ba0        0x0 /home/vm/CyclonV_RTES_dev/counter_parallel_port/sw/nios/DE1_SoC_nios_sw_bsp//libhal_bsp.a(alt_alarm_start.o)
 .bss           0x0000000004009ba0        0x0 /home/vm/CyclonV_RTES_dev/counter_parallel_port/sw/nios/DE1_SoC_nios_sw_bsp//libhal_bsp.a(alt_busy_sleep.o)
 .bss           0x0000000004009ba0        0x0 /home/vm/CyclonV_RTES_dev/counter_parallel_port/sw/nios/DE1_SoC_nios_sw_bsp//libhal_bsp.a(alt_dcache_flush_all.o)
 .bss           0x0000000004009ba0        0x0 /home/vm/CyclonV_RTES_dev/counter_parallel_port/sw/nios/DE1_SoC_nios_sw_bsp//libhal_bsp.a(alt_dev_llist_insert.o)
 .bss           0x0000000004009ba0        0x0 /home/vm/CyclonV_RTES_dev/counter_parallel_port/sw/nios/DE1_SoC_nios_sw_bsp//libhal_bsp.a(alt_do_ctors.o)
 .bss           0x0000000004009ba0        0x0 /home/vm/CyclonV_RTES_dev/counter_parallel_port/sw/nios/DE1_SoC_nios_sw_bsp//libhal_bsp.a(alt_do_dtors.o)
 .bss           0x0000000004009ba0        0x0 /home/vm/CyclonV_RTES_dev/counter_parallel_port/sw/nios/DE1_SoC_nios_sw_bsp//libhal_bsp.a(alt_exception_entry.o)
 .bss           0x0000000004009ba0        0x0 /home/vm/CyclonV_RTES_dev/counter_parallel_port/sw/nios/DE1_SoC_nios_sw_bsp//libhal_bsp.a(alt_icache_flush_all.o)
 .bss           0x0000000004009ba0        0x0 /home/vm/CyclonV_RTES_dev/counter_parallel_port/sw/nios/DE1_SoC_nios_sw_bsp//libhal_bsp.a(alt_instruction_exception_entry.o)
 .bss           0x0000000004009ba0        0x0 /home/vm/CyclonV_RTES_dev/counter_parallel_port/sw/nios/DE1_SoC_nios_sw_bsp//libhal_bsp.a(alt_io_redirect.o)
 .bss           0x0000000004009ba0        0x0 /home/vm/CyclonV_RTES_dev/counter_parallel_port/sw/nios/DE1_SoC_nios_sw_bsp//libhal_bsp.a(alt_open.o)
 .bss           0x0000000004009ba0        0x0 /home/vm/CyclonV_RTES_dev/counter_parallel_port/sw/nios/DE1_SoC_nios_sw_bsp//libhal_bsp.a(alt_tick.o)
 .bss           0x0000000004009ba0        0x0 /home/vm/CyclonV_RTES_dev/counter_parallel_port/sw/nios/DE1_SoC_nios_sw_bsp//libhal_bsp.a(altera_nios2_gen2_irq.o)
 .bss           0x0000000004009ba0        0x0 /home/vm/CyclonV_RTES_dev/counter_parallel_port/sw/nios/DE1_SoC_nios_sw_bsp//libhal_bsp.a(alt_find_dev.o)
 .bss           0x0000000004009ba0        0x0 /home/vm/CyclonV_RTES_dev/counter_parallel_port/sw/nios/DE1_SoC_nios_sw_bsp//libhal_bsp.a(alt_find_file.o)
 .bss           0x0000000004009ba0        0x0 /home/vm/CyclonV_RTES_dev/counter_parallel_port/sw/nios/DE1_SoC_nios_sw_bsp//libhal_bsp.a(alt_get_fd.o)
 .bss           0x0000000004009ba0        0x0 /home/vm/CyclonV_RTES_dev/counter_parallel_port/sw/nios/DE1_SoC_nios_sw_bsp//libhal_bsp.a(alt_icache_flush.o)
 .bss           0x0000000004009ba0        0x0 /opt/intelFPGA/18.1/nios2eds/bin/gnu/H-x86_64-pc-linux-gnu/bin/../lib/gcc/nios2-elf/5.3.0/../../../../../H-x86_64-pc-linux-gnu/nios2-elf/lib/libc.a(lib_a-atexit.o)
 .bss           0x0000000004009ba0        0x0 /opt/intelFPGA/18.1/nios2eds/bin/gnu/H-x86_64-pc-linux-gnu/bin/../lib/gcc/nios2-elf/5.3.0/../../../../../H-x86_64-pc-linux-gnu/nios2-elf/lib/libc.a(lib_a-exit.o)
 .bss           0x0000000004009ba0        0x0 /opt/intelFPGA/18.1/nios2eds/bin/gnu/H-x86_64-pc-linux-gnu/bin/../lib/gcc/nios2-elf/5.3.0/../../../../../H-x86_64-pc-linux-gnu/nios2-elf/lib/libc.a(lib_a-memcmp.o)
 .bss           0x0000000004009ba0        0x0 /opt/intelFPGA/18.1/nios2eds/bin/gnu/H-x86_64-pc-linux-gnu/bin/../lib/gcc/nios2-elf/5.3.0/../../../../../H-x86_64-pc-linux-gnu/nios2-elf/lib/libc.a(lib_a-putc.o)
 .bss           0x0000000004009ba0        0x0 /opt/intelFPGA/18.1/nios2eds/bin/gnu/H-x86_64-pc-linux-gnu/bin/../lib/gcc/nios2-elf/5.3.0/../../../../../H-x86_64-pc-linux-gnu/nios2-elf/lib/libc.a(lib_a-wbuf.o)
 .bss           0x0000000004009ba0        0x0 /opt/intelFPGA/18.1/nios2eds/bin/gnu/H-x86_64-pc-linux-gnu/bin/../lib/gcc/nios2-elf/5.3.0/../../../../../H-x86_64-pc-linux-gnu/nios2-elf/lib/libc.a(lib_a-__atexit.o)
 .bss           0x0000000004009ba0        0x0 /opt/intelFPGA/18.1/nios2eds/bin/gnu/H-x86_64-pc-linux-gnu/bin/../lib/gcc/nios2-elf/5.3.0/../../../../../H-x86_64-pc-linux-gnu/nios2-elf/lib/libc.a(lib_a-__call_atexit.o)
 .bss           0x0000000004009ba0        0x0 /home/vm/CyclonV_RTES_dev/counter_parallel_port/sw/nios/DE1_SoC_nios_sw_bsp//libhal_bsp.a(alt_exit.o)
 *(COMMON)
 COMMON         0x0000000004009ba0      0x100 /home/vm/CyclonV_RTES_dev/counter_parallel_port/sw/nios/DE1_SoC_nios_sw_bsp//libhal_bsp.a(alt_irq_handler.o)
                0x0000000004009ba0                alt_irq
                0x0000000004009ca0                . = ALIGN (0x4)
                0x0000000004009ca0                __bss_end = ABSOLUTE (.)

.sdram_controller_0
                0x0000000004009ca0        0x0
                [!provide]                        PROVIDE (_alt_partition_sdram_controller_0_start, ABSOLUTE (.))
 *(.sdram_controller_0 .sdram_controller_0. sdram_controller_0.*)
                0x0000000004009ca0                . = ALIGN (0x4)
                [!provide]                        PROVIDE (_alt_partition_sdram_controller_0_end, ABSOLUTE (.))
                0x0000000004009ca0                _end = ABSOLUTE (.)
                0x0000000004009ca0                end = ABSOLUTE (.)
                0x0000000004009ca0                __alt_stack_base = ABSOLUTE (.)
                [!provide]                        PROVIDE (_alt_partition_sdram_controller_0_load_addr, LOADADDR (.sdram_controller_0))

.stab
 *(.stab)

.stabstr
 *(.stabstr)

.stab.excl
 *(.stab.excl)

.stab.exclstr
 *(.stab.exclstr)

.stab.index
 *(.stab.index)

.stab.indexstr
 *(.stab.indexstr)

.comment        0x0000000000000000       0x23
 *(.comment)
 .comment       0x0000000000000000       0x23 obj/default/src/counter.o
                                         0x24 (size before relaxing)
 .comment       0x0000000000000023       0x24 obj/default/src/interrupts_measurment.o
 .comment       0x0000000000000023       0x24 obj/default/src/leds_service.o
 .comment       0x0000000000000023       0x24 obj/default/src/main.o
 .comment       0x0000000000000023       0x24 obj/default/src/parallel_port_test.o
 .comment       0x0000000000000023       0x24 /opt/intelFPGA/18.1/nios2eds/bin/gnu/H-x86_64-pc-linux-gnu/bin/../lib/gcc/nios2-elf/5.3.0/../../../../../H-x86_64-pc-linux-gnu/nios2-elf/lib/libc.a(lib_a-puts.o)
 .comment       0x0000000000000023       0x24 /opt/intelFPGA/18.1/nios2eds/bin/gnu/H-x86_64-pc-linux-gnu/bin/../lib/gcc/nios2-elf/5.3.0/../../../../../H-x86_64-pc-linux-gnu/nios2-elf/lib/libc.a(lib_a-strlen.o)
 .comment       0x0000000000000023       0x24 /opt/intelFPGA/18.1/nios2eds/bin/gnu/H-x86_64-pc-linux-gnu/bin/../lib/gcc/nios2-elf/5.3.0/../../../../../H-x86_64-pc-linux-gnu/nios2-elf/lib/libc.a(lib_a-findfp.o)
 .comment       0x0000000000000023       0x24 /opt/intelFPGA/18.1/nios2eds/bin/gnu/H-x86_64-pc-linux-gnu/bin/../lib/gcc/nios2-elf/5.3.0/../../../../../H-x86_64-pc-linux-gnu/nios2-elf/lib/libc.a(lib_a-fvwrite.o)
 .comment       0x0000000000000023       0x24 /opt/intelFPGA/18.1/nios2eds/bin/gnu/H-x86_64-pc-linux-gnu/bin/../lib/gcc/nios2-elf/5.3.0/../../../../../H-x86_64-pc-linux-gnu/nios2-elf/lib/libc.a(lib_a-fwalk.o)
 .comment       0x0000000000000023       0x24 /opt/intelFPGA/18.1/nios2eds/bin/gnu/H-x86_64-pc-linux-gnu/bin/../lib/gcc/nios2-elf/5.3.0/../../../../../H-x86_64-pc-linux-gnu/nios2-elf/lib/libc.a(lib_a-impure.o)
 .comment       0x0000000000000023       0x24 /opt/intelFPGA/18.1/nios2eds/bin/gnu/H-x86_64-pc-linux-gnu/bin/../lib/gcc/nios2-elf/5.3.0/../../../../../H-x86_64-pc-linux-gnu/nios2-elf/lib/libc.a(lib_a-mallocr.o)
 .comment       0x0000000000000023       0x24 /opt/intelFPGA/18.1/nios2eds/bin/gnu/H-x86_64-pc-linux-gnu/bin/../lib/gcc/nios2-elf/5.3.0/../../../../../H-x86_64-pc-linux-gnu/nios2-elf/lib/libc.a(lib_a-memchr.o)
 .comment       0x0000000000000023       0x24 /opt/intelFPGA/18.1/nios2eds/bin/gnu/H-x86_64-pc-linux-gnu/bin/../lib/gcc/nios2-elf/5.3.0/../../../../../H-x86_64-pc-linux-gnu/nios2-elf/lib/libc.a(lib_a-memcpy.o)
 .comment       0x0000000000000023       0x24 /opt/intelFPGA/18.1/nios2eds/bin/gnu/H-x86_64-pc-linux-gnu/bin/../lib/gcc/nios2-elf/5.3.0/../../../../../H-x86_64-pc-linux-gnu/nios2-elf/lib/libc.a(lib_a-memmove.o)
 .comment       0x0000000000000023       0x24 /opt/intelFPGA/18.1/nios2eds/bin/gnu/H-x86_64-pc-linux-gnu/bin/../lib/gcc/nios2-elf/5.3.0/../../../../../H-x86_64-pc-linux-gnu/nios2-elf/lib/libc.a(lib_a-memset.o)
 .comment       0x0000000000000023       0x24 /opt/intelFPGA/18.1/nios2eds/bin/gnu/H-x86_64-pc-linux-gnu/bin/../lib/gcc/nios2-elf/5.3.0/../../../../../H-x86_64-pc-linux-gnu/nios2-elf/lib/libc.a(lib_a-reallocr.o)
 .comment       0x0000000000000023       0x24 /opt/intelFPGA/18.1/nios2eds/bin/gnu/H-x86_64-pc-linux-gnu/bin/../lib/gcc/nios2-elf/5.3.0/../../../../../H-x86_64-pc-linux-gnu/nios2-elf/lib/libc.a(lib_a-sbrkr.o)
 .comment       0x0000000000000023       0x24 /opt/intelFPGA/18.1/nios2eds/bin/gnu/H-x86_64-pc-linux-gnu/bin/../lib/gcc/nios2-elf/5.3.0/../../../../../H-x86_64-pc-linux-gnu/nios2-elf/lib/libc.a(lib_a-stdio.o)
 .comment       0x0000000000000023       0x24 /opt/intelFPGA/18.1/nios2eds/bin/gnu/H-x86_64-pc-linux-gnu/bin/../lib/gcc/nios2-elf/5.3.0/../../../../../H-x86_64-pc-linux-gnu/nios2-elf/lib/libc.a(lib_a-writer.o)
 .comment       0x0000000000000023       0x24 /opt/intelFPGA/18.1/nios2eds/bin/gnu/H-x86_64-pc-linux-gnu/bin/../lib/gcc/nios2-elf/5.3.0/../../../../../H-x86_64-pc-linux-gnu/nios2-elf/lib/libc.a(lib_a-wsetup.o)
 .comment       0x0000000000000023       0x24 /opt/intelFPGA/18.1/nios2eds/bin/gnu/H-x86_64-pc-linux-gnu/bin/../lib/gcc/nios2-elf/5.3.0/../../../../../H-x86_64-pc-linux-gnu/nios2-elf/lib/libc.a(closer.o)
 .comment       0x0000000000000023       0x24 /opt/intelFPGA/18.1/nios2eds/bin/gnu/H-x86_64-pc-linux-gnu/bin/../lib/gcc/nios2-elf/5.3.0/../../../../../H-x86_64-pc-linux-gnu/nios2-elf/lib/libc.a(lib_a-fclose.o)
 .comment       0x0000000000000023       0x24 /opt/intelFPGA/18.1/nios2eds/bin/gnu/H-x86_64-pc-linux-gnu/bin/../lib/gcc/nios2-elf/5.3.0/../../../../../H-x86_64-pc-linux-gnu/nios2-elf/lib/libc.a(lib_a-fflush.o)
 .comment       0x0000000000000023       0x24 /opt/intelFPGA/18.1/nios2eds/bin/gnu/H-x86_64-pc-linux-gnu/bin/../lib/gcc/nios2-elf/5.3.0/../../../../../H-x86_64-pc-linux-gnu/nios2-elf/lib/libc.a(lib_a-freer.o)
 .comment       0x0000000000000023       0x24 /opt/intelFPGA/18.1/nios2eds/bin/gnu/H-x86_64-pc-linux-gnu/bin/../lib/gcc/nios2-elf/5.3.0/../../../../../H-x86_64-pc-linux-gnu/nios2-elf/lib/libc.a(lib_a-int_errno.o)
 .comment       0x0000000000000023       0x24 /opt/intelFPGA/18.1/nios2eds/bin/gnu/H-x86_64-pc-linux-gnu/bin/../lib/gcc/nios2-elf/5.3.0/../../../../../H-x86_64-pc-linux-gnu/nios2-elf/lib/libc.a(lib_a-lseekr.o)
 .comment       0x0000000000000023       0x24 /opt/intelFPGA/18.1/nios2eds/bin/gnu/H-x86_64-pc-linux-gnu/bin/../lib/gcc/nios2-elf/5.3.0/../../../../../H-x86_64-pc-linux-gnu/nios2-elf/lib/libc.a(lib_a-makebuf.o)
 .comment       0x0000000000000023       0x24 /opt/intelFPGA/18.1/nios2eds/bin/gnu/H-x86_64-pc-linux-gnu/bin/../lib/gcc/nios2-elf/5.3.0/../../../../../H-x86_64-pc-linux-gnu/nios2-elf/lib/libc.a(lib_a-readr.o)
 .comment       0x0000000000000023       0x24 /opt/intelFPGA/18.1/nios2eds/bin/gnu/H-x86_64-pc-linux-gnu/bin/../lib/gcc/nios2-elf/5.3.0/../../../../../H-x86_64-pc-linux-gnu/nios2-elf/lib/libc.a(lib_a-fstatr.o)
 .comment       0x0000000000000023       0x24 /opt/intelFPGA/18.1/nios2eds/bin/gnu/H-x86_64-pc-linux-gnu/bin/../lib/gcc/nios2-elf/5.3.0/../../../../../H-x86_64-pc-linux-gnu/nios2-elf/lib/libc.a(lib_a-isattyr.o)
 .comment       0x0000000000000023       0x24 /opt/intelFPGA/18.1/nios2eds/bin/gnu/H-x86_64-pc-linux-gnu/bin/../lib/gcc/nios2-elf/5.3.0/libgcc.a(lib2-divmod.o)
 .comment       0x0000000000000023       0x24 /home/vm/CyclonV_RTES_dev/counter_parallel_port/sw/nios/DE1_SoC_nios_sw_bsp//libhal_bsp.a(alt_close.o)
 .comment       0x0000000000000023       0x24 /home/vm/CyclonV_RTES_dev/counter_parallel_port/sw/nios/DE1_SoC_nios_sw_bsp//libhal_bsp.a(alt_dev.o)
 .comment       0x0000000000000023       0x24 /home/vm/CyclonV_RTES_dev/counter_parallel_port/sw/nios/DE1_SoC_nios_sw_bsp//libhal_bsp.a(alt_errno.o)
 .comment       0x0000000000000023       0x24 /home/vm/CyclonV_RTES_dev/counter_parallel_port/sw/nios/DE1_SoC_nios_sw_bsp//libhal_bsp.a(alt_fstat.o)
 .comment       0x0000000000000023       0x24 /home/vm/CyclonV_RTES_dev/counter_parallel_port/sw/nios/DE1_SoC_nios_sw_bsp//libhal_bsp.a(alt_iic.o)
 .comment       0x0000000000000023       0x24 /home/vm/CyclonV_RTES_dev/counter_parallel_port/sw/nios/DE1_SoC_nios_sw_bsp//libhal_bsp.a(alt_iic_isr_register.o)
 .comment       0x0000000000000023       0x24 /home/vm/CyclonV_RTES_dev/counter_parallel_port/sw/nios/DE1_SoC_nios_sw_bsp//libhal_bsp.a(alt_irq_handler.o)
 .comment       0x0000000000000023       0x24 /home/vm/CyclonV_RTES_dev/counter_parallel_port/sw/nios/DE1_SoC_nios_sw_bsp//libhal_bsp.a(alt_irq_vars.o)
 .comment       0x0000000000000023       0x24 /home/vm/CyclonV_RTES_dev/counter_parallel_port/sw/nios/DE1_SoC_nios_sw_bsp//libhal_bsp.a(alt_isatty.o)
 .comment       0x0000000000000023       0x24 /home/vm/CyclonV_RTES_dev/counter_parallel_port/sw/nios/DE1_SoC_nios_sw_bsp//libhal_bsp.a(alt_load.o)
 .comment       0x0000000000000023       0x24 /home/vm/CyclonV_RTES_dev/counter_parallel_port/sw/nios/DE1_SoC_nios_sw_bsp//libhal_bsp.a(alt_lseek.o)
 .comment       0x0000000000000023       0x24 /home/vm/CyclonV_RTES_dev/counter_parallel_port/sw/nios/DE1_SoC_nios_sw_bsp//libhal_bsp.a(alt_main.o)
 .comment       0x0000000000000023       0x24 /home/vm/CyclonV_RTES_dev/counter_parallel_port/sw/nios/DE1_SoC_nios_sw_bsp//libhal_bsp.a(alt_malloc_lock.o)
 .comment       0x0000000000000023       0x24 /home/vm/CyclonV_RTES_dev/counter_parallel_port/sw/nios/DE1_SoC_nios_sw_bsp//libhal_bsp.a(alt_printf.o)
 .comment       0x0000000000000023       0x24 /home/vm/CyclonV_RTES_dev/counter_parallel_port/sw/nios/DE1_SoC_nios_sw_bsp//libhal_bsp.a(alt_putchar.o)
 .comment       0x0000000000000023       0x24 /home/vm/CyclonV_RTES_dev/counter_parallel_port/sw/nios/DE1_SoC_nios_sw_bsp//libhal_bsp.a(alt_read.o)
 .comment       0x0000000000000023       0x24 /home/vm/CyclonV_RTES_dev/counter_parallel_port/sw/nios/DE1_SoC_nios_sw_bsp//libhal_bsp.a(alt_release_fd.o)
 .comment       0x0000000000000023       0x24 /home/vm/CyclonV_RTES_dev/counter_parallel_port/sw/nios/DE1_SoC_nios_sw_bsp//libhal_bsp.a(alt_sbrk.o)
 .comment       0x0000000000000023       0x24 /home/vm/CyclonV_RTES_dev/counter_parallel_port/sw/nios/DE1_SoC_nios_sw_bsp//libhal_bsp.a(alt_usleep.o)
 .comment       0x0000000000000023       0x24 /home/vm/CyclonV_RTES_dev/counter_parallel_port/sw/nios/DE1_SoC_nios_sw_bsp//libhal_bsp.a(alt_write.o)
 .comment       0x0000000000000023       0x24 /home/vm/CyclonV_RTES_dev/counter_parallel_port/sw/nios/DE1_SoC_nios_sw_bsp//libhal_bsp.a(alt_sys_init.o)
 .comment       0x0000000000000023       0x24 /home/vm/CyclonV_RTES_dev/counter_parallel_port/sw/nios/DE1_SoC_nios_sw_bsp//libhal_bsp.a(altera_avalon_jtag_uart_fd.o)
 .comment       0x0000000000000023       0x24 /home/vm/CyclonV_RTES_dev/counter_parallel_port/sw/nios/DE1_SoC_nios_sw_bsp//libhal_bsp.a(altera_avalon_jtag_uart_init.o)
 .comment       0x0000000000000023       0x24 /home/vm/CyclonV_RTES_dev/counter_parallel_port/sw/nios/DE1_SoC_nios_sw_bsp//libhal_bsp.a(altera_avalon_jtag_uart_ioctl.o)
 .comment       0x0000000000000023       0x24 /home/vm/CyclonV_RTES_dev/counter_parallel_port/sw/nios/DE1_SoC_nios_sw_bsp//libhal_bsp.a(altera_avalon_jtag_uart_read.o)
 .comment       0x0000000000000023       0x24 /home/vm/CyclonV_RTES_dev/counter_parallel_port/sw/nios/DE1_SoC_nios_sw_bsp//libhal_bsp.a(altera_avalon_jtag_uart_write.o)
 .comment       0x0000000000000023       0x24 /home/vm/CyclonV_RTES_dev/counter_parallel_port/sw/nios/DE1_SoC_nios_sw_bsp//libhal_bsp.a(altera_avalon_timer_sc.o)
 .comment       0x0000000000000023       0x24 /home/vm/CyclonV_RTES_dev/counter_parallel_port/sw/nios/DE1_SoC_nios_sw_bsp//libhal_bsp.a(alt_alarm_start.o)
 .comment       0x0000000000000023       0x24 /home/vm/CyclonV_RTES_dev/counter_parallel_port/sw/nios/DE1_SoC_nios_sw_bsp//libhal_bsp.a(alt_busy_sleep.o)
 .comment       0x0000000000000023       0x24 /home/vm/CyclonV_RTES_dev/counter_parallel_port/sw/nios/DE1_SoC_nios_sw_bsp//libhal_bsp.a(alt_dcache_flush_all.o)
 .comment       0x0000000000000023       0x24 /home/vm/CyclonV_RTES_dev/counter_parallel_port/sw/nios/DE1_SoC_nios_sw_bsp//libhal_bsp.a(alt_dev_llist_insert.o)
 .comment       0x0000000000000023       0x24 /home/vm/CyclonV_RTES_dev/counter_parallel_port/sw/nios/DE1_SoC_nios_sw_bsp//libhal_bsp.a(alt_do_ctors.o)
 .comment       0x0000000000000023       0x24 /home/vm/CyclonV_RTES_dev/counter_parallel_port/sw/nios/DE1_SoC_nios_sw_bsp//libhal_bsp.a(alt_do_dtors.o)
 .comment       0x0000000000000023       0x24 /home/vm/CyclonV_RTES_dev/counter_parallel_port/sw/nios/DE1_SoC_nios_sw_bsp//libhal_bsp.a(alt_icache_flush_all.o)